
Allocating common symbols
Common symbol       size              file

start_t             0x4               /tmp/cco6uCmv.o

Memory Configuration

Name             Origin             Length             Attributes
FLASH            0x0000000000050000 0x0000000000100000 xr
RAM              0x0000000000000000 0x0000000000002000 xrw
*default*        0x0000000000000000 0xffffffffffffffff

Linker script and memory map


.text           0x0000000000050000      0x1dc
                0x0000000000050000                . = ALIGN (0x4)
 *(.text)
 .text          0x0000000000050000      0x16a /tmp/cc85TrjU.o
 .text          0x000000000005016a       0x70 /tmp/cco6uCmv.o
                0x000000000005016a                set_irq_mask
                0x0000000000050170                main
 *(.text*)
 *(.rodata)
 *(.rodata*)
 *(.srodata)
 *(.srodata*)
 *(.eh_frame)
 *(.eh_frame*)
                0x00000000000501dc                . = ALIGN (0x4)
 *fill*         0x00000000000501da        0x2 
                0x00000000000501dc                _etext = .
                0x00000000000501dc                _sidata = _etext

.rela.dyn       0x00000000000501dc        0x0
 .rela.text     0x00000000000501dc        0x0 /tmp/cc85TrjU.o

.data           0x0000000000000000       0x14 load address 0x00000000000501dc
                0x0000000000000000                . = ALIGN (0x4)
                0x0000000000000000                _sdata = .
                0x0000000000000000                _ram_start = .
 *(.data)
 .data          0x0000000000000000       0x14 /tmp/cc85TrjU.o
 .data          0x0000000000000014        0x0 /tmp/cco6uCmv.o
 *(.data*)
 *(.sdata)
 *(.sdata*)
 *(.init_array)
 *(.init_array*)
                0x0000000000000014                . = ALIGN (0x4)
                0x0000000000000014                _edata = .

.bss            0x0000000000000014        0x4 load address 0x00000000000501f0
                0x0000000000000014                . = ALIGN (0x4)
                0x0000000000000014                _sbss = .
 *(.bss)
 .bss           0x0000000000000014        0x0 /tmp/cc85TrjU.o
 .bss           0x0000000000000014        0x0 /tmp/cco6uCmv.o
 *(.bss*)
 *(.sbss)
 *(.sbss*)
 *(COMMON)
 COMMON         0x0000000000000014        0x4 /tmp/cco6uCmv.o
                0x0000000000000014                start_t
                0x0000000000000018                . = ALIGN (0x4)
                0x0000000000000018                _ebss = .

.heap           0x0000000000000018        0x0
                0x0000000000000018                . = ALIGN (0x4)
                0x0000000000000018                _heap_start = .
LOAD /tmp/cc85TrjU.o
LOAD /tmp/cco6uCmv.o
OUTPUT(firmware.elf elf32-littleriscv)

.comment        0x0000000000000000       0x11
 .comment       0x0000000000000000       0x11 /tmp/cco6uCmv.o
                                         0x12 (size before relaxing)

Cross Reference Table

Symbol                                            File
_ebss                                             /tmp/cco6uCmv.o
_sbss                                             /tmp/cco6uCmv.o
debug                                             /tmp/cc85TrjU.o
main                                              /tmp/cco6uCmv.o
                                                  /tmp/cc85TrjU.o
set_irq_mask                                      /tmp/cco6uCmv.o
start_t                                           /tmp/cco6uCmv.o
