Archive member included to satisfy reference by file (symbol)

/opt/riscv32i/lib/gcc/riscv32-unknown-elf/8.2.0/../../../../riscv32-unknown-elf/lib/libm.a(lib_a-s_cos.o)
                              /tmp/ccOsdYLI.o (cos)
/opt/riscv32i/lib/gcc/riscv32-unknown-elf/8.2.0/../../../../riscv32-unknown-elf/lib/libm.a(lib_a-s_sin.o)
                              /tmp/ccOsdYLI.o (sin)
/opt/riscv32i/lib/gcc/riscv32-unknown-elf/8.2.0/../../../../riscv32-unknown-elf/lib/libm.a(lib_a-w_pow.o)
                              /tmp/ccOsdYLI.o (pow)
/opt/riscv32i/lib/gcc/riscv32-unknown-elf/8.2.0/../../../../riscv32-unknown-elf/lib/libm.a(lib_a-e_pow.o)
                              /opt/riscv32i/lib/gcc/riscv32-unknown-elf/8.2.0/../../../../riscv32-unknown-elf/lib/libm.a(lib_a-w_pow.o) (__ieee754_pow)
/opt/riscv32i/lib/gcc/riscv32-unknown-elf/8.2.0/../../../../riscv32-unknown-elf/lib/libm.a(lib_a-e_rem_pio2.o)
                              /opt/riscv32i/lib/gcc/riscv32-unknown-elf/8.2.0/../../../../riscv32-unknown-elf/lib/libm.a(lib_a-s_cos.o) (__ieee754_rem_pio2)
/opt/riscv32i/lib/gcc/riscv32-unknown-elf/8.2.0/../../../../riscv32-unknown-elf/lib/libm.a(lib_a-e_sqrt.o)
                              /opt/riscv32i/lib/gcc/riscv32-unknown-elf/8.2.0/../../../../riscv32-unknown-elf/lib/libm.a(lib_a-e_pow.o) (__ieee754_sqrt)
/opt/riscv32i/lib/gcc/riscv32-unknown-elf/8.2.0/../../../../riscv32-unknown-elf/lib/libm.a(lib_a-k_cos.o)
                              /opt/riscv32i/lib/gcc/riscv32-unknown-elf/8.2.0/../../../../riscv32-unknown-elf/lib/libm.a(lib_a-s_cos.o) (__kernel_cos)
/opt/riscv32i/lib/gcc/riscv32-unknown-elf/8.2.0/../../../../riscv32-unknown-elf/lib/libm.a(lib_a-k_rem_pio2.o)
                              /opt/riscv32i/lib/gcc/riscv32-unknown-elf/8.2.0/../../../../riscv32-unknown-elf/lib/libm.a(lib_a-e_rem_pio2.o) (__kernel_rem_pio2)
/opt/riscv32i/lib/gcc/riscv32-unknown-elf/8.2.0/../../../../riscv32-unknown-elf/lib/libm.a(lib_a-k_sin.o)
                              /opt/riscv32i/lib/gcc/riscv32-unknown-elf/8.2.0/../../../../riscv32-unknown-elf/lib/libm.a(lib_a-s_cos.o) (__kernel_sin)
/opt/riscv32i/lib/gcc/riscv32-unknown-elf/8.2.0/../../../../riscv32-unknown-elf/lib/libm.a(lib_a-s_fabs.o)
                              /opt/riscv32i/lib/gcc/riscv32-unknown-elf/8.2.0/../../../../riscv32-unknown-elf/lib/libm.a(lib_a-e_pow.o) (fabs)
/opt/riscv32i/lib/gcc/riscv32-unknown-elf/8.2.0/../../../../riscv32-unknown-elf/lib/libm.a(lib_a-s_finite.o)
                              /opt/riscv32i/lib/gcc/riscv32-unknown-elf/8.2.0/../../../../riscv32-unknown-elf/lib/libm.a(lib_a-w_pow.o) (finite)
/opt/riscv32i/lib/gcc/riscv32-unknown-elf/8.2.0/../../../../riscv32-unknown-elf/lib/libm.a(lib_a-s_floor.o)
                              /opt/riscv32i/lib/gcc/riscv32-unknown-elf/8.2.0/../../../../riscv32-unknown-elf/lib/libm.a(lib_a-k_rem_pio2.o) (floor)
/opt/riscv32i/lib/gcc/riscv32-unknown-elf/8.2.0/../../../../riscv32-unknown-elf/lib/libm.a(lib_a-s_lib_ver.o)
                              /opt/riscv32i/lib/gcc/riscv32-unknown-elf/8.2.0/../../../../riscv32-unknown-elf/lib/libm.a(lib_a-w_pow.o) (__fdlib_version)
/opt/riscv32i/lib/gcc/riscv32-unknown-elf/8.2.0/../../../../riscv32-unknown-elf/lib/libm.a(lib_a-s_matherr.o)
                              /opt/riscv32i/lib/gcc/riscv32-unknown-elf/8.2.0/../../../../riscv32-unknown-elf/lib/libm.a(lib_a-w_pow.o) (matherr)
/opt/riscv32i/lib/gcc/riscv32-unknown-elf/8.2.0/../../../../riscv32-unknown-elf/lib/libm.a(lib_a-s_nan.o)
                              /opt/riscv32i/lib/gcc/riscv32-unknown-elf/8.2.0/../../../../riscv32-unknown-elf/lib/libm.a(lib_a-e_pow.o) (nan)
/opt/riscv32i/lib/gcc/riscv32-unknown-elf/8.2.0/../../../../riscv32-unknown-elf/lib/libm.a(lib_a-s_rint.o)
                              /opt/riscv32i/lib/gcc/riscv32-unknown-elf/8.2.0/../../../../riscv32-unknown-elf/lib/libm.a(lib_a-w_pow.o) (rint)
/opt/riscv32i/lib/gcc/riscv32-unknown-elf/8.2.0/../../../../riscv32-unknown-elf/lib/libm.a(lib_a-s_scalbn.o)
                              /opt/riscv32i/lib/gcc/riscv32-unknown-elf/8.2.0/../../../../riscv32-unknown-elf/lib/libm.a(lib_a-e_pow.o) (scalbn)
/opt/riscv32i/lib/gcc/riscv32-unknown-elf/8.2.0/../../../../riscv32-unknown-elf/lib/libm.a(lib_a-s_copysign.o)
                              /opt/riscv32i/lib/gcc/riscv32-unknown-elf/8.2.0/../../../../riscv32-unknown-elf/lib/libm.a(lib_a-s_scalbn.o) (copysign)
/opt/riscv32i/lib/gcc/riscv32-unknown-elf/8.2.0/libgcc.a(adddf3.o)
                              /tmp/ccOsdYLI.o (__adddf3)
/opt/riscv32i/lib/gcc/riscv32-unknown-elf/8.2.0/libgcc.a(divdf3.o)
                              /tmp/ccOsdYLI.o (__divdf3)
/opt/riscv32i/lib/gcc/riscv32-unknown-elf/8.2.0/libgcc.a(eqdf2.o)
                              /opt/riscv32i/lib/gcc/riscv32-unknown-elf/8.2.0/../../../../riscv32-unknown-elf/lib/libm.a(lib_a-w_pow.o) (__eqdf2)
/opt/riscv32i/lib/gcc/riscv32-unknown-elf/8.2.0/libgcc.a(gedf2.o)
                              /opt/riscv32i/lib/gcc/riscv32-unknown-elf/8.2.0/../../../../riscv32-unknown-elf/lib/libm.a(lib_a-e_pow.o) (__gedf2)
/opt/riscv32i/lib/gcc/riscv32-unknown-elf/8.2.0/libgcc.a(ledf2.o)
                              /tmp/ccOsdYLI.o (__ltdf2)
/opt/riscv32i/lib/gcc/riscv32-unknown-elf/8.2.0/libgcc.a(muldf3.o)
                              /tmp/ccOsdYLI.o (__muldf3)
/opt/riscv32i/lib/gcc/riscv32-unknown-elf/8.2.0/libgcc.a(subdf3.o)
                              /tmp/ccOsdYLI.o (__subdf3)
/opt/riscv32i/lib/gcc/riscv32-unknown-elf/8.2.0/libgcc.a(unorddf2.o)
                              /opt/riscv32i/lib/gcc/riscv32-unknown-elf/8.2.0/../../../../riscv32-unknown-elf/lib/libm.a(lib_a-w_pow.o) (__unorddf2)
/opt/riscv32i/lib/gcc/riscv32-unknown-elf/8.2.0/libgcc.a(fixdfsi.o)
                              /opt/riscv32i/lib/gcc/riscv32-unknown-elf/8.2.0/../../../../riscv32-unknown-elf/lib/libm.a(lib_a-e_rem_pio2.o) (__fixdfsi)
/opt/riscv32i/lib/gcc/riscv32-unknown-elf/8.2.0/libgcc.a(floatsidf.o)
                              /tmp/ccOsdYLI.o (__floatsidf)
/opt/riscv32i/lib/gcc/riscv32-unknown-elf/8.2.0/libgcc.a(addsf3.o)
                              /tmp/ccOsdYLI.o (__addsf3)
/opt/riscv32i/lib/gcc/riscv32-unknown-elf/8.2.0/libgcc.a(divsf3.o)
                              /tmp/ccOsdYLI.o (__divsf3)
/opt/riscv32i/lib/gcc/riscv32-unknown-elf/8.2.0/libgcc.a(lesf2.o)
                              /tmp/ccOsdYLI.o (__ltsf2)
/opt/riscv32i/lib/gcc/riscv32-unknown-elf/8.2.0/libgcc.a(mulsf3.o)
                              /tmp/ccOsdYLI.o (__mulsf3)
/opt/riscv32i/lib/gcc/riscv32-unknown-elf/8.2.0/libgcc.a(subsf3.o)
                              /tmp/ccOsdYLI.o (__subsf3)
/opt/riscv32i/lib/gcc/riscv32-unknown-elf/8.2.0/libgcc.a(fixsfsi.o)
                              /tmp/ccOsdYLI.o (__fixsfsi)
/opt/riscv32i/lib/gcc/riscv32-unknown-elf/8.2.0/libgcc.a(floatsisf.o)
                              /tmp/ccOsdYLI.o (__floatsisf)
/opt/riscv32i/lib/gcc/riscv32-unknown-elf/8.2.0/libgcc.a(floatunsisf.o)
                              /tmp/ccOsdYLI.o (__floatunsisf)
/opt/riscv32i/lib/gcc/riscv32-unknown-elf/8.2.0/libgcc.a(extendsfdf2.o)
                              /tmp/ccOsdYLI.o (__extendsfdf2)
/opt/riscv32i/lib/gcc/riscv32-unknown-elf/8.2.0/libgcc.a(truncdfsf2.o)
                              /tmp/ccOsdYLI.o (__truncdfsf2)
/opt/riscv32i/lib/gcc/riscv32-unknown-elf/8.2.0/libgcc.a(muldi3.o)
                              /opt/riscv32i/lib/gcc/riscv32-unknown-elf/8.2.0/libgcc.a(divdf3.o) (__mulsi3)
/opt/riscv32i/lib/gcc/riscv32-unknown-elf/8.2.0/libgcc.a(div.o)
                              /opt/riscv32i/lib/gcc/riscv32-unknown-elf/8.2.0/../../../../riscv32-unknown-elf/lib/libm.a(lib_a-k_rem_pio2.o) (__divsi3)
/opt/riscv32i/lib/gcc/riscv32-unknown-elf/8.2.0/libgcc.a(_clzsi2.o)
                              /opt/riscv32i/lib/gcc/riscv32-unknown-elf/8.2.0/libgcc.a(adddf3.o) (__clzsi2)
/opt/riscv32i/lib/gcc/riscv32-unknown-elf/8.2.0/libgcc.a(_clz.o)
                              /opt/riscv32i/lib/gcc/riscv32-unknown-elf/8.2.0/libgcc.a(_clzsi2.o) (__clz_tab)
/opt/riscv32i/lib/gcc/riscv32-unknown-elf/8.2.0/../../../../riscv32-unknown-elf/lib/libc.a(lib_a-errno.o)
                              /opt/riscv32i/lib/gcc/riscv32-unknown-elf/8.2.0/../../../../riscv32-unknown-elf/lib/libm.a(lib_a-w_pow.o) (__errno)
/opt/riscv32i/lib/gcc/riscv32-unknown-elf/8.2.0/../../../../riscv32-unknown-elf/lib/libc.a(lib_a-impure.o)
                              /opt/riscv32i/lib/gcc/riscv32-unknown-elf/8.2.0/../../../../riscv32-unknown-elf/lib/libc.a(lib_a-errno.o) (_impure_ptr)

Allocating common symbols
Common symbol       size              file

arr                 0x320             /tmp/ccOsdYLI.o
errorsDerArray      0x28              /tmp/ccOsdYLI.o
clockA              0x4               /tmp/ccOsdYLI.o
timeToPrint         0x4               /tmp/ccOsdYLI.o
errorsIzqArray      0x28              /tmp/ccOsdYLI.o

Discarded input sections

 .debug_info    0x0000000000000000      0x5a5 /opt/riscv32i/lib/gcc/riscv32-unknown-elf/8.2.0/libgcc.a(adddf3.o)
 .debug_abbrev  0x0000000000000000      0x196 /opt/riscv32i/lib/gcc/riscv32-unknown-elf/8.2.0/libgcc.a(adddf3.o)
 .debug_loc     0x0000000000000000     0x1207 /opt/riscv32i/lib/gcc/riscv32-unknown-elf/8.2.0/libgcc.a(adddf3.o)
 .debug_aranges
                0x0000000000000000       0x20 /opt/riscv32i/lib/gcc/riscv32-unknown-elf/8.2.0/libgcc.a(adddf3.o)
 .debug_ranges  0x0000000000000000      0x210 /opt/riscv32i/lib/gcc/riscv32-unknown-elf/8.2.0/libgcc.a(adddf3.o)
 .debug_line    0x0000000000000000      0xef2 /opt/riscv32i/lib/gcc/riscv32-unknown-elf/8.2.0/libgcc.a(adddf3.o)
 .debug_str     0x0000000000000000      0x31c /opt/riscv32i/lib/gcc/riscv32-unknown-elf/8.2.0/libgcc.a(adddf3.o)
 .debug_frame   0x0000000000000000       0x44 /opt/riscv32i/lib/gcc/riscv32-unknown-elf/8.2.0/libgcc.a(adddf3.o)
 .debug_info    0x0000000000000000      0x87c /opt/riscv32i/lib/gcc/riscv32-unknown-elf/8.2.0/libgcc.a(divdf3.o)
 .debug_abbrev  0x0000000000000000      0x1a1 /opt/riscv32i/lib/gcc/riscv32-unknown-elf/8.2.0/libgcc.a(divdf3.o)
 .debug_loc     0x0000000000000000     0x1130 /opt/riscv32i/lib/gcc/riscv32-unknown-elf/8.2.0/libgcc.a(divdf3.o)
 .debug_aranges
                0x0000000000000000       0x20 /opt/riscv32i/lib/gcc/riscv32-unknown-elf/8.2.0/libgcc.a(divdf3.o)
 .debug_ranges  0x0000000000000000      0x180 /opt/riscv32i/lib/gcc/riscv32-unknown-elf/8.2.0/libgcc.a(divdf3.o)
 .debug_line    0x0000000000000000      0xf6d /opt/riscv32i/lib/gcc/riscv32-unknown-elf/8.2.0/libgcc.a(divdf3.o)
 .debug_str     0x0000000000000000      0x3ea /opt/riscv32i/lib/gcc/riscv32-unknown-elf/8.2.0/libgcc.a(divdf3.o)
 .debug_frame   0x0000000000000000       0x64 /opt/riscv32i/lib/gcc/riscv32-unknown-elf/8.2.0/libgcc.a(divdf3.o)
 .debug_info    0x0000000000000000      0x288 /opt/riscv32i/lib/gcc/riscv32-unknown-elf/8.2.0/libgcc.a(eqdf2.o)
 .debug_abbrev  0x0000000000000000      0x186 /opt/riscv32i/lib/gcc/riscv32-unknown-elf/8.2.0/libgcc.a(eqdf2.o)
 .debug_loc     0x0000000000000000       0xa4 /opt/riscv32i/lib/gcc/riscv32-unknown-elf/8.2.0/libgcc.a(eqdf2.o)
 .debug_aranges
                0x0000000000000000       0x20 /opt/riscv32i/lib/gcc/riscv32-unknown-elf/8.2.0/libgcc.a(eqdf2.o)
 .debug_ranges  0x0000000000000000       0x48 /opt/riscv32i/lib/gcc/riscv32-unknown-elf/8.2.0/libgcc.a(eqdf2.o)
 .debug_line    0x0000000000000000      0x25c /opt/riscv32i/lib/gcc/riscv32-unknown-elf/8.2.0/libgcc.a(eqdf2.o)
 .debug_str     0x0000000000000000      0x236 /opt/riscv32i/lib/gcc/riscv32-unknown-elf/8.2.0/libgcc.a(eqdf2.o)
 .debug_frame   0x0000000000000000       0x20 /opt/riscv32i/lib/gcc/riscv32-unknown-elf/8.2.0/libgcc.a(eqdf2.o)
 .debug_info    0x0000000000000000      0x284 /opt/riscv32i/lib/gcc/riscv32-unknown-elf/8.2.0/libgcc.a(gedf2.o)
 .debug_abbrev  0x0000000000000000      0x188 /opt/riscv32i/lib/gcc/riscv32-unknown-elf/8.2.0/libgcc.a(gedf2.o)
 .debug_loc     0x0000000000000000       0xec /opt/riscv32i/lib/gcc/riscv32-unknown-elf/8.2.0/libgcc.a(gedf2.o)
 .debug_aranges
                0x0000000000000000       0x20 /opt/riscv32i/lib/gcc/riscv32-unknown-elf/8.2.0/libgcc.a(gedf2.o)
 .debug_ranges  0x0000000000000000       0x68 /opt/riscv32i/lib/gcc/riscv32-unknown-elf/8.2.0/libgcc.a(gedf2.o)
 .debug_line    0x0000000000000000      0x2f5 /opt/riscv32i/lib/gcc/riscv32-unknown-elf/8.2.0/libgcc.a(gedf2.o)
 .debug_str     0x0000000000000000      0x25a /opt/riscv32i/lib/gcc/riscv32-unknown-elf/8.2.0/libgcc.a(gedf2.o)
 .debug_frame   0x0000000000000000       0x20 /opt/riscv32i/lib/gcc/riscv32-unknown-elf/8.2.0/libgcc.a(gedf2.o)
 .debug_info    0x0000000000000000      0x284 /opt/riscv32i/lib/gcc/riscv32-unknown-elf/8.2.0/libgcc.a(ledf2.o)
 .debug_abbrev  0x0000000000000000      0x188 /opt/riscv32i/lib/gcc/riscv32-unknown-elf/8.2.0/libgcc.a(ledf2.o)
 .debug_loc     0x0000000000000000       0xec /opt/riscv32i/lib/gcc/riscv32-unknown-elf/8.2.0/libgcc.a(ledf2.o)
 .debug_aranges
                0x0000000000000000       0x20 /opt/riscv32i/lib/gcc/riscv32-unknown-elf/8.2.0/libgcc.a(ledf2.o)
 .debug_ranges  0x0000000000000000       0x68 /opt/riscv32i/lib/gcc/riscv32-unknown-elf/8.2.0/libgcc.a(ledf2.o)
 .debug_line    0x0000000000000000      0x2f5 /opt/riscv32i/lib/gcc/riscv32-unknown-elf/8.2.0/libgcc.a(ledf2.o)
 .debug_str     0x0000000000000000      0x25a /opt/riscv32i/lib/gcc/riscv32-unknown-elf/8.2.0/libgcc.a(ledf2.o)
 .debug_frame   0x0000000000000000       0x20 /opt/riscv32i/lib/gcc/riscv32-unknown-elf/8.2.0/libgcc.a(ledf2.o)
 .debug_info    0x0000000000000000      0x9f0 /opt/riscv32i/lib/gcc/riscv32-unknown-elf/8.2.0/libgcc.a(muldf3.o)
 .debug_abbrev  0x0000000000000000      0x1a8 /opt/riscv32i/lib/gcc/riscv32-unknown-elf/8.2.0/libgcc.a(muldf3.o)
 .debug_loc     0x0000000000000000      0xee4 /opt/riscv32i/lib/gcc/riscv32-unknown-elf/8.2.0/libgcc.a(muldf3.o)
 .debug_aranges
                0x0000000000000000       0x20 /opt/riscv32i/lib/gcc/riscv32-unknown-elf/8.2.0/libgcc.a(muldf3.o)
 .debug_ranges  0x0000000000000000      0x1f8 /opt/riscv32i/lib/gcc/riscv32-unknown-elf/8.2.0/libgcc.a(muldf3.o)
 .debug_line    0x0000000000000000      0xe8a /opt/riscv32i/lib/gcc/riscv32-unknown-elf/8.2.0/libgcc.a(muldf3.o)
 .debug_str     0x0000000000000000      0x442 /opt/riscv32i/lib/gcc/riscv32-unknown-elf/8.2.0/libgcc.a(muldf3.o)
 .debug_frame   0x0000000000000000       0x54 /opt/riscv32i/lib/gcc/riscv32-unknown-elf/8.2.0/libgcc.a(muldf3.o)
 .debug_info    0x0000000000000000      0x5a5 /opt/riscv32i/lib/gcc/riscv32-unknown-elf/8.2.0/libgcc.a(subdf3.o)
 .debug_abbrev  0x0000000000000000      0x196 /opt/riscv32i/lib/gcc/riscv32-unknown-elf/8.2.0/libgcc.a(subdf3.o)
 .debug_loc     0x0000000000000000     0x1221 /opt/riscv32i/lib/gcc/riscv32-unknown-elf/8.2.0/libgcc.a(subdf3.o)
 .debug_aranges
                0x0000000000000000       0x20 /opt/riscv32i/lib/gcc/riscv32-unknown-elf/8.2.0/libgcc.a(subdf3.o)
 .debug_ranges  0x0000000000000000      0x1e8 /opt/riscv32i/lib/gcc/riscv32-unknown-elf/8.2.0/libgcc.a(subdf3.o)
 .debug_line    0x0000000000000000      0xf2f /opt/riscv32i/lib/gcc/riscv32-unknown-elf/8.2.0/libgcc.a(subdf3.o)
 .debug_str     0x0000000000000000      0x31c /opt/riscv32i/lib/gcc/riscv32-unknown-elf/8.2.0/libgcc.a(subdf3.o)
 .debug_frame   0x0000000000000000       0x44 /opt/riscv32i/lib/gcc/riscv32-unknown-elf/8.2.0/libgcc.a(subdf3.o)
 .debug_info    0x0000000000000000      0x289 /opt/riscv32i/lib/gcc/riscv32-unknown-elf/8.2.0/libgcc.a(unorddf2.o)
 .debug_abbrev  0x0000000000000000      0x1a2 /opt/riscv32i/lib/gcc/riscv32-unknown-elf/8.2.0/libgcc.a(unorddf2.o)
 .debug_loc     0x0000000000000000       0x8c /opt/riscv32i/lib/gcc/riscv32-unknown-elf/8.2.0/libgcc.a(unorddf2.o)
 .debug_aranges
                0x0000000000000000       0x20 /opt/riscv32i/lib/gcc/riscv32-unknown-elf/8.2.0/libgcc.a(unorddf2.o)
 .debug_ranges  0x0000000000000000       0x20 /opt/riscv32i/lib/gcc/riscv32-unknown-elf/8.2.0/libgcc.a(unorddf2.o)
 .debug_line    0x0000000000000000      0x1c5 /opt/riscv32i/lib/gcc/riscv32-unknown-elf/8.2.0/libgcc.a(unorddf2.o)
 .debug_str     0x0000000000000000      0x23c /opt/riscv32i/lib/gcc/riscv32-unknown-elf/8.2.0/libgcc.a(unorddf2.o)
 .debug_frame   0x0000000000000000       0x20 /opt/riscv32i/lib/gcc/riscv32-unknown-elf/8.2.0/libgcc.a(unorddf2.o)
 .debug_info    0x0000000000000000      0x217 /opt/riscv32i/lib/gcc/riscv32-unknown-elf/8.2.0/libgcc.a(fixdfsi.o)
 .debug_abbrev  0x0000000000000000      0x18a /opt/riscv32i/lib/gcc/riscv32-unknown-elf/8.2.0/libgcc.a(fixdfsi.o)
 .debug_loc     0x0000000000000000      0x16d /opt/riscv32i/lib/gcc/riscv32-unknown-elf/8.2.0/libgcc.a(fixdfsi.o)
 .debug_aranges
                0x0000000000000000       0x20 /opt/riscv32i/lib/gcc/riscv32-unknown-elf/8.2.0/libgcc.a(fixdfsi.o)
 .debug_ranges  0x0000000000000000       0x18 /opt/riscv32i/lib/gcc/riscv32-unknown-elf/8.2.0/libgcc.a(fixdfsi.o)
 .debug_line    0x0000000000000000      0x219 /opt/riscv32i/lib/gcc/riscv32-unknown-elf/8.2.0/libgcc.a(fixdfsi.o)
 .debug_str     0x0000000000000000      0x233 /opt/riscv32i/lib/gcc/riscv32-unknown-elf/8.2.0/libgcc.a(fixdfsi.o)
 .debug_frame   0x0000000000000000       0x20 /opt/riscv32i/lib/gcc/riscv32-unknown-elf/8.2.0/libgcc.a(fixdfsi.o)
 .debug_info    0x0000000000000000      0x2bc /opt/riscv32i/lib/gcc/riscv32-unknown-elf/8.2.0/libgcc.a(floatsidf.o)
 .debug_abbrev  0x0000000000000000      0x178 /opt/riscv32i/lib/gcc/riscv32-unknown-elf/8.2.0/libgcc.a(floatsidf.o)
 .debug_loc     0x0000000000000000      0x14e /opt/riscv32i/lib/gcc/riscv32-unknown-elf/8.2.0/libgcc.a(floatsidf.o)
 .debug_aranges
                0x0000000000000000       0x20 /opt/riscv32i/lib/gcc/riscv32-unknown-elf/8.2.0/libgcc.a(floatsidf.o)
 .debug_ranges  0x0000000000000000       0x68 /opt/riscv32i/lib/gcc/riscv32-unknown-elf/8.2.0/libgcc.a(floatsidf.o)
 .debug_line    0x0000000000000000      0x229 /opt/riscv32i/lib/gcc/riscv32-unknown-elf/8.2.0/libgcc.a(floatsidf.o)
 .debug_str     0x0000000000000000      0x2c9 /opt/riscv32i/lib/gcc/riscv32-unknown-elf/8.2.0/libgcc.a(floatsidf.o)
 .debug_frame   0x0000000000000000       0x38 /opt/riscv32i/lib/gcc/riscv32-unknown-elf/8.2.0/libgcc.a(floatsidf.o)
 .debug_info    0x0000000000000000      0x351 /opt/riscv32i/lib/gcc/riscv32-unknown-elf/8.2.0/libgcc.a(addsf3.o)
 .debug_abbrev  0x0000000000000000      0x191 /opt/riscv32i/lib/gcc/riscv32-unknown-elf/8.2.0/libgcc.a(addsf3.o)
 .debug_loc     0x0000000000000000      0x83c /opt/riscv32i/lib/gcc/riscv32-unknown-elf/8.2.0/libgcc.a(addsf3.o)
 .debug_aranges
                0x0000000000000000       0x20 /opt/riscv32i/lib/gcc/riscv32-unknown-elf/8.2.0/libgcc.a(addsf3.o)
 .debug_ranges  0x0000000000000000      0x140 /opt/riscv32i/lib/gcc/riscv32-unknown-elf/8.2.0/libgcc.a(addsf3.o)
 .debug_line    0x0000000000000000      0x929 /opt/riscv32i/lib/gcc/riscv32-unknown-elf/8.2.0/libgcc.a(addsf3.o)
 .debug_str     0x0000000000000000      0x2df /opt/riscv32i/lib/gcc/riscv32-unknown-elf/8.2.0/libgcc.a(addsf3.o)
 .debug_frame   0x0000000000000000       0x40 /opt/riscv32i/lib/gcc/riscv32-unknown-elf/8.2.0/libgcc.a(addsf3.o)
 .debug_info    0x0000000000000000      0x3bf /opt/riscv32i/lib/gcc/riscv32-unknown-elf/8.2.0/libgcc.a(divsf3.o)
 .debug_abbrev  0x0000000000000000      0x17a /opt/riscv32i/lib/gcc/riscv32-unknown-elf/8.2.0/libgcc.a(divsf3.o)
 .debug_loc     0x0000000000000000      0x7fa /opt/riscv32i/lib/gcc/riscv32-unknown-elf/8.2.0/libgcc.a(divsf3.o)
 .debug_aranges
                0x0000000000000000       0x20 /opt/riscv32i/lib/gcc/riscv32-unknown-elf/8.2.0/libgcc.a(divsf3.o)
 .debug_ranges  0x0000000000000000       0xa8 /opt/riscv32i/lib/gcc/riscv32-unknown-elf/8.2.0/libgcc.a(divsf3.o)
 .debug_line    0x0000000000000000      0x758 /opt/riscv32i/lib/gcc/riscv32-unknown-elf/8.2.0/libgcc.a(divsf3.o)
 .debug_str     0x0000000000000000      0x349 /opt/riscv32i/lib/gcc/riscv32-unknown-elf/8.2.0/libgcc.a(divsf3.o)
 .debug_frame   0x0000000000000000       0x5c /opt/riscv32i/lib/gcc/riscv32-unknown-elf/8.2.0/libgcc.a(divsf3.o)
 .debug_info    0x0000000000000000      0x264 /opt/riscv32i/lib/gcc/riscv32-unknown-elf/8.2.0/libgcc.a(lesf2.o)
 .debug_abbrev  0x0000000000000000      0x182 /opt/riscv32i/lib/gcc/riscv32-unknown-elf/8.2.0/libgcc.a(lesf2.o)
 .debug_loc     0x0000000000000000       0xbc /opt/riscv32i/lib/gcc/riscv32-unknown-elf/8.2.0/libgcc.a(lesf2.o)
 .debug_aranges
                0x0000000000000000       0x20 /opt/riscv32i/lib/gcc/riscv32-unknown-elf/8.2.0/libgcc.a(lesf2.o)
 .debug_ranges  0x0000000000000000       0x38 /opt/riscv32i/lib/gcc/riscv32-unknown-elf/8.2.0/libgcc.a(lesf2.o)
 .debug_line    0x0000000000000000      0x2a1 /opt/riscv32i/lib/gcc/riscv32-unknown-elf/8.2.0/libgcc.a(lesf2.o)
 .debug_str     0x0000000000000000      0x23e /opt/riscv32i/lib/gcc/riscv32-unknown-elf/8.2.0/libgcc.a(lesf2.o)
 .debug_frame   0x0000000000000000       0x20 /opt/riscv32i/lib/gcc/riscv32-unknown-elf/8.2.0/libgcc.a(lesf2.o)
 .debug_info    0x0000000000000000      0x450 /opt/riscv32i/lib/gcc/riscv32-unknown-elf/8.2.0/libgcc.a(mulsf3.o)
 .debug_abbrev  0x0000000000000000      0x18b /opt/riscv32i/lib/gcc/riscv32-unknown-elf/8.2.0/libgcc.a(mulsf3.o)
 .debug_loc     0x0000000000000000      0x63e /opt/riscv32i/lib/gcc/riscv32-unknown-elf/8.2.0/libgcc.a(mulsf3.o)
 .debug_aranges
                0x0000000000000000       0x20 /opt/riscv32i/lib/gcc/riscv32-unknown-elf/8.2.0/libgcc.a(mulsf3.o)
 .debug_ranges  0x0000000000000000       0xa8 /opt/riscv32i/lib/gcc/riscv32-unknown-elf/8.2.0/libgcc.a(mulsf3.o)
 .debug_line    0x0000000000000000      0x6fe /opt/riscv32i/lib/gcc/riscv32-unknown-elf/8.2.0/libgcc.a(mulsf3.o)
 .debug_str     0x0000000000000000      0x310 /opt/riscv32i/lib/gcc/riscv32-unknown-elf/8.2.0/libgcc.a(mulsf3.o)
 .debug_frame   0x0000000000000000       0x48 /opt/riscv32i/lib/gcc/riscv32-unknown-elf/8.2.0/libgcc.a(mulsf3.o)
 .debug_info    0x0000000000000000      0x351 /opt/riscv32i/lib/gcc/riscv32-unknown-elf/8.2.0/libgcc.a(subsf3.o)
 .debug_abbrev  0x0000000000000000      0x191 /opt/riscv32i/lib/gcc/riscv32-unknown-elf/8.2.0/libgcc.a(subsf3.o)
 .debug_loc     0x0000000000000000      0xbdf /opt/riscv32i/lib/gcc/riscv32-unknown-elf/8.2.0/libgcc.a(subsf3.o)
 .debug_aranges
                0x0000000000000000       0x20 /opt/riscv32i/lib/gcc/riscv32-unknown-elf/8.2.0/libgcc.a(subsf3.o)
 .debug_ranges  0x0000000000000000      0x140 /opt/riscv32i/lib/gcc/riscv32-unknown-elf/8.2.0/libgcc.a(subsf3.o)
 .debug_line    0x0000000000000000      0x976 /opt/riscv32i/lib/gcc/riscv32-unknown-elf/8.2.0/libgcc.a(subsf3.o)
 .debug_str     0x0000000000000000      0x2df /opt/riscv32i/lib/gcc/riscv32-unknown-elf/8.2.0/libgcc.a(subsf3.o)
 .debug_frame   0x0000000000000000       0x3c /opt/riscv32i/lib/gcc/riscv32-unknown-elf/8.2.0/libgcc.a(subsf3.o)
 .debug_info    0x0000000000000000      0x1f7 /opt/riscv32i/lib/gcc/riscv32-unknown-elf/8.2.0/libgcc.a(fixsfsi.o)
 .debug_abbrev  0x0000000000000000      0x18a /opt/riscv32i/lib/gcc/riscv32-unknown-elf/8.2.0/libgcc.a(fixsfsi.o)
 .debug_loc     0x0000000000000000      0x12d /opt/riscv32i/lib/gcc/riscv32-unknown-elf/8.2.0/libgcc.a(fixsfsi.o)
 .debug_aranges
                0x0000000000000000       0x20 /opt/riscv32i/lib/gcc/riscv32-unknown-elf/8.2.0/libgcc.a(fixsfsi.o)
 .debug_ranges  0x0000000000000000       0x18 /opt/riscv32i/lib/gcc/riscv32-unknown-elf/8.2.0/libgcc.a(fixsfsi.o)
 .debug_line    0x0000000000000000      0x1ff /opt/riscv32i/lib/gcc/riscv32-unknown-elf/8.2.0/libgcc.a(fixsfsi.o)
 .debug_str     0x0000000000000000      0x221 /opt/riscv32i/lib/gcc/riscv32-unknown-elf/8.2.0/libgcc.a(fixsfsi.o)
 .debug_frame   0x0000000000000000       0x20 /opt/riscv32i/lib/gcc/riscv32-unknown-elf/8.2.0/libgcc.a(fixsfsi.o)
 .debug_info    0x0000000000000000      0x25d /opt/riscv32i/lib/gcc/riscv32-unknown-elf/8.2.0/libgcc.a(floatsisf.o)
 .debug_abbrev  0x0000000000000000      0x198 /opt/riscv32i/lib/gcc/riscv32-unknown-elf/8.2.0/libgcc.a(floatsisf.o)
 .debug_loc     0x0000000000000000      0x1a1 /opt/riscv32i/lib/gcc/riscv32-unknown-elf/8.2.0/libgcc.a(floatsisf.o)
 .debug_aranges
                0x0000000000000000       0x20 /opt/riscv32i/lib/gcc/riscv32-unknown-elf/8.2.0/libgcc.a(floatsisf.o)
 .debug_ranges  0x0000000000000000       0x50 /opt/riscv32i/lib/gcc/riscv32-unknown-elf/8.2.0/libgcc.a(floatsisf.o)
 .debug_line    0x0000000000000000      0x2ed /opt/riscv32i/lib/gcc/riscv32-unknown-elf/8.2.0/libgcc.a(floatsisf.o)
 .debug_str     0x0000000000000000      0x2aa /opt/riscv32i/lib/gcc/riscv32-unknown-elf/8.2.0/libgcc.a(floatsisf.o)
 .debug_frame   0x0000000000000000       0x38 /opt/riscv32i/lib/gcc/riscv32-unknown-elf/8.2.0/libgcc.a(floatsisf.o)
 .debug_info    0x0000000000000000      0x24a /opt/riscv32i/lib/gcc/riscv32-unknown-elf/8.2.0/libgcc.a(floatunsisf.o)
 .debug_abbrev  0x0000000000000000      0x1a9 /opt/riscv32i/lib/gcc/riscv32-unknown-elf/8.2.0/libgcc.a(floatunsisf.o)
 .debug_loc     0x0000000000000000      0x165 /opt/riscv32i/lib/gcc/riscv32-unknown-elf/8.2.0/libgcc.a(floatunsisf.o)
 .debug_aranges
                0x0000000000000000       0x20 /opt/riscv32i/lib/gcc/riscv32-unknown-elf/8.2.0/libgcc.a(floatunsisf.o)
 .debug_ranges  0x0000000000000000       0x50 /opt/riscv32i/lib/gcc/riscv32-unknown-elf/8.2.0/libgcc.a(floatunsisf.o)
 .debug_line    0x0000000000000000      0x2ee /opt/riscv32i/lib/gcc/riscv32-unknown-elf/8.2.0/libgcc.a(floatunsisf.o)
 .debug_str     0x0000000000000000      0x2a7 /opt/riscv32i/lib/gcc/riscv32-unknown-elf/8.2.0/libgcc.a(floatunsisf.o)
 .debug_frame   0x0000000000000000       0x34 /opt/riscv32i/lib/gcc/riscv32-unknown-elf/8.2.0/libgcc.a(floatunsisf.o)
 .debug_info    0x0000000000000000      0x2a9 /opt/riscv32i/lib/gcc/riscv32-unknown-elf/8.2.0/libgcc.a(extendsfdf2.o)
 .debug_abbrev  0x0000000000000000      0x17b /opt/riscv32i/lib/gcc/riscv32-unknown-elf/8.2.0/libgcc.a(extendsfdf2.o)
 .debug_loc     0x0000000000000000      0x1a4 /opt/riscv32i/lib/gcc/riscv32-unknown-elf/8.2.0/libgcc.a(extendsfdf2.o)
 .debug_aranges
                0x0000000000000000       0x20 /opt/riscv32i/lib/gcc/riscv32-unknown-elf/8.2.0/libgcc.a(extendsfdf2.o)
 .debug_ranges  0x0000000000000000       0x38 /opt/riscv32i/lib/gcc/riscv32-unknown-elf/8.2.0/libgcc.a(extendsfdf2.o)
 .debug_line    0x0000000000000000      0x361 /opt/riscv32i/lib/gcc/riscv32-unknown-elf/8.2.0/libgcc.a(extendsfdf2.o)
 .debug_str     0x0000000000000000      0x257 /opt/riscv32i/lib/gcc/riscv32-unknown-elf/8.2.0/libgcc.a(extendsfdf2.o)
 .debug_frame   0x0000000000000000       0x38 /opt/riscv32i/lib/gcc/riscv32-unknown-elf/8.2.0/libgcc.a(extendsfdf2.o)
 .debug_info    0x0000000000000000      0x2e2 /opt/riscv32i/lib/gcc/riscv32-unknown-elf/8.2.0/libgcc.a(truncdfsf2.o)
 .debug_abbrev  0x0000000000000000      0x177 /opt/riscv32i/lib/gcc/riscv32-unknown-elf/8.2.0/libgcc.a(truncdfsf2.o)
 .debug_loc     0x0000000000000000      0x369 /opt/riscv32i/lib/gcc/riscv32-unknown-elf/8.2.0/libgcc.a(truncdfsf2.o)
 .debug_aranges
                0x0000000000000000       0x20 /opt/riscv32i/lib/gcc/riscv32-unknown-elf/8.2.0/libgcc.a(truncdfsf2.o)
 .debug_ranges  0x0000000000000000       0x40 /opt/riscv32i/lib/gcc/riscv32-unknown-elf/8.2.0/libgcc.a(truncdfsf2.o)
 .debug_line    0x0000000000000000      0x3fb /opt/riscv32i/lib/gcc/riscv32-unknown-elf/8.2.0/libgcc.a(truncdfsf2.o)
 .debug_str     0x0000000000000000      0x2b5 /opt/riscv32i/lib/gcc/riscv32-unknown-elf/8.2.0/libgcc.a(truncdfsf2.o)
 .debug_frame   0x0000000000000000       0x20 /opt/riscv32i/lib/gcc/riscv32-unknown-elf/8.2.0/libgcc.a(truncdfsf2.o)
 .debug_line    0x0000000000000000       0x92 /opt/riscv32i/lib/gcc/riscv32-unknown-elf/8.2.0/libgcc.a(muldi3.o)
 .debug_info    0x0000000000000000       0x26 /opt/riscv32i/lib/gcc/riscv32-unknown-elf/8.2.0/libgcc.a(muldi3.o)
 .debug_abbrev  0x0000000000000000       0x14 /opt/riscv32i/lib/gcc/riscv32-unknown-elf/8.2.0/libgcc.a(muldi3.o)
 .debug_aranges
                0x0000000000000000       0x20 /opt/riscv32i/lib/gcc/riscv32-unknown-elf/8.2.0/libgcc.a(muldi3.o)
 .debug_str     0x0000000000000000       0xa3 /opt/riscv32i/lib/gcc/riscv32-unknown-elf/8.2.0/libgcc.a(muldi3.o)
 .debug_line    0x0000000000000000      0x168 /opt/riscv32i/lib/gcc/riscv32-unknown-elf/8.2.0/libgcc.a(div.o)
 .debug_info    0x0000000000000000       0x26 /opt/riscv32i/lib/gcc/riscv32-unknown-elf/8.2.0/libgcc.a(div.o)
 .debug_abbrev  0x0000000000000000       0x14 /opt/riscv32i/lib/gcc/riscv32-unknown-elf/8.2.0/libgcc.a(div.o)
 .debug_aranges
                0x0000000000000000       0x20 /opt/riscv32i/lib/gcc/riscv32-unknown-elf/8.2.0/libgcc.a(div.o)
 .debug_str     0x0000000000000000       0xa0 /opt/riscv32i/lib/gcc/riscv32-unknown-elf/8.2.0/libgcc.a(div.o)
 .debug_info    0x0000000000000000      0xbac /opt/riscv32i/lib/gcc/riscv32-unknown-elf/8.2.0/libgcc.a(_clzsi2.o)
 .debug_abbrev  0x0000000000000000      0x242 /opt/riscv32i/lib/gcc/riscv32-unknown-elf/8.2.0/libgcc.a(_clzsi2.o)
 .debug_loc     0x0000000000000000       0x6b /opt/riscv32i/lib/gcc/riscv32-unknown-elf/8.2.0/libgcc.a(_clzsi2.o)
 .debug_aranges
                0x0000000000000000       0x20 /opt/riscv32i/lib/gcc/riscv32-unknown-elf/8.2.0/libgcc.a(_clzsi2.o)
 .debug_ranges  0x0000000000000000       0x20 /opt/riscv32i/lib/gcc/riscv32-unknown-elf/8.2.0/libgcc.a(_clzsi2.o)
 .debug_line    0x0000000000000000      0x26f /opt/riscv32i/lib/gcc/riscv32-unknown-elf/8.2.0/libgcc.a(_clzsi2.o)
 .debug_str     0x0000000000000000      0x774 /opt/riscv32i/lib/gcc/riscv32-unknown-elf/8.2.0/libgcc.a(_clzsi2.o)
 .debug_frame   0x0000000000000000       0x20 /opt/riscv32i/lib/gcc/riscv32-unknown-elf/8.2.0/libgcc.a(_clzsi2.o)
 .debug_info    0x0000000000000000      0xb3f /opt/riscv32i/lib/gcc/riscv32-unknown-elf/8.2.0/libgcc.a(_clz.o)
 .debug_abbrev  0x0000000000000000      0x1e8 /opt/riscv32i/lib/gcc/riscv32-unknown-elf/8.2.0/libgcc.a(_clz.o)
 .debug_aranges
                0x0000000000000000       0x18 /opt/riscv32i/lib/gcc/riscv32-unknown-elf/8.2.0/libgcc.a(_clz.o)
 .debug_line    0x0000000000000000      0x1ed /opt/riscv32i/lib/gcc/riscv32-unknown-elf/8.2.0/libgcc.a(_clz.o)
 .debug_str     0x0000000000000000      0x757 /opt/riscv32i/lib/gcc/riscv32-unknown-elf/8.2.0/libgcc.a(_clz.o)

Memory Configuration

Name             Origin             Length             Attributes
FLASH            0x0000000000050000 0x0000000000100000 xr
RAM              0x0000000000000000 0x0000000000002000 xrw
*default*        0x0000000000000000 0xffffffffffffffff

Linker script and memory map


.text           0x0000000000050000     0x7de0
                0x0000000000050000                . = ALIGN (0x4)
 *(.text)
 .text          0x0000000000050000      0x16c /tmp/ccUFfDxA.o
 .text          0x000000000005016c      0xc7a /tmp/ccOsdYLI.o
                0x000000000005016c                set_irq_mask
                0x0000000000050172                putchar
                0x00000000000501a4                print
                0x00000000000501da                print_hex
                0x000000000005025e                print_dec
                0x000000000005049a                reverse
                0x0000000000050524                intToStr
                0x00000000000505f6                ftoa
                0x0000000000050706                printf
                0x0000000000050752                readEncoders
                0x00000000000507bc                micros
                0x00000000000507d4                updateWheelsMovement
                0x00000000000509e6                calcNewPosition
                0x0000000000050cbc                odometry
                0x0000000000050cd2                analogWrite
                0x0000000000050cf2                setup
                0x0000000000050d0e                loop
                0x0000000000050d80                main
 *fill*         0x0000000000050de6        0x2 
 .text          0x0000000000050de8       0xac /opt/riscv32i/lib/gcc/riscv32-unknown-elf/8.2.0/../../../../riscv32-unknown-elf/lib/libm.a(lib_a-s_cos.o)
                0x0000000000050de8                cos
 .text          0x0000000000050e94       0xb4 /opt/riscv32i/lib/gcc/riscv32-unknown-elf/8.2.0/../../../../riscv32-unknown-elf/lib/libm.a(lib_a-s_sin.o)
                0x0000000000050e94                sin
 .text          0x0000000000050f48      0x474 /opt/riscv32i/lib/gcc/riscv32-unknown-elf/8.2.0/../../../../riscv32-unknown-elf/lib/libm.a(lib_a-w_pow.o)
                0x0000000000050f48                pow
 .text          0x00000000000513bc      0xeb4 /opt/riscv32i/lib/gcc/riscv32-unknown-elf/8.2.0/../../../../riscv32-unknown-elf/lib/libm.a(lib_a-e_pow.o)
                0x00000000000513bc                __ieee754_pow
 .text          0x0000000000052270      0x614 /opt/riscv32i/lib/gcc/riscv32-unknown-elf/8.2.0/../../../../riscv32-unknown-elf/lib/libm.a(lib_a-e_rem_pio2.o)
                0x0000000000052270                __ieee754_rem_pio2
 .text          0x0000000000052884      0x234 /opt/riscv32i/lib/gcc/riscv32-unknown-elf/8.2.0/../../../../riscv32-unknown-elf/lib/libm.a(lib_a-e_sqrt.o)
                0x0000000000052884                __ieee754_sqrt
 .text          0x0000000000052ab8      0x268 /opt/riscv32i/lib/gcc/riscv32-unknown-elf/8.2.0/../../../../riscv32-unknown-elf/lib/libm.a(lib_a-k_cos.o)
                0x0000000000052ab8                __kernel_cos
 .text          0x0000000000052d20      0xaf8 /opt/riscv32i/lib/gcc/riscv32-unknown-elf/8.2.0/../../../../riscv32-unknown-elf/lib/libm.a(lib_a-k_rem_pio2.o)
                0x0000000000052d20                __kernel_rem_pio2
 .text          0x0000000000053818      0x264 /opt/riscv32i/lib/gcc/riscv32-unknown-elf/8.2.0/../../../../riscv32-unknown-elf/lib/libm.a(lib_a-k_sin.o)
                0x0000000000053818                __kernel_sin
 .text          0x0000000000053a7c       0x18 /opt/riscv32i/lib/gcc/riscv32-unknown-elf/8.2.0/../../../../riscv32-unknown-elf/lib/libm.a(lib_a-s_fabs.o)
                0x0000000000053a7c                fabs
 .text          0x0000000000053a94       0x18 /opt/riscv32i/lib/gcc/riscv32-unknown-elf/8.2.0/../../../../riscv32-unknown-elf/lib/libm.a(lib_a-s_finite.o)
                0x0000000000053a94                finite
 .text          0x0000000000053aac      0x1b0 /opt/riscv32i/lib/gcc/riscv32-unknown-elf/8.2.0/../../../../riscv32-unknown-elf/lib/libm.a(lib_a-s_floor.o)
                0x0000000000053aac                floor
 .text          0x0000000000053c5c        0x0 /opt/riscv32i/lib/gcc/riscv32-unknown-elf/8.2.0/../../../../riscv32-unknown-elf/lib/libm.a(lib_a-s_lib_ver.o)
 .text          0x0000000000053c5c        0x8 /opt/riscv32i/lib/gcc/riscv32-unknown-elf/8.2.0/../../../../riscv32-unknown-elf/lib/libm.a(lib_a-s_matherr.o)
                0x0000000000053c5c                matherr
 .text          0x0000000000053c64       0x10 /opt/riscv32i/lib/gcc/riscv32-unknown-elf/8.2.0/../../../../riscv32-unknown-elf/lib/libm.a(lib_a-s_nan.o)
                0x0000000000053c64                nan
 .text          0x0000000000053c74      0x1fc /opt/riscv32i/lib/gcc/riscv32-unknown-elf/8.2.0/../../../../riscv32-unknown-elf/lib/libm.a(lib_a-s_rint.o)
                0x0000000000053c74                rint
 .text          0x0000000000053e70      0x168 /opt/riscv32i/lib/gcc/riscv32-unknown-elf/8.2.0/../../../../riscv32-unknown-elf/lib/libm.a(lib_a-s_scalbn.o)
                0x0000000000053e70                scalbn
 .text          0x0000000000053fd8       0x24 /opt/riscv32i/lib/gcc/riscv32-unknown-elf/8.2.0/../../../../riscv32-unknown-elf/lib/libm.a(lib_a-s_copysign.o)
                0x0000000000053fd8                copysign
 .text          0x0000000000053ffc      0x7c0 /opt/riscv32i/lib/gcc/riscv32-unknown-elf/8.2.0/libgcc.a(adddf3.o)
                0x0000000000053ffc                __adddf3
 .text          0x00000000000547bc      0x7d0 /opt/riscv32i/lib/gcc/riscv32-unknown-elf/8.2.0/libgcc.a(divdf3.o)
                0x00000000000547bc                __divdf3
 .text          0x0000000000054f8c       0x8c /opt/riscv32i/lib/gcc/riscv32-unknown-elf/8.2.0/libgcc.a(eqdf2.o)
                0x0000000000054f8c                __eqdf2
                0x0000000000054f8c                __nedf2
 .text          0x0000000000055018       0xe8 /opt/riscv32i/lib/gcc/riscv32-unknown-elf/8.2.0/libgcc.a(gedf2.o)
                0x0000000000055018                __gtdf2
                0x0000000000055018                __gedf2
 .text          0x0000000000055100       0xe8 /opt/riscv32i/lib/gcc/riscv32-unknown-elf/8.2.0/libgcc.a(ledf2.o)
                0x0000000000055100                __ltdf2
                0x0000000000055100                __ledf2
 .text          0x00000000000551e8      0x674 /opt/riscv32i/lib/gcc/riscv32-unknown-elf/8.2.0/libgcc.a(muldf3.o)
                0x00000000000551e8                __muldf3
 .text          0x000000000005585c      0x7c4 /opt/riscv32i/lib/gcc/riscv32-unknown-elf/8.2.0/libgcc.a(subdf3.o)
                0x000000000005585c                __subdf3
 .text          0x0000000000056020       0x4c /opt/riscv32i/lib/gcc/riscv32-unknown-elf/8.2.0/libgcc.a(unorddf2.o)
                0x0000000000056020                __unorddf2
 .text          0x000000000005606c       0x80 /opt/riscv32i/lib/gcc/riscv32-unknown-elf/8.2.0/libgcc.a(fixdfsi.o)
                0x000000000005606c                __fixdfsi
 .text          0x00000000000560ec       0xac /opt/riscv32i/lib/gcc/riscv32-unknown-elf/8.2.0/libgcc.a(floatsidf.o)
                0x00000000000560ec                __floatsidf
 .text          0x0000000000056198      0x42c /opt/riscv32i/lib/gcc/riscv32-unknown-elf/8.2.0/libgcc.a(addsf3.o)
                0x0000000000056198                __addsf3
 .text          0x00000000000565c4      0x384 /opt/riscv32i/lib/gcc/riscv32-unknown-elf/8.2.0/libgcc.a(divsf3.o)
                0x00000000000565c4                __divsf3
 .text          0x0000000000056948       0xbc /opt/riscv32i/lib/gcc/riscv32-unknown-elf/8.2.0/libgcc.a(lesf2.o)
                0x0000000000056948                __lesf2
                0x0000000000056948                __ltsf2
 .text          0x0000000000056a04      0x320 /opt/riscv32i/lib/gcc/riscv32-unknown-elf/8.2.0/libgcc.a(mulsf3.o)
                0x0000000000056a04                __mulsf3
 .text          0x0000000000056d24      0x44c /opt/riscv32i/lib/gcc/riscv32-unknown-elf/8.2.0/libgcc.a(subsf3.o)
                0x0000000000056d24                __subsf3
 .text          0x0000000000057170       0x70 /opt/riscv32i/lib/gcc/riscv32-unknown-elf/8.2.0/libgcc.a(fixsfsi.o)
                0x0000000000057170                __fixsfsi
 .text          0x00000000000571e0      0x108 /opt/riscv32i/lib/gcc/riscv32-unknown-elf/8.2.0/libgcc.a(floatsisf.o)
                0x00000000000571e0                __floatsisf
 .text          0x00000000000572e8       0xdc /opt/riscv32i/lib/gcc/riscv32-unknown-elf/8.2.0/libgcc.a(floatunsisf.o)
                0x00000000000572e8                __floatunsisf
 .text          0x00000000000573c4       0xdc /opt/riscv32i/lib/gcc/riscv32-unknown-elf/8.2.0/libgcc.a(extendsfdf2.o)
                0x00000000000573c4                __extendsfdf2
 .text          0x00000000000574a0      0x180 /opt/riscv32i/lib/gcc/riscv32-unknown-elf/8.2.0/libgcc.a(truncdfsf2.o)
                0x00000000000574a0                __truncdfsf2
 .text          0x0000000000057620       0x24 /opt/riscv32i/lib/gcc/riscv32-unknown-elf/8.2.0/libgcc.a(muldi3.o)
                0x0000000000057620                __mulsi3
 .text          0x0000000000057644       0xb4 /opt/riscv32i/lib/gcc/riscv32-unknown-elf/8.2.0/libgcc.a(div.o)
                0x0000000000057644                __divsi3
                0x000000000005764c                __udivsi3
                0x0000000000057694                __umodsi3
                0x00000000000576c8                __modsi3
 .text          0x00000000000576f8       0x4c /opt/riscv32i/lib/gcc/riscv32-unknown-elf/8.2.0/libgcc.a(_clzsi2.o)
                0x00000000000576f8                __clzsi2
 .text          0x0000000000057744        0x0 /opt/riscv32i/lib/gcc/riscv32-unknown-elf/8.2.0/libgcc.a(_clz.o)
 .text          0x0000000000057744        0x8 /opt/riscv32i/lib/gcc/riscv32-unknown-elf/8.2.0/../../../../riscv32-unknown-elf/lib/libc.a(lib_a-errno.o)
                0x0000000000057744                __errno
 .text          0x000000000005774c        0x0 /opt/riscv32i/lib/gcc/riscv32-unknown-elf/8.2.0/../../../../riscv32-unknown-elf/lib/libc.a(lib_a-impure.o)
 *(.text*)
 *(.rodata)
 *fill*         0x000000000005774c        0x4 
 .rodata        0x0000000000057750       0x88 /tmp/ccOsdYLI.o
 .rodata        0x00000000000577d8       0x30 /opt/riscv32i/lib/gcc/riscv32-unknown-elf/8.2.0/../../../../riscv32-unknown-elf/lib/libm.a(lib_a-e_pow.o)
 .rodata        0x0000000000057808      0x188 /opt/riscv32i/lib/gcc/riscv32-unknown-elf/8.2.0/../../../../riscv32-unknown-elf/lib/libm.a(lib_a-e_rem_pio2.o)
 .rodata        0x0000000000057990       0x50 /opt/riscv32i/lib/gcc/riscv32-unknown-elf/8.2.0/../../../../riscv32-unknown-elf/lib/libm.a(lib_a-k_rem_pio2.o)
 .rodata        0x00000000000579e0       0x10 /opt/riscv32i/lib/gcc/riscv32-unknown-elf/8.2.0/../../../../riscv32-unknown-elf/lib/libm.a(lib_a-s_rint.o)
 .rodata        0x00000000000579f0       0x3c /opt/riscv32i/lib/gcc/riscv32-unknown-elf/8.2.0/libgcc.a(divdf3.o)
 .rodata        0x0000000000057a2c       0x3c /opt/riscv32i/lib/gcc/riscv32-unknown-elf/8.2.0/libgcc.a(muldf3.o)
 .rodata        0x0000000000057a68       0x3c /opt/riscv32i/lib/gcc/riscv32-unknown-elf/8.2.0/libgcc.a(divsf3.o)
 .rodata        0x0000000000057aa4       0x3c /opt/riscv32i/lib/gcc/riscv32-unknown-elf/8.2.0/libgcc.a(mulsf3.o)
 .rodata        0x0000000000057ae0      0x100 /opt/riscv32i/lib/gcc/riscv32-unknown-elf/8.2.0/libgcc.a(_clz.o)
                0x0000000000057ae0                __clz_tab
 *(.rodata*)
 .rodata.str1.4
                0x0000000000057be0        0x4 /opt/riscv32i/lib/gcc/riscv32-unknown-elf/8.2.0/../../../../riscv32-unknown-elf/lib/libm.a(lib_a-w_pow.o)
 .rodata.str1.4
                0x0000000000057be4        0x4 /opt/riscv32i/lib/gcc/riscv32-unknown-elf/8.2.0/../../../../riscv32-unknown-elf/lib/libm.a(lib_a-e_pow.o)
                                          0x1 (size before relaxing)
 *(.srodata)
 .srodata       0x0000000000057be8        0x4 /opt/riscv32i/lib/gcc/riscv32-unknown-elf/8.2.0/../../../../riscv32-unknown-elf/lib/libc.a(lib_a-impure.o)
                0x0000000000057be8                _global_impure_ptr
 *(.srodata*)
 *fill*         0x0000000000057bec        0x4 
 .srodata.cst8  0x0000000000057bf0       0x30 /opt/riscv32i/lib/gcc/riscv32-unknown-elf/8.2.0/../../../../riscv32-unknown-elf/lib/libm.a(lib_a-w_pow.o)
 .srodata.cst8  0x0000000000057c20       0xe8 /opt/riscv32i/lib/gcc/riscv32-unknown-elf/8.2.0/../../../../riscv32-unknown-elf/lib/libm.a(lib_a-e_pow.o)
                                         0xf8 (size before relaxing)
 .srodata.cst8  0x0000000000057d08       0x40 /opt/riscv32i/lib/gcc/riscv32-unknown-elf/8.2.0/../../../../riscv32-unknown-elf/lib/libm.a(lib_a-e_rem_pio2.o)
                                         0x48 (size before relaxing)
 .srodata.cst8  0x0000000000057d48       0x38 /opt/riscv32i/lib/gcc/riscv32-unknown-elf/8.2.0/../../../../riscv32-unknown-elf/lib/libm.a(lib_a-k_cos.o)
                                         0x48 (size before relaxing)
 .srodata.cst8  0x0000000000057d80       0x18 /opt/riscv32i/lib/gcc/riscv32-unknown-elf/8.2.0/../../../../riscv32-unknown-elf/lib/libm.a(lib_a-k_rem_pio2.o)
                                         0x30 (size before relaxing)
 .srodata.cst8  0x0000000000057d98       0x30 /opt/riscv32i/lib/gcc/riscv32-unknown-elf/8.2.0/../../../../riscv32-unknown-elf/lib/libm.a(lib_a-k_sin.o)
                                         0x38 (size before relaxing)
 .srodata.cst8  0x0000000000057dc8        0x8 /opt/riscv32i/lib/gcc/riscv32-unknown-elf/8.2.0/../../../../riscv32-unknown-elf/lib/libm.a(lib_a-s_floor.o)
 .srodata.cst8  0x0000000000057dc8        0x8 /opt/riscv32i/lib/gcc/riscv32-unknown-elf/8.2.0/../../../../riscv32-unknown-elf/lib/libm.a(lib_a-s_nan.o)
 .srodata.cst8  0x0000000000057dd0       0x10 /opt/riscv32i/lib/gcc/riscv32-unknown-elf/8.2.0/../../../../riscv32-unknown-elf/lib/libm.a(lib_a-s_scalbn.o)
                                         0x20 (size before relaxing)
 *(.eh_frame)
 *(.eh_frame*)
                0x0000000000057de0                . = ALIGN (0x4)
                0x0000000000057de0                _etext = .
                0x0000000000057de0                _sidata = _etext

.rela.dyn       0x0000000000057de0        0x0
 .rela.text     0x0000000000057de0        0x0 /tmp/ccUFfDxA.o

.data           0x0000000000000000      0x488 load address 0x0000000000057de0
                0x0000000000000000                . = ALIGN (0x4)
                0x0000000000000000                _sdata = .
                0x0000000000000000                _ram_start = .
 *(.data)
 .data          0x0000000000000000       0x14 /tmp/ccUFfDxA.o
 .data          0x0000000000000014        0x0 /tmp/ccOsdYLI.o
 .data          0x0000000000000014        0x0 /opt/riscv32i/lib/gcc/riscv32-unknown-elf/8.2.0/../../../../riscv32-unknown-elf/lib/libm.a(lib_a-s_cos.o)
 .data          0x0000000000000014        0x0 /opt/riscv32i/lib/gcc/riscv32-unknown-elf/8.2.0/../../../../riscv32-unknown-elf/lib/libm.a(lib_a-s_sin.o)
 .data          0x0000000000000014        0x0 /opt/riscv32i/lib/gcc/riscv32-unknown-elf/8.2.0/../../../../riscv32-unknown-elf/lib/libm.a(lib_a-w_pow.o)
 .data          0x0000000000000014        0x0 /opt/riscv32i/lib/gcc/riscv32-unknown-elf/8.2.0/../../../../riscv32-unknown-elf/lib/libm.a(lib_a-e_pow.o)
 .data          0x0000000000000014        0x0 /opt/riscv32i/lib/gcc/riscv32-unknown-elf/8.2.0/../../../../riscv32-unknown-elf/lib/libm.a(lib_a-e_rem_pio2.o)
 .data          0x0000000000000014        0x0 /opt/riscv32i/lib/gcc/riscv32-unknown-elf/8.2.0/../../../../riscv32-unknown-elf/lib/libm.a(lib_a-e_sqrt.o)
 .data          0x0000000000000014        0x0 /opt/riscv32i/lib/gcc/riscv32-unknown-elf/8.2.0/../../../../riscv32-unknown-elf/lib/libm.a(lib_a-k_cos.o)
 .data          0x0000000000000014        0x0 /opt/riscv32i/lib/gcc/riscv32-unknown-elf/8.2.0/../../../../riscv32-unknown-elf/lib/libm.a(lib_a-k_rem_pio2.o)
 .data          0x0000000000000014        0x0 /opt/riscv32i/lib/gcc/riscv32-unknown-elf/8.2.0/../../../../riscv32-unknown-elf/lib/libm.a(lib_a-k_sin.o)
 .data          0x0000000000000014        0x0 /opt/riscv32i/lib/gcc/riscv32-unknown-elf/8.2.0/../../../../riscv32-unknown-elf/lib/libm.a(lib_a-s_fabs.o)
 .data          0x0000000000000014        0x0 /opt/riscv32i/lib/gcc/riscv32-unknown-elf/8.2.0/../../../../riscv32-unknown-elf/lib/libm.a(lib_a-s_finite.o)
 .data          0x0000000000000014        0x0 /opt/riscv32i/lib/gcc/riscv32-unknown-elf/8.2.0/../../../../riscv32-unknown-elf/lib/libm.a(lib_a-s_floor.o)
 .data          0x0000000000000014        0x0 /opt/riscv32i/lib/gcc/riscv32-unknown-elf/8.2.0/../../../../riscv32-unknown-elf/lib/libm.a(lib_a-s_lib_ver.o)
 .data          0x0000000000000014        0x0 /opt/riscv32i/lib/gcc/riscv32-unknown-elf/8.2.0/../../../../riscv32-unknown-elf/lib/libm.a(lib_a-s_matherr.o)
 .data          0x0000000000000014        0x0 /opt/riscv32i/lib/gcc/riscv32-unknown-elf/8.2.0/../../../../riscv32-unknown-elf/lib/libm.a(lib_a-s_nan.o)
 .data          0x0000000000000014        0x0 /opt/riscv32i/lib/gcc/riscv32-unknown-elf/8.2.0/../../../../riscv32-unknown-elf/lib/libm.a(lib_a-s_rint.o)
 .data          0x0000000000000014        0x0 /opt/riscv32i/lib/gcc/riscv32-unknown-elf/8.2.0/../../../../riscv32-unknown-elf/lib/libm.a(lib_a-s_scalbn.o)
 .data          0x0000000000000014        0x0 /opt/riscv32i/lib/gcc/riscv32-unknown-elf/8.2.0/../../../../riscv32-unknown-elf/lib/libm.a(lib_a-s_copysign.o)
 .data          0x0000000000000014        0x0 /opt/riscv32i/lib/gcc/riscv32-unknown-elf/8.2.0/libgcc.a(adddf3.o)
 .data          0x0000000000000014        0x0 /opt/riscv32i/lib/gcc/riscv32-unknown-elf/8.2.0/libgcc.a(divdf3.o)
 .data          0x0000000000000014        0x0 /opt/riscv32i/lib/gcc/riscv32-unknown-elf/8.2.0/libgcc.a(eqdf2.o)
 .data          0x0000000000000014        0x0 /opt/riscv32i/lib/gcc/riscv32-unknown-elf/8.2.0/libgcc.a(gedf2.o)
 .data          0x0000000000000014        0x0 /opt/riscv32i/lib/gcc/riscv32-unknown-elf/8.2.0/libgcc.a(ledf2.o)
 .data          0x0000000000000014        0x0 /opt/riscv32i/lib/gcc/riscv32-unknown-elf/8.2.0/libgcc.a(muldf3.o)
 .data          0x0000000000000014        0x0 /opt/riscv32i/lib/gcc/riscv32-unknown-elf/8.2.0/libgcc.a(subdf3.o)
 .data          0x0000000000000014        0x0 /opt/riscv32i/lib/gcc/riscv32-unknown-elf/8.2.0/libgcc.a(unorddf2.o)
 .data          0x0000000000000014        0x0 /opt/riscv32i/lib/gcc/riscv32-unknown-elf/8.2.0/libgcc.a(fixdfsi.o)
 .data          0x0000000000000014        0x0 /opt/riscv32i/lib/gcc/riscv32-unknown-elf/8.2.0/libgcc.a(floatsidf.o)
 .data          0x0000000000000014        0x0 /opt/riscv32i/lib/gcc/riscv32-unknown-elf/8.2.0/libgcc.a(addsf3.o)
 .data          0x0000000000000014        0x0 /opt/riscv32i/lib/gcc/riscv32-unknown-elf/8.2.0/libgcc.a(divsf3.o)
 .data          0x0000000000000014        0x0 /opt/riscv32i/lib/gcc/riscv32-unknown-elf/8.2.0/libgcc.a(lesf2.o)
 .data          0x0000000000000014        0x0 /opt/riscv32i/lib/gcc/riscv32-unknown-elf/8.2.0/libgcc.a(mulsf3.o)
 .data          0x0000000000000014        0x0 /opt/riscv32i/lib/gcc/riscv32-unknown-elf/8.2.0/libgcc.a(subsf3.o)
 .data          0x0000000000000014        0x0 /opt/riscv32i/lib/gcc/riscv32-unknown-elf/8.2.0/libgcc.a(fixsfsi.o)
 .data          0x0000000000000014        0x0 /opt/riscv32i/lib/gcc/riscv32-unknown-elf/8.2.0/libgcc.a(floatsisf.o)
 .data          0x0000000000000014        0x0 /opt/riscv32i/lib/gcc/riscv32-unknown-elf/8.2.0/libgcc.a(floatunsisf.o)
 .data          0x0000000000000014        0x0 /opt/riscv32i/lib/gcc/riscv32-unknown-elf/8.2.0/libgcc.a(extendsfdf2.o)
 .data          0x0000000000000014        0x0 /opt/riscv32i/lib/gcc/riscv32-unknown-elf/8.2.0/libgcc.a(truncdfsf2.o)
 .data          0x0000000000000014        0x0 /opt/riscv32i/lib/gcc/riscv32-unknown-elf/8.2.0/libgcc.a(muldi3.o)
 .data          0x0000000000000014        0x0 /opt/riscv32i/lib/gcc/riscv32-unknown-elf/8.2.0/libgcc.a(div.o)
 .data          0x0000000000000014        0x0 /opt/riscv32i/lib/gcc/riscv32-unknown-elf/8.2.0/libgcc.a(_clzsi2.o)
 .data          0x0000000000000014        0x0 /opt/riscv32i/lib/gcc/riscv32-unknown-elf/8.2.0/libgcc.a(_clz.o)
 .data          0x0000000000000014        0x0 /opt/riscv32i/lib/gcc/riscv32-unknown-elf/8.2.0/../../../../riscv32-unknown-elf/lib/libc.a(lib_a-errno.o)
 *fill*         0x0000000000000014        0x4 
 .data          0x0000000000000018      0x428 /opt/riscv32i/lib/gcc/riscv32-unknown-elf/8.2.0/../../../../riscv32-unknown-elf/lib/libc.a(lib_a-impure.o)
 *(.data*)
 *(.sdata)
 .sdata         0x0000000000000440       0x40 /tmp/ccOsdYLI.o
                0x0000000000000440                pinLedMoving
                0x0000000000000444                pinLedFinishing
                0x0000000000000448                pinLedFinished
                0x000000000000044c                pinEncoderDerF
                0x0000000000000450                pinEncoderDerB
                0x0000000000000454                pinEncoderIzqB
                0x0000000000000458                pinEncoderIzqF
                0x000000000000045c                kr
                0x0000000000000460                ka
                0x0000000000000464                kb
                0x0000000000000468                kpIzq
                0x000000000000046c                kiIzq
                0x0000000000000470                kdIzq
                0x0000000000000474                kpDer
                0x0000000000000478                kiDer
                0x000000000000047c                kdDer
 .sdata         0x0000000000000480        0x4 /opt/riscv32i/lib/gcc/riscv32-unknown-elf/8.2.0/../../../../riscv32-unknown-elf/lib/libm.a(lib_a-s_lib_ver.o)
                0x0000000000000480                __fdlib_version
 .sdata         0x0000000000000484        0x4 /opt/riscv32i/lib/gcc/riscv32-unknown-elf/8.2.0/../../../../riscv32-unknown-elf/lib/libc.a(lib_a-impure.o)
                0x0000000000000484                _impure_ptr
 *(.sdata*)
 *(.init_array)
 *(.init_array*)
                0x0000000000000488                . = ALIGN (0x4)
                0x0000000000000488                _edata = .

.bss            0x0000000000000488      0x404 load address 0x0000000000058268
                0x0000000000000488                . = ALIGN (0x4)
                0x0000000000000488                _sbss = .
 *(.bss)
 .bss           0x0000000000000488        0x0 /tmp/ccUFfDxA.o
 .bss           0x0000000000000488        0x0 /tmp/ccOsdYLI.o
 .bss           0x0000000000000488        0x0 /opt/riscv32i/lib/gcc/riscv32-unknown-elf/8.2.0/../../../../riscv32-unknown-elf/lib/libm.a(lib_a-s_cos.o)
 .bss           0x0000000000000488        0x0 /opt/riscv32i/lib/gcc/riscv32-unknown-elf/8.2.0/../../../../riscv32-unknown-elf/lib/libm.a(lib_a-s_sin.o)
 .bss           0x0000000000000488        0x0 /opt/riscv32i/lib/gcc/riscv32-unknown-elf/8.2.0/../../../../riscv32-unknown-elf/lib/libm.a(lib_a-w_pow.o)
 .bss           0x0000000000000488        0x0 /opt/riscv32i/lib/gcc/riscv32-unknown-elf/8.2.0/../../../../riscv32-unknown-elf/lib/libm.a(lib_a-e_pow.o)
 .bss           0x0000000000000488        0x0 /opt/riscv32i/lib/gcc/riscv32-unknown-elf/8.2.0/../../../../riscv32-unknown-elf/lib/libm.a(lib_a-e_rem_pio2.o)
 .bss           0x0000000000000488        0x0 /opt/riscv32i/lib/gcc/riscv32-unknown-elf/8.2.0/../../../../riscv32-unknown-elf/lib/libm.a(lib_a-e_sqrt.o)
 .bss           0x0000000000000488        0x0 /opt/riscv32i/lib/gcc/riscv32-unknown-elf/8.2.0/../../../../riscv32-unknown-elf/lib/libm.a(lib_a-k_cos.o)
 .bss           0x0000000000000488        0x0 /opt/riscv32i/lib/gcc/riscv32-unknown-elf/8.2.0/../../../../riscv32-unknown-elf/lib/libm.a(lib_a-k_rem_pio2.o)
 .bss           0x0000000000000488        0x0 /opt/riscv32i/lib/gcc/riscv32-unknown-elf/8.2.0/../../../../riscv32-unknown-elf/lib/libm.a(lib_a-k_sin.o)
 .bss           0x0000000000000488        0x0 /opt/riscv32i/lib/gcc/riscv32-unknown-elf/8.2.0/../../../../riscv32-unknown-elf/lib/libm.a(lib_a-s_fabs.o)
 .bss           0x0000000000000488        0x0 /opt/riscv32i/lib/gcc/riscv32-unknown-elf/8.2.0/../../../../riscv32-unknown-elf/lib/libm.a(lib_a-s_finite.o)
 .bss           0x0000000000000488        0x0 /opt/riscv32i/lib/gcc/riscv32-unknown-elf/8.2.0/../../../../riscv32-unknown-elf/lib/libm.a(lib_a-s_floor.o)
 .bss           0x0000000000000488        0x0 /opt/riscv32i/lib/gcc/riscv32-unknown-elf/8.2.0/../../../../riscv32-unknown-elf/lib/libm.a(lib_a-s_lib_ver.o)
 .bss           0x0000000000000488        0x0 /opt/riscv32i/lib/gcc/riscv32-unknown-elf/8.2.0/../../../../riscv32-unknown-elf/lib/libm.a(lib_a-s_matherr.o)
 .bss           0x0000000000000488        0x0 /opt/riscv32i/lib/gcc/riscv32-unknown-elf/8.2.0/../../../../riscv32-unknown-elf/lib/libm.a(lib_a-s_nan.o)
 .bss           0x0000000000000488        0x0 /opt/riscv32i/lib/gcc/riscv32-unknown-elf/8.2.0/../../../../riscv32-unknown-elf/lib/libm.a(lib_a-s_rint.o)
 .bss           0x0000000000000488        0x0 /opt/riscv32i/lib/gcc/riscv32-unknown-elf/8.2.0/../../../../riscv32-unknown-elf/lib/libm.a(lib_a-s_scalbn.o)
 .bss           0x0000000000000488        0x0 /opt/riscv32i/lib/gcc/riscv32-unknown-elf/8.2.0/../../../../riscv32-unknown-elf/lib/libm.a(lib_a-s_copysign.o)
 .bss           0x0000000000000488        0x0 /opt/riscv32i/lib/gcc/riscv32-unknown-elf/8.2.0/libgcc.a(adddf3.o)
 .bss           0x0000000000000488        0x0 /opt/riscv32i/lib/gcc/riscv32-unknown-elf/8.2.0/libgcc.a(divdf3.o)
 .bss           0x0000000000000488        0x0 /opt/riscv32i/lib/gcc/riscv32-unknown-elf/8.2.0/libgcc.a(eqdf2.o)
 .bss           0x0000000000000488        0x0 /opt/riscv32i/lib/gcc/riscv32-unknown-elf/8.2.0/libgcc.a(gedf2.o)
 .bss           0x0000000000000488        0x0 /opt/riscv32i/lib/gcc/riscv32-unknown-elf/8.2.0/libgcc.a(ledf2.o)
 .bss           0x0000000000000488        0x0 /opt/riscv32i/lib/gcc/riscv32-unknown-elf/8.2.0/libgcc.a(muldf3.o)
 .bss           0x0000000000000488        0x0 /opt/riscv32i/lib/gcc/riscv32-unknown-elf/8.2.0/libgcc.a(subdf3.o)
 .bss           0x0000000000000488        0x0 /opt/riscv32i/lib/gcc/riscv32-unknown-elf/8.2.0/libgcc.a(unorddf2.o)
 .bss           0x0000000000000488        0x0 /opt/riscv32i/lib/gcc/riscv32-unknown-elf/8.2.0/libgcc.a(fixdfsi.o)
 .bss           0x0000000000000488        0x0 /opt/riscv32i/lib/gcc/riscv32-unknown-elf/8.2.0/libgcc.a(floatsidf.o)
 .bss           0x0000000000000488        0x0 /opt/riscv32i/lib/gcc/riscv32-unknown-elf/8.2.0/libgcc.a(addsf3.o)
 .bss           0x0000000000000488        0x0 /opt/riscv32i/lib/gcc/riscv32-unknown-elf/8.2.0/libgcc.a(divsf3.o)
 .bss           0x0000000000000488        0x0 /opt/riscv32i/lib/gcc/riscv32-unknown-elf/8.2.0/libgcc.a(lesf2.o)
 .bss           0x0000000000000488        0x0 /opt/riscv32i/lib/gcc/riscv32-unknown-elf/8.2.0/libgcc.a(mulsf3.o)
 .bss           0x0000000000000488        0x0 /opt/riscv32i/lib/gcc/riscv32-unknown-elf/8.2.0/libgcc.a(subsf3.o)
 .bss           0x0000000000000488        0x0 /opt/riscv32i/lib/gcc/riscv32-unknown-elf/8.2.0/libgcc.a(fixsfsi.o)
 .bss           0x0000000000000488        0x0 /opt/riscv32i/lib/gcc/riscv32-unknown-elf/8.2.0/libgcc.a(floatsisf.o)
 .bss           0x0000000000000488        0x0 /opt/riscv32i/lib/gcc/riscv32-unknown-elf/8.2.0/libgcc.a(floatunsisf.o)
 .bss           0x0000000000000488        0x0 /opt/riscv32i/lib/gcc/riscv32-unknown-elf/8.2.0/libgcc.a(extendsfdf2.o)
 .bss           0x0000000000000488        0x0 /opt/riscv32i/lib/gcc/riscv32-unknown-elf/8.2.0/libgcc.a(truncdfsf2.o)
 .bss           0x0000000000000488        0x0 /opt/riscv32i/lib/gcc/riscv32-unknown-elf/8.2.0/libgcc.a(muldi3.o)
 .bss           0x0000000000000488        0x0 /opt/riscv32i/lib/gcc/riscv32-unknown-elf/8.2.0/libgcc.a(div.o)
 .bss           0x0000000000000488        0x0 /opt/riscv32i/lib/gcc/riscv32-unknown-elf/8.2.0/libgcc.a(_clzsi2.o)
 .bss           0x0000000000000488        0x0 /opt/riscv32i/lib/gcc/riscv32-unknown-elf/8.2.0/libgcc.a(_clz.o)
 .bss           0x0000000000000488        0x0 /opt/riscv32i/lib/gcc/riscv32-unknown-elf/8.2.0/../../../../riscv32-unknown-elf/lib/libc.a(lib_a-errno.o)
 .bss           0x0000000000000488        0x0 /opt/riscv32i/lib/gcc/riscv32-unknown-elf/8.2.0/../../../../riscv32-unknown-elf/lib/libc.a(lib_a-impure.o)
 *(.bss*)
 *(.sbss)
 .sbss          0x0000000000000488       0x8c /tmp/ccOsdYLI.o
                0x0000000000000488                finish
                0x0000000000000489                countingTimeToEnd
                0x000000000000048c                timeToEnd
                0x0000000000000490                pwmValIzq
                0x0000000000000494                pwmValDer
                0x0000000000000498                previousCountIzq
                0x000000000000049c                previousCountDer
                0x00000000000004a0                timeCountSpeedIzq
                0x00000000000004a4                timeCountSpeedDer
                0x00000000000004a8                vRefDer
                0x00000000000004ac                vRefIzq
                0x00000000000004b0                errorIzq
                0x00000000000004b4                prevErrIzq
                0x00000000000004b8                errorSignalIzq
                0x00000000000004bc                errorDer
                0x00000000000004c0                prevErrDer
                0x00000000000004c4                errorSignalDer
                0x00000000000004c8                errorTime
                0x00000000000004cc                integralIndex
                0x00000000000004d0                curX
                0x00000000000004d4                curY
                0x00000000000004d8                curTheta
                0x00000000000004dc                timePassedDer
                0x00000000000004e0                timePassedIzq
                0x00000000000004e4                speedIzq
                0x00000000000004e8                speedDer
                0x00000000000004ec                dsIzq
                0x00000000000004f0                dsDer
                0x00000000000004f4                ds
                0x00000000000004f8                dTheta
                0x00000000000004fc                rho
                0x0000000000000500                alpha
                0x0000000000000504                beta
                0x0000000000000508                a
                0x000000000000050c                i
                0x0000000000000510                j
 *(.sbss*)
 *(COMMON)
 COMMON         0x0000000000000514      0x378 /tmp/ccOsdYLI.o
                0x0000000000000514                arr
                0x0000000000000834                errorsDerArray
                0x000000000000085c                clockA
                0x0000000000000860                timeToPrint
                0x0000000000000864                errorsIzqArray
                0x000000000000088c                . = ALIGN (0x4)
                0x000000000000088c                _ebss = .

.heap           0x000000000000088c        0x0
                0x000000000000088c                . = ALIGN (0x4)
                0x000000000000088c                _heap_start = .
LOAD /tmp/ccUFfDxA.o
LOAD /tmp/ccOsdYLI.o
LOAD /opt/riscv32i/lib/gcc/riscv32-unknown-elf/8.2.0/../../../../riscv32-unknown-elf/lib/libm.a
LOAD /opt/riscv32i/lib/gcc/riscv32-unknown-elf/8.2.0/libgcc.a
START GROUP
LOAD /opt/riscv32i/lib/gcc/riscv32-unknown-elf/8.2.0/../../../../riscv32-unknown-elf/lib/libc.a
LOAD /opt/riscv32i/lib/gcc/riscv32-unknown-elf/8.2.0/../../../../riscv32-unknown-elf/lib/libgloss.a
END GROUP
LOAD /opt/riscv32i/lib/gcc/riscv32-unknown-elf/8.2.0/libgcc.a
OUTPUT(firmware.elf elf32-littleriscv)

.comment        0x0000000000000000       0x11
 .comment       0x0000000000000000       0x11 /tmp/ccOsdYLI.o
                                         0x12 (size before relaxing)
 .comment       0x0000000000000011       0x12 /opt/riscv32i/lib/gcc/riscv32-unknown-elf/8.2.0/../../../../riscv32-unknown-elf/lib/libm.a(lib_a-s_cos.o)
 .comment       0x0000000000000011       0x12 /opt/riscv32i/lib/gcc/riscv32-unknown-elf/8.2.0/../../../../riscv32-unknown-elf/lib/libm.a(lib_a-s_sin.o)
 .comment       0x0000000000000011       0x12 /opt/riscv32i/lib/gcc/riscv32-unknown-elf/8.2.0/../../../../riscv32-unknown-elf/lib/libm.a(lib_a-w_pow.o)
 .comment       0x0000000000000011       0x12 /opt/riscv32i/lib/gcc/riscv32-unknown-elf/8.2.0/../../../../riscv32-unknown-elf/lib/libm.a(lib_a-e_pow.o)
 .comment       0x0000000000000011       0x12 /opt/riscv32i/lib/gcc/riscv32-unknown-elf/8.2.0/../../../../riscv32-unknown-elf/lib/libm.a(lib_a-e_rem_pio2.o)
 .comment       0x0000000000000011       0x12 /opt/riscv32i/lib/gcc/riscv32-unknown-elf/8.2.0/../../../../riscv32-unknown-elf/lib/libm.a(lib_a-e_sqrt.o)
 .comment       0x0000000000000011       0x12 /opt/riscv32i/lib/gcc/riscv32-unknown-elf/8.2.0/../../../../riscv32-unknown-elf/lib/libm.a(lib_a-k_cos.o)
 .comment       0x0000000000000011       0x12 /opt/riscv32i/lib/gcc/riscv32-unknown-elf/8.2.0/../../../../riscv32-unknown-elf/lib/libm.a(lib_a-k_rem_pio2.o)
 .comment       0x0000000000000011       0x12 /opt/riscv32i/lib/gcc/riscv32-unknown-elf/8.2.0/../../../../riscv32-unknown-elf/lib/libm.a(lib_a-k_sin.o)
 .comment       0x0000000000000011       0x12 /opt/riscv32i/lib/gcc/riscv32-unknown-elf/8.2.0/../../../../riscv32-unknown-elf/lib/libm.a(lib_a-s_fabs.o)
 .comment       0x0000000000000011       0x12 /opt/riscv32i/lib/gcc/riscv32-unknown-elf/8.2.0/../../../../riscv32-unknown-elf/lib/libm.a(lib_a-s_finite.o)
 .comment       0x0000000000000011       0x12 /opt/riscv32i/lib/gcc/riscv32-unknown-elf/8.2.0/../../../../riscv32-unknown-elf/lib/libm.a(lib_a-s_floor.o)
 .comment       0x0000000000000011       0x12 /opt/riscv32i/lib/gcc/riscv32-unknown-elf/8.2.0/../../../../riscv32-unknown-elf/lib/libm.a(lib_a-s_lib_ver.o)
 .comment       0x0000000000000011       0x12 /opt/riscv32i/lib/gcc/riscv32-unknown-elf/8.2.0/../../../../riscv32-unknown-elf/lib/libm.a(lib_a-s_matherr.o)
 .comment       0x0000000000000011       0x12 /opt/riscv32i/lib/gcc/riscv32-unknown-elf/8.2.0/../../../../riscv32-unknown-elf/lib/libm.a(lib_a-s_nan.o)
 .comment       0x0000000000000011       0x12 /opt/riscv32i/lib/gcc/riscv32-unknown-elf/8.2.0/../../../../riscv32-unknown-elf/lib/libm.a(lib_a-s_rint.o)
 .comment       0x0000000000000011       0x12 /opt/riscv32i/lib/gcc/riscv32-unknown-elf/8.2.0/../../../../riscv32-unknown-elf/lib/libm.a(lib_a-s_scalbn.o)
 .comment       0x0000000000000011       0x12 /opt/riscv32i/lib/gcc/riscv32-unknown-elf/8.2.0/../../../../riscv32-unknown-elf/lib/libm.a(lib_a-s_copysign.o)
 .comment       0x0000000000000011       0x12 /opt/riscv32i/lib/gcc/riscv32-unknown-elf/8.2.0/libgcc.a(adddf3.o)
 .comment       0x0000000000000011       0x12 /opt/riscv32i/lib/gcc/riscv32-unknown-elf/8.2.0/libgcc.a(divdf3.o)
 .comment       0x0000000000000011       0x12 /opt/riscv32i/lib/gcc/riscv32-unknown-elf/8.2.0/libgcc.a(eqdf2.o)
 .comment       0x0000000000000011       0x12 /opt/riscv32i/lib/gcc/riscv32-unknown-elf/8.2.0/libgcc.a(gedf2.o)
 .comment       0x0000000000000011       0x12 /opt/riscv32i/lib/gcc/riscv32-unknown-elf/8.2.0/libgcc.a(ledf2.o)
 .comment       0x0000000000000011       0x12 /opt/riscv32i/lib/gcc/riscv32-unknown-elf/8.2.0/libgcc.a(muldf3.o)
 .comment       0x0000000000000011       0x12 /opt/riscv32i/lib/gcc/riscv32-unknown-elf/8.2.0/libgcc.a(subdf3.o)
 .comment       0x0000000000000011       0x12 /opt/riscv32i/lib/gcc/riscv32-unknown-elf/8.2.0/libgcc.a(unorddf2.o)
 .comment       0x0000000000000011       0x12 /opt/riscv32i/lib/gcc/riscv32-unknown-elf/8.2.0/libgcc.a(fixdfsi.o)
 .comment       0x0000000000000011       0x12 /opt/riscv32i/lib/gcc/riscv32-unknown-elf/8.2.0/libgcc.a(floatsidf.o)
 .comment       0x0000000000000011       0x12 /opt/riscv32i/lib/gcc/riscv32-unknown-elf/8.2.0/libgcc.a(addsf3.o)
 .comment       0x0000000000000011       0x12 /opt/riscv32i/lib/gcc/riscv32-unknown-elf/8.2.0/libgcc.a(divsf3.o)
 .comment       0x0000000000000011       0x12 /opt/riscv32i/lib/gcc/riscv32-unknown-elf/8.2.0/libgcc.a(lesf2.o)
 .comment       0x0000000000000011       0x12 /opt/riscv32i/lib/gcc/riscv32-unknown-elf/8.2.0/libgcc.a(mulsf3.o)
 .comment       0x0000000000000011       0x12 /opt/riscv32i/lib/gcc/riscv32-unknown-elf/8.2.0/libgcc.a(subsf3.o)
 .comment       0x0000000000000011       0x12 /opt/riscv32i/lib/gcc/riscv32-unknown-elf/8.2.0/libgcc.a(fixsfsi.o)
 .comment       0x0000000000000011       0x12 /opt/riscv32i/lib/gcc/riscv32-unknown-elf/8.2.0/libgcc.a(floatsisf.o)
 .comment       0x0000000000000011       0x12 /opt/riscv32i/lib/gcc/riscv32-unknown-elf/8.2.0/libgcc.a(floatunsisf.o)
 .comment       0x0000000000000011       0x12 /opt/riscv32i/lib/gcc/riscv32-unknown-elf/8.2.0/libgcc.a(extendsfdf2.o)
 .comment       0x0000000000000011       0x12 /opt/riscv32i/lib/gcc/riscv32-unknown-elf/8.2.0/libgcc.a(truncdfsf2.o)
 .comment       0x0000000000000011       0x12 /opt/riscv32i/lib/gcc/riscv32-unknown-elf/8.2.0/libgcc.a(_clzsi2.o)
 .comment       0x0000000000000011       0x12 /opt/riscv32i/lib/gcc/riscv32-unknown-elf/8.2.0/libgcc.a(_clz.o)
 .comment       0x0000000000000011       0x12 /opt/riscv32i/lib/gcc/riscv32-unknown-elf/8.2.0/../../../../riscv32-unknown-elf/lib/libc.a(lib_a-errno.o)
 .comment       0x0000000000000011       0x12 /opt/riscv32i/lib/gcc/riscv32-unknown-elf/8.2.0/../../../../riscv32-unknown-elf/lib/libc.a(lib_a-impure.o)

Cross Reference Table

Symbol                                            File
__adddf3                                          /opt/riscv32i/lib/gcc/riscv32-unknown-elf/8.2.0/libgcc.a(adddf3.o)
                                                  /opt/riscv32i/lib/gcc/riscv32-unknown-elf/8.2.0/../../../../riscv32-unknown-elf/lib/libm.a(lib_a-s_scalbn.o)
                                                  /opt/riscv32i/lib/gcc/riscv32-unknown-elf/8.2.0/../../../../riscv32-unknown-elf/lib/libm.a(lib_a-s_rint.o)
                                                  /opt/riscv32i/lib/gcc/riscv32-unknown-elf/8.2.0/../../../../riscv32-unknown-elf/lib/libm.a(lib_a-s_floor.o)
                                                  /opt/riscv32i/lib/gcc/riscv32-unknown-elf/8.2.0/../../../../riscv32-unknown-elf/lib/libm.a(lib_a-k_sin.o)
                                                  /opt/riscv32i/lib/gcc/riscv32-unknown-elf/8.2.0/../../../../riscv32-unknown-elf/lib/libm.a(lib_a-k_rem_pio2.o)
                                                  /opt/riscv32i/lib/gcc/riscv32-unknown-elf/8.2.0/../../../../riscv32-unknown-elf/lib/libm.a(lib_a-k_cos.o)
                                                  /opt/riscv32i/lib/gcc/riscv32-unknown-elf/8.2.0/../../../../riscv32-unknown-elf/lib/libm.a(lib_a-e_sqrt.o)
                                                  /opt/riscv32i/lib/gcc/riscv32-unknown-elf/8.2.0/../../../../riscv32-unknown-elf/lib/libm.a(lib_a-e_rem_pio2.o)
                                                  /opt/riscv32i/lib/gcc/riscv32-unknown-elf/8.2.0/../../../../riscv32-unknown-elf/lib/libm.a(lib_a-e_pow.o)
                                                  /tmp/ccOsdYLI.o
__addsf3                                          /opt/riscv32i/lib/gcc/riscv32-unknown-elf/8.2.0/libgcc.a(addsf3.o)
                                                  /tmp/ccOsdYLI.o
__clz_tab                                         /opt/riscv32i/lib/gcc/riscv32-unknown-elf/8.2.0/libgcc.a(_clz.o)
                                                  /opt/riscv32i/lib/gcc/riscv32-unknown-elf/8.2.0/libgcc.a(_clzsi2.o)
__clzsi2                                          /opt/riscv32i/lib/gcc/riscv32-unknown-elf/8.2.0/libgcc.a(_clzsi2.o)
                                                  /opt/riscv32i/lib/gcc/riscv32-unknown-elf/8.2.0/libgcc.a(extendsfdf2.o)
                                                  /opt/riscv32i/lib/gcc/riscv32-unknown-elf/8.2.0/libgcc.a(floatunsisf.o)
                                                  /opt/riscv32i/lib/gcc/riscv32-unknown-elf/8.2.0/libgcc.a(floatsisf.o)
                                                  /opt/riscv32i/lib/gcc/riscv32-unknown-elf/8.2.0/libgcc.a(subsf3.o)
                                                  /opt/riscv32i/lib/gcc/riscv32-unknown-elf/8.2.0/libgcc.a(mulsf3.o)
                                                  /opt/riscv32i/lib/gcc/riscv32-unknown-elf/8.2.0/libgcc.a(divsf3.o)
                                                  /opt/riscv32i/lib/gcc/riscv32-unknown-elf/8.2.0/libgcc.a(addsf3.o)
                                                  /opt/riscv32i/lib/gcc/riscv32-unknown-elf/8.2.0/libgcc.a(floatsidf.o)
                                                  /opt/riscv32i/lib/gcc/riscv32-unknown-elf/8.2.0/libgcc.a(subdf3.o)
                                                  /opt/riscv32i/lib/gcc/riscv32-unknown-elf/8.2.0/libgcc.a(muldf3.o)
                                                  /opt/riscv32i/lib/gcc/riscv32-unknown-elf/8.2.0/libgcc.a(divdf3.o)
                                                  /opt/riscv32i/lib/gcc/riscv32-unknown-elf/8.2.0/libgcc.a(adddf3.o)
__divdf3                                          /opt/riscv32i/lib/gcc/riscv32-unknown-elf/8.2.0/libgcc.a(divdf3.o)
                                                  /opt/riscv32i/lib/gcc/riscv32-unknown-elf/8.2.0/../../../../riscv32-unknown-elf/lib/libm.a(lib_a-e_sqrt.o)
                                                  /opt/riscv32i/lib/gcc/riscv32-unknown-elf/8.2.0/../../../../riscv32-unknown-elf/lib/libm.a(lib_a-e_pow.o)
                                                  /opt/riscv32i/lib/gcc/riscv32-unknown-elf/8.2.0/../../../../riscv32-unknown-elf/lib/libm.a(lib_a-w_pow.o)
                                                  /tmp/ccOsdYLI.o
__divsf3                                          /opt/riscv32i/lib/gcc/riscv32-unknown-elf/8.2.0/libgcc.a(divsf3.o)
                                                  /tmp/ccOsdYLI.o
__divsi3                                          /opt/riscv32i/lib/gcc/riscv32-unknown-elf/8.2.0/libgcc.a(div.o)
                                                  /opt/riscv32i/lib/gcc/riscv32-unknown-elf/8.2.0/../../../../riscv32-unknown-elf/lib/libm.a(lib_a-k_rem_pio2.o)
__eqdf2                                           /opt/riscv32i/lib/gcc/riscv32-unknown-elf/8.2.0/libgcc.a(eqdf2.o)
                                                  /opt/riscv32i/lib/gcc/riscv32-unknown-elf/8.2.0/../../../../riscv32-unknown-elf/lib/libm.a(lib_a-k_rem_pio2.o)
                                                  /opt/riscv32i/lib/gcc/riscv32-unknown-elf/8.2.0/../../../../riscv32-unknown-elf/lib/libm.a(lib_a-e_rem_pio2.o)
                                                  /opt/riscv32i/lib/gcc/riscv32-unknown-elf/8.2.0/../../../../riscv32-unknown-elf/lib/libm.a(lib_a-w_pow.o)
__errno                                           /opt/riscv32i/lib/gcc/riscv32-unknown-elf/8.2.0/../../../../riscv32-unknown-elf/lib/libc.a(lib_a-errno.o)
                                                  /opt/riscv32i/lib/gcc/riscv32-unknown-elf/8.2.0/../../../../riscv32-unknown-elf/lib/libm.a(lib_a-w_pow.o)
__extendsfdf2                                     /opt/riscv32i/lib/gcc/riscv32-unknown-elf/8.2.0/libgcc.a(extendsfdf2.o)
                                                  /tmp/ccOsdYLI.o
__fdlib_version                                   /opt/riscv32i/lib/gcc/riscv32-unknown-elf/8.2.0/../../../../riscv32-unknown-elf/lib/libm.a(lib_a-s_lib_ver.o)
                                                  /opt/riscv32i/lib/gcc/riscv32-unknown-elf/8.2.0/../../../../riscv32-unknown-elf/lib/libm.a(lib_a-w_pow.o)
__fixdfsi                                         /opt/riscv32i/lib/gcc/riscv32-unknown-elf/8.2.0/libgcc.a(fixdfsi.o)
                                                  /opt/riscv32i/lib/gcc/riscv32-unknown-elf/8.2.0/../../../../riscv32-unknown-elf/lib/libm.a(lib_a-k_sin.o)
                                                  /opt/riscv32i/lib/gcc/riscv32-unknown-elf/8.2.0/../../../../riscv32-unknown-elf/lib/libm.a(lib_a-k_rem_pio2.o)
                                                  /opt/riscv32i/lib/gcc/riscv32-unknown-elf/8.2.0/../../../../riscv32-unknown-elf/lib/libm.a(lib_a-k_cos.o)
                                                  /opt/riscv32i/lib/gcc/riscv32-unknown-elf/8.2.0/../../../../riscv32-unknown-elf/lib/libm.a(lib_a-e_rem_pio2.o)
__fixsfsi                                         /opt/riscv32i/lib/gcc/riscv32-unknown-elf/8.2.0/libgcc.a(fixsfsi.o)
                                                  /tmp/ccOsdYLI.o
__floatsidf                                       /opt/riscv32i/lib/gcc/riscv32-unknown-elf/8.2.0/libgcc.a(floatsidf.o)
                                                  /opt/riscv32i/lib/gcc/riscv32-unknown-elf/8.2.0/../../../../riscv32-unknown-elf/lib/libm.a(lib_a-k_rem_pio2.o)
                                                  /opt/riscv32i/lib/gcc/riscv32-unknown-elf/8.2.0/../../../../riscv32-unknown-elf/lib/libm.a(lib_a-e_rem_pio2.o)
                                                  /opt/riscv32i/lib/gcc/riscv32-unknown-elf/8.2.0/../../../../riscv32-unknown-elf/lib/libm.a(lib_a-e_pow.o)
                                                  /tmp/ccOsdYLI.o
__floatsisf                                       /opt/riscv32i/lib/gcc/riscv32-unknown-elf/8.2.0/libgcc.a(floatsisf.o)
                                                  /tmp/ccOsdYLI.o
__floatunsisf                                     /opt/riscv32i/lib/gcc/riscv32-unknown-elf/8.2.0/libgcc.a(floatunsisf.o)
                                                  /tmp/ccOsdYLI.o
__gedf2                                           /opt/riscv32i/lib/gcc/riscv32-unknown-elf/8.2.0/libgcc.a(gedf2.o)
                                                  /opt/riscv32i/lib/gcc/riscv32-unknown-elf/8.2.0/../../../../riscv32-unknown-elf/lib/libm.a(lib_a-k_rem_pio2.o)
                                                  /opt/riscv32i/lib/gcc/riscv32-unknown-elf/8.2.0/../../../../riscv32-unknown-elf/lib/libm.a(lib_a-e_pow.o)
__gtdf2                                           /opt/riscv32i/lib/gcc/riscv32-unknown-elf/8.2.0/libgcc.a(gedf2.o)
                                                  /opt/riscv32i/lib/gcc/riscv32-unknown-elf/8.2.0/../../../../riscv32-unknown-elf/lib/libm.a(lib_a-s_floor.o)
                                                  /opt/riscv32i/lib/gcc/riscv32-unknown-elf/8.2.0/../../../../riscv32-unknown-elf/lib/libm.a(lib_a-e_pow.o)
                                                  /tmp/ccOsdYLI.o
__ieee754_pow                                     /opt/riscv32i/lib/gcc/riscv32-unknown-elf/8.2.0/../../../../riscv32-unknown-elf/lib/libm.a(lib_a-e_pow.o)
                                                  /opt/riscv32i/lib/gcc/riscv32-unknown-elf/8.2.0/../../../../riscv32-unknown-elf/lib/libm.a(lib_a-w_pow.o)
__ieee754_rem_pio2                                /opt/riscv32i/lib/gcc/riscv32-unknown-elf/8.2.0/../../../../riscv32-unknown-elf/lib/libm.a(lib_a-e_rem_pio2.o)
                                                  /opt/riscv32i/lib/gcc/riscv32-unknown-elf/8.2.0/../../../../riscv32-unknown-elf/lib/libm.a(lib_a-s_sin.o)
                                                  /opt/riscv32i/lib/gcc/riscv32-unknown-elf/8.2.0/../../../../riscv32-unknown-elf/lib/libm.a(lib_a-s_cos.o)
__ieee754_sqrt                                    /opt/riscv32i/lib/gcc/riscv32-unknown-elf/8.2.0/../../../../riscv32-unknown-elf/lib/libm.a(lib_a-e_sqrt.o)
                                                  /opt/riscv32i/lib/gcc/riscv32-unknown-elf/8.2.0/../../../../riscv32-unknown-elf/lib/libm.a(lib_a-e_pow.o)
__kernel_cos                                      /opt/riscv32i/lib/gcc/riscv32-unknown-elf/8.2.0/../../../../riscv32-unknown-elf/lib/libm.a(lib_a-k_cos.o)
                                                  /opt/riscv32i/lib/gcc/riscv32-unknown-elf/8.2.0/../../../../riscv32-unknown-elf/lib/libm.a(lib_a-s_sin.o)
                                                  /opt/riscv32i/lib/gcc/riscv32-unknown-elf/8.2.0/../../../../riscv32-unknown-elf/lib/libm.a(lib_a-s_cos.o)
__kernel_rem_pio2                                 /opt/riscv32i/lib/gcc/riscv32-unknown-elf/8.2.0/../../../../riscv32-unknown-elf/lib/libm.a(lib_a-k_rem_pio2.o)
                                                  /opt/riscv32i/lib/gcc/riscv32-unknown-elf/8.2.0/../../../../riscv32-unknown-elf/lib/libm.a(lib_a-e_rem_pio2.o)
__kernel_sin                                      /opt/riscv32i/lib/gcc/riscv32-unknown-elf/8.2.0/../../../../riscv32-unknown-elf/lib/libm.a(lib_a-k_sin.o)
                                                  /opt/riscv32i/lib/gcc/riscv32-unknown-elf/8.2.0/../../../../riscv32-unknown-elf/lib/libm.a(lib_a-s_sin.o)
                                                  /opt/riscv32i/lib/gcc/riscv32-unknown-elf/8.2.0/../../../../riscv32-unknown-elf/lib/libm.a(lib_a-s_cos.o)
__ledf2                                           /opt/riscv32i/lib/gcc/riscv32-unknown-elf/8.2.0/libgcc.a(ledf2.o)
__lesf2                                           /opt/riscv32i/lib/gcc/riscv32-unknown-elf/8.2.0/libgcc.a(lesf2.o)
__ltdf2                                           /opt/riscv32i/lib/gcc/riscv32-unknown-elf/8.2.0/libgcc.a(ledf2.o)
                                                  /opt/riscv32i/lib/gcc/riscv32-unknown-elf/8.2.0/../../../../riscv32-unknown-elf/lib/libm.a(lib_a-w_pow.o)
                                                  /tmp/ccOsdYLI.o
__ltsf2                                           /opt/riscv32i/lib/gcc/riscv32-unknown-elf/8.2.0/libgcc.a(lesf2.o)
                                                  /tmp/ccOsdYLI.o
__modsi3                                          /opt/riscv32i/lib/gcc/riscv32-unknown-elf/8.2.0/libgcc.a(div.o)
__muldf3                                          /opt/riscv32i/lib/gcc/riscv32-unknown-elf/8.2.0/libgcc.a(muldf3.o)
                                                  /opt/riscv32i/lib/gcc/riscv32-unknown-elf/8.2.0/../../../../riscv32-unknown-elf/lib/libm.a(lib_a-s_scalbn.o)
                                                  /opt/riscv32i/lib/gcc/riscv32-unknown-elf/8.2.0/../../../../riscv32-unknown-elf/lib/libm.a(lib_a-k_sin.o)
                                                  /opt/riscv32i/lib/gcc/riscv32-unknown-elf/8.2.0/../../../../riscv32-unknown-elf/lib/libm.a(lib_a-k_rem_pio2.o)
                                                  /opt/riscv32i/lib/gcc/riscv32-unknown-elf/8.2.0/../../../../riscv32-unknown-elf/lib/libm.a(lib_a-k_cos.o)
                                                  /opt/riscv32i/lib/gcc/riscv32-unknown-elf/8.2.0/../../../../riscv32-unknown-elf/lib/libm.a(lib_a-e_sqrt.o)
                                                  /opt/riscv32i/lib/gcc/riscv32-unknown-elf/8.2.0/../../../../riscv32-unknown-elf/lib/libm.a(lib_a-e_rem_pio2.o)
                                                  /opt/riscv32i/lib/gcc/riscv32-unknown-elf/8.2.0/../../../../riscv32-unknown-elf/lib/libm.a(lib_a-e_pow.o)
                                                  /opt/riscv32i/lib/gcc/riscv32-unknown-elf/8.2.0/../../../../riscv32-unknown-elf/lib/libm.a(lib_a-w_pow.o)
                                                  /tmp/ccOsdYLI.o
__mulsf3                                          /opt/riscv32i/lib/gcc/riscv32-unknown-elf/8.2.0/libgcc.a(mulsf3.o)
                                                  /tmp/ccOsdYLI.o
__mulsi3                                          /opt/riscv32i/lib/gcc/riscv32-unknown-elf/8.2.0/libgcc.a(muldi3.o)
                                                  /opt/riscv32i/lib/gcc/riscv32-unknown-elf/8.2.0/libgcc.a(mulsf3.o)
                                                  /opt/riscv32i/lib/gcc/riscv32-unknown-elf/8.2.0/libgcc.a(divsf3.o)
                                                  /opt/riscv32i/lib/gcc/riscv32-unknown-elf/8.2.0/libgcc.a(muldf3.o)
                                                  /opt/riscv32i/lib/gcc/riscv32-unknown-elf/8.2.0/libgcc.a(divdf3.o)
__nedf2                                           /opt/riscv32i/lib/gcc/riscv32-unknown-elf/8.2.0/libgcc.a(eqdf2.o)
                                                  /opt/riscv32i/lib/gcc/riscv32-unknown-elf/8.2.0/../../../../riscv32-unknown-elf/lib/libm.a(lib_a-w_pow.o)
__subdf3                                          /opt/riscv32i/lib/gcc/riscv32-unknown-elf/8.2.0/libgcc.a(subdf3.o)
                                                  /opt/riscv32i/lib/gcc/riscv32-unknown-elf/8.2.0/../../../../riscv32-unknown-elf/lib/libm.a(lib_a-s_rint.o)
                                                  /opt/riscv32i/lib/gcc/riscv32-unknown-elf/8.2.0/../../../../riscv32-unknown-elf/lib/libm.a(lib_a-k_sin.o)
                                                  /opt/riscv32i/lib/gcc/riscv32-unknown-elf/8.2.0/../../../../riscv32-unknown-elf/lib/libm.a(lib_a-k_rem_pio2.o)
                                                  /opt/riscv32i/lib/gcc/riscv32-unknown-elf/8.2.0/../../../../riscv32-unknown-elf/lib/libm.a(lib_a-k_cos.o)
                                                  /opt/riscv32i/lib/gcc/riscv32-unknown-elf/8.2.0/../../../../riscv32-unknown-elf/lib/libm.a(lib_a-e_sqrt.o)
                                                  /opt/riscv32i/lib/gcc/riscv32-unknown-elf/8.2.0/../../../../riscv32-unknown-elf/lib/libm.a(lib_a-e_rem_pio2.o)
                                                  /opt/riscv32i/lib/gcc/riscv32-unknown-elf/8.2.0/../../../../riscv32-unknown-elf/lib/libm.a(lib_a-e_pow.o)
                                                  /opt/riscv32i/lib/gcc/riscv32-unknown-elf/8.2.0/../../../../riscv32-unknown-elf/lib/libm.a(lib_a-s_sin.o)
                                                  /opt/riscv32i/lib/gcc/riscv32-unknown-elf/8.2.0/../../../../riscv32-unknown-elf/lib/libm.a(lib_a-s_cos.o)
                                                  /tmp/ccOsdYLI.o
__subsf3                                          /opt/riscv32i/lib/gcc/riscv32-unknown-elf/8.2.0/libgcc.a(subsf3.o)
                                                  /tmp/ccOsdYLI.o
__truncdfsf2                                      /opt/riscv32i/lib/gcc/riscv32-unknown-elf/8.2.0/libgcc.a(truncdfsf2.o)
                                                  /tmp/ccOsdYLI.o
__udivsi3                                         /opt/riscv32i/lib/gcc/riscv32-unknown-elf/8.2.0/libgcc.a(div.o)
                                                  /opt/riscv32i/lib/gcc/riscv32-unknown-elf/8.2.0/libgcc.a(divsf3.o)
                                                  /opt/riscv32i/lib/gcc/riscv32-unknown-elf/8.2.0/libgcc.a(divdf3.o)
__umodsi3                                         /opt/riscv32i/lib/gcc/riscv32-unknown-elf/8.2.0/libgcc.a(div.o)
                                                  /opt/riscv32i/lib/gcc/riscv32-unknown-elf/8.2.0/libgcc.a(divsf3.o)
                                                  /opt/riscv32i/lib/gcc/riscv32-unknown-elf/8.2.0/libgcc.a(divdf3.o)
__unorddf2                                        /opt/riscv32i/lib/gcc/riscv32-unknown-elf/8.2.0/libgcc.a(unorddf2.o)
                                                  /opt/riscv32i/lib/gcc/riscv32-unknown-elf/8.2.0/../../../../riscv32-unknown-elf/lib/libm.a(lib_a-w_pow.o)
_ebss                                             /tmp/ccOsdYLI.o
_global_impure_ptr                                /opt/riscv32i/lib/gcc/riscv32-unknown-elf/8.2.0/../../../../riscv32-unknown-elf/lib/libc.a(lib_a-impure.o)
_impure_ptr                                       /opt/riscv32i/lib/gcc/riscv32-unknown-elf/8.2.0/../../../../riscv32-unknown-elf/lib/libc.a(lib_a-impure.o)
                                                  /opt/riscv32i/lib/gcc/riscv32-unknown-elf/8.2.0/../../../../riscv32-unknown-elf/lib/libc.a(lib_a-errno.o)
_sbss                                             /tmp/ccOsdYLI.o
a                                                 /tmp/ccOsdYLI.o
alpha                                             /tmp/ccOsdYLI.o
analogWrite                                       /tmp/ccOsdYLI.o
arr                                               /tmp/ccOsdYLI.o
beta                                              /tmp/ccOsdYLI.o
calcNewPosition                                   /tmp/ccOsdYLI.o
clockA                                            /tmp/ccOsdYLI.o
copysign                                          /opt/riscv32i/lib/gcc/riscv32-unknown-elf/8.2.0/../../../../riscv32-unknown-elf/lib/libm.a(lib_a-s_copysign.o)
                                                  /opt/riscv32i/lib/gcc/riscv32-unknown-elf/8.2.0/../../../../riscv32-unknown-elf/lib/libm.a(lib_a-s_scalbn.o)
cos                                               /opt/riscv32i/lib/gcc/riscv32-unknown-elf/8.2.0/../../../../riscv32-unknown-elf/lib/libm.a(lib_a-s_cos.o)
                                                  /tmp/ccOsdYLI.o
countingTimeToEnd                                 /tmp/ccOsdYLI.o
curTheta                                          /tmp/ccOsdYLI.o
curX                                              /tmp/ccOsdYLI.o
curY                                              /tmp/ccOsdYLI.o
dTheta                                            /tmp/ccOsdYLI.o
debug                                             /tmp/ccUFfDxA.o
ds                                                /tmp/ccOsdYLI.o
dsDer                                             /tmp/ccOsdYLI.o
dsIzq                                             /tmp/ccOsdYLI.o
errorDer                                          /tmp/ccOsdYLI.o
errorIzq                                          /tmp/ccOsdYLI.o
errorSignalDer                                    /tmp/ccOsdYLI.o
errorSignalIzq                                    /tmp/ccOsdYLI.o
errorTime                                         /tmp/ccOsdYLI.o
errorsDerArray                                    /tmp/ccOsdYLI.o
errorsIzqArray                                    /tmp/ccOsdYLI.o
fabs                                              /opt/riscv32i/lib/gcc/riscv32-unknown-elf/8.2.0/../../../../riscv32-unknown-elf/lib/libm.a(lib_a-s_fabs.o)
                                                  /opt/riscv32i/lib/gcc/riscv32-unknown-elf/8.2.0/../../../../riscv32-unknown-elf/lib/libm.a(lib_a-e_rem_pio2.o)
                                                  /opt/riscv32i/lib/gcc/riscv32-unknown-elf/8.2.0/../../../../riscv32-unknown-elf/lib/libm.a(lib_a-e_pow.o)
finish                                            /tmp/ccOsdYLI.o
finite                                            /opt/riscv32i/lib/gcc/riscv32-unknown-elf/8.2.0/../../../../riscv32-unknown-elf/lib/libm.a(lib_a-s_finite.o)
                                                  /opt/riscv32i/lib/gcc/riscv32-unknown-elf/8.2.0/../../../../riscv32-unknown-elf/lib/libm.a(lib_a-w_pow.o)
floor                                             /opt/riscv32i/lib/gcc/riscv32-unknown-elf/8.2.0/../../../../riscv32-unknown-elf/lib/libm.a(lib_a-s_floor.o)
                                                  /opt/riscv32i/lib/gcc/riscv32-unknown-elf/8.2.0/../../../../riscv32-unknown-elf/lib/libm.a(lib_a-k_rem_pio2.o)
ftoa                                              /tmp/ccOsdYLI.o
i                                                 /tmp/ccOsdYLI.o
intToStr                                          /tmp/ccOsdYLI.o
integralIndex                                     /tmp/ccOsdYLI.o
j                                                 /tmp/ccOsdYLI.o
ka                                                /tmp/ccOsdYLI.o
kb                                                /tmp/ccOsdYLI.o
kdDer                                             /tmp/ccOsdYLI.o
kdIzq                                             /tmp/ccOsdYLI.o
kiDer                                             /tmp/ccOsdYLI.o
kiIzq                                             /tmp/ccOsdYLI.o
kpDer                                             /tmp/ccOsdYLI.o
kpIzq                                             /tmp/ccOsdYLI.o
kr                                                /tmp/ccOsdYLI.o
loop                                              /tmp/ccOsdYLI.o
main                                              /tmp/ccOsdYLI.o
                                                  /tmp/ccUFfDxA.o
matherr                                           /opt/riscv32i/lib/gcc/riscv32-unknown-elf/8.2.0/../../../../riscv32-unknown-elf/lib/libm.a(lib_a-s_matherr.o)
                                                  /opt/riscv32i/lib/gcc/riscv32-unknown-elf/8.2.0/../../../../riscv32-unknown-elf/lib/libm.a(lib_a-w_pow.o)
micros                                            /tmp/ccOsdYLI.o
nan                                               /opt/riscv32i/lib/gcc/riscv32-unknown-elf/8.2.0/../../../../riscv32-unknown-elf/lib/libm.a(lib_a-s_nan.o)
                                                  /opt/riscv32i/lib/gcc/riscv32-unknown-elf/8.2.0/../../../../riscv32-unknown-elf/lib/libm.a(lib_a-e_pow.o)
odometry                                          /tmp/ccOsdYLI.o
pinEncoderDerB                                    /tmp/ccOsdYLI.o
pinEncoderDerF                                    /tmp/ccOsdYLI.o
pinEncoderIzqB                                    /tmp/ccOsdYLI.o
pinEncoderIzqF                                    /tmp/ccOsdYLI.o
pinLedFinished                                    /tmp/ccOsdYLI.o
pinLedFinishing                                   /tmp/ccOsdYLI.o
pinLedMoving                                      /tmp/ccOsdYLI.o
pow                                               /opt/riscv32i/lib/gcc/riscv32-unknown-elf/8.2.0/../../../../riscv32-unknown-elf/lib/libm.a(lib_a-w_pow.o)
                                                  /tmp/ccOsdYLI.o
prevErrDer                                        /tmp/ccOsdYLI.o
prevErrIzq                                        /tmp/ccOsdYLI.o
previousCountDer                                  /tmp/ccOsdYLI.o
previousCountIzq                                  /tmp/ccOsdYLI.o
print                                             /tmp/ccOsdYLI.o
print_dec                                         /tmp/ccOsdYLI.o
print_hex                                         /tmp/ccOsdYLI.o
printf                                            /tmp/ccOsdYLI.o
putchar                                           /tmp/ccOsdYLI.o
pwmValDer                                         /tmp/ccOsdYLI.o
pwmValIzq                                         /tmp/ccOsdYLI.o
readEncoders                                      /tmp/ccOsdYLI.o
reverse                                           /tmp/ccOsdYLI.o
rho                                               /tmp/ccOsdYLI.o
rint                                              /opt/riscv32i/lib/gcc/riscv32-unknown-elf/8.2.0/../../../../riscv32-unknown-elf/lib/libm.a(lib_a-s_rint.o)
                                                  /opt/riscv32i/lib/gcc/riscv32-unknown-elf/8.2.0/../../../../riscv32-unknown-elf/lib/libm.a(lib_a-w_pow.o)
scalbn                                            /opt/riscv32i/lib/gcc/riscv32-unknown-elf/8.2.0/../../../../riscv32-unknown-elf/lib/libm.a(lib_a-s_scalbn.o)
                                                  /opt/riscv32i/lib/gcc/riscv32-unknown-elf/8.2.0/../../../../riscv32-unknown-elf/lib/libm.a(lib_a-k_rem_pio2.o)
                                                  /opt/riscv32i/lib/gcc/riscv32-unknown-elf/8.2.0/../../../../riscv32-unknown-elf/lib/libm.a(lib_a-e_pow.o)
set_irq_mask                                      /tmp/ccOsdYLI.o
setup                                             /tmp/ccOsdYLI.o
sin                                               /opt/riscv32i/lib/gcc/riscv32-unknown-elf/8.2.0/../../../../riscv32-unknown-elf/lib/libm.a(lib_a-s_sin.o)
                                                  /tmp/ccOsdYLI.o
speedDer                                          /tmp/ccOsdYLI.o
speedIzq                                          /tmp/ccOsdYLI.o
timeCountSpeedDer                                 /tmp/ccOsdYLI.o
timeCountSpeedIzq                                 /tmp/ccOsdYLI.o
timePassedDer                                     /tmp/ccOsdYLI.o
timePassedIzq                                     /tmp/ccOsdYLI.o
timeToEnd                                         /tmp/ccOsdYLI.o
timeToPrint                                       /tmp/ccOsdYLI.o
updateWheelsMovement                              /tmp/ccOsdYLI.o
vRefDer                                           /tmp/ccOsdYLI.o
vRefIzq                                           /tmp/ccOsdYLI.o
