Archive member included to satisfy reference by file (symbol)

/opt/riscv32i/lib/gcc/riscv32-unknown-elf/8.2.0/../../../../riscv32-unknown-elf/lib/libm.a(lib_a-s_cos.o)
                              /tmp/ccEFOV3v.o (cos)
/opt/riscv32i/lib/gcc/riscv32-unknown-elf/8.2.0/../../../../riscv32-unknown-elf/lib/libm.a(lib_a-w_pow.o)
                              /tmp/ccEFOV3v.o (pow)
/opt/riscv32i/lib/gcc/riscv32-unknown-elf/8.2.0/../../../../riscv32-unknown-elf/lib/libm.a(lib_a-e_pow.o)
                              /opt/riscv32i/lib/gcc/riscv32-unknown-elf/8.2.0/../../../../riscv32-unknown-elf/lib/libm.a(lib_a-w_pow.o) (__ieee754_pow)
/opt/riscv32i/lib/gcc/riscv32-unknown-elf/8.2.0/../../../../riscv32-unknown-elf/lib/libm.a(lib_a-e_rem_pio2.o)
                              /opt/riscv32i/lib/gcc/riscv32-unknown-elf/8.2.0/../../../../riscv32-unknown-elf/lib/libm.a(lib_a-s_cos.o) (__ieee754_rem_pio2)
/opt/riscv32i/lib/gcc/riscv32-unknown-elf/8.2.0/../../../../riscv32-unknown-elf/lib/libm.a(lib_a-e_sqrt.o)
                              /opt/riscv32i/lib/gcc/riscv32-unknown-elf/8.2.0/../../../../riscv32-unknown-elf/lib/libm.a(lib_a-e_pow.o) (__ieee754_sqrt)
/opt/riscv32i/lib/gcc/riscv32-unknown-elf/8.2.0/../../../../riscv32-unknown-elf/lib/libm.a(lib_a-k_cos.o)
                              /opt/riscv32i/lib/gcc/riscv32-unknown-elf/8.2.0/../../../../riscv32-unknown-elf/lib/libm.a(lib_a-s_cos.o) (__kernel_cos)
/opt/riscv32i/lib/gcc/riscv32-unknown-elf/8.2.0/../../../../riscv32-unknown-elf/lib/libm.a(lib_a-k_rem_pio2.o)
                              /opt/riscv32i/lib/gcc/riscv32-unknown-elf/8.2.0/../../../../riscv32-unknown-elf/lib/libm.a(lib_a-e_rem_pio2.o) (__kernel_rem_pio2)
/opt/riscv32i/lib/gcc/riscv32-unknown-elf/8.2.0/../../../../riscv32-unknown-elf/lib/libm.a(lib_a-k_sin.o)
                              /opt/riscv32i/lib/gcc/riscv32-unknown-elf/8.2.0/../../../../riscv32-unknown-elf/lib/libm.a(lib_a-s_cos.o) (__kernel_sin)
/opt/riscv32i/lib/gcc/riscv32-unknown-elf/8.2.0/../../../../riscv32-unknown-elf/lib/libm.a(lib_a-s_fabs.o)
                              /opt/riscv32i/lib/gcc/riscv32-unknown-elf/8.2.0/../../../../riscv32-unknown-elf/lib/libm.a(lib_a-e_pow.o) (fabs)
/opt/riscv32i/lib/gcc/riscv32-unknown-elf/8.2.0/../../../../riscv32-unknown-elf/lib/libm.a(lib_a-s_finite.o)
                              /opt/riscv32i/lib/gcc/riscv32-unknown-elf/8.2.0/../../../../riscv32-unknown-elf/lib/libm.a(lib_a-w_pow.o) (finite)
/opt/riscv32i/lib/gcc/riscv32-unknown-elf/8.2.0/../../../../riscv32-unknown-elf/lib/libm.a(lib_a-s_floor.o)
                              /opt/riscv32i/lib/gcc/riscv32-unknown-elf/8.2.0/../../../../riscv32-unknown-elf/lib/libm.a(lib_a-k_rem_pio2.o) (floor)
/opt/riscv32i/lib/gcc/riscv32-unknown-elf/8.2.0/../../../../riscv32-unknown-elf/lib/libm.a(lib_a-s_lib_ver.o)
                              /opt/riscv32i/lib/gcc/riscv32-unknown-elf/8.2.0/../../../../riscv32-unknown-elf/lib/libm.a(lib_a-w_pow.o) (__fdlib_version)
/opt/riscv32i/lib/gcc/riscv32-unknown-elf/8.2.0/../../../../riscv32-unknown-elf/lib/libm.a(lib_a-s_matherr.o)
                              /opt/riscv32i/lib/gcc/riscv32-unknown-elf/8.2.0/../../../../riscv32-unknown-elf/lib/libm.a(lib_a-w_pow.o) (matherr)
/opt/riscv32i/lib/gcc/riscv32-unknown-elf/8.2.0/../../../../riscv32-unknown-elf/lib/libm.a(lib_a-s_nan.o)
                              /opt/riscv32i/lib/gcc/riscv32-unknown-elf/8.2.0/../../../../riscv32-unknown-elf/lib/libm.a(lib_a-e_pow.o) (nan)
/opt/riscv32i/lib/gcc/riscv32-unknown-elf/8.2.0/../../../../riscv32-unknown-elf/lib/libm.a(lib_a-s_rint.o)
                              /opt/riscv32i/lib/gcc/riscv32-unknown-elf/8.2.0/../../../../riscv32-unknown-elf/lib/libm.a(lib_a-w_pow.o) (rint)
/opt/riscv32i/lib/gcc/riscv32-unknown-elf/8.2.0/../../../../riscv32-unknown-elf/lib/libm.a(lib_a-s_scalbn.o)
                              /opt/riscv32i/lib/gcc/riscv32-unknown-elf/8.2.0/../../../../riscv32-unknown-elf/lib/libm.a(lib_a-e_pow.o) (scalbn)
/opt/riscv32i/lib/gcc/riscv32-unknown-elf/8.2.0/../../../../riscv32-unknown-elf/lib/libm.a(lib_a-s_copysign.o)
                              /opt/riscv32i/lib/gcc/riscv32-unknown-elf/8.2.0/../../../../riscv32-unknown-elf/lib/libm.a(lib_a-s_scalbn.o) (copysign)
/opt/riscv32i/lib/gcc/riscv32-unknown-elf/8.2.0/libgcc.a(adddf3.o)
                              /opt/riscv32i/lib/gcc/riscv32-unknown-elf/8.2.0/../../../../riscv32-unknown-elf/lib/libm.a(lib_a-e_pow.o) (__adddf3)
/opt/riscv32i/lib/gcc/riscv32-unknown-elf/8.2.0/libgcc.a(divdf3.o)
                              /opt/riscv32i/lib/gcc/riscv32-unknown-elf/8.2.0/../../../../riscv32-unknown-elf/lib/libm.a(lib_a-w_pow.o) (__divdf3)
/opt/riscv32i/lib/gcc/riscv32-unknown-elf/8.2.0/libgcc.a(eqdf2.o)
                              /opt/riscv32i/lib/gcc/riscv32-unknown-elf/8.2.0/../../../../riscv32-unknown-elf/lib/libm.a(lib_a-w_pow.o) (__eqdf2)
/opt/riscv32i/lib/gcc/riscv32-unknown-elf/8.2.0/libgcc.a(gedf2.o)
                              /opt/riscv32i/lib/gcc/riscv32-unknown-elf/8.2.0/../../../../riscv32-unknown-elf/lib/libm.a(lib_a-e_pow.o) (__gedf2)
/opt/riscv32i/lib/gcc/riscv32-unknown-elf/8.2.0/libgcc.a(ledf2.o)
                              /opt/riscv32i/lib/gcc/riscv32-unknown-elf/8.2.0/../../../../riscv32-unknown-elf/lib/libm.a(lib_a-w_pow.o) (__ltdf2)
/opt/riscv32i/lib/gcc/riscv32-unknown-elf/8.2.0/libgcc.a(muldf3.o)
                              /tmp/ccEFOV3v.o (__muldf3)
/opt/riscv32i/lib/gcc/riscv32-unknown-elf/8.2.0/libgcc.a(subdf3.o)
                              /opt/riscv32i/lib/gcc/riscv32-unknown-elf/8.2.0/../../../../riscv32-unknown-elf/lib/libm.a(lib_a-s_cos.o) (__subdf3)
/opt/riscv32i/lib/gcc/riscv32-unknown-elf/8.2.0/libgcc.a(unorddf2.o)
                              /opt/riscv32i/lib/gcc/riscv32-unknown-elf/8.2.0/../../../../riscv32-unknown-elf/lib/libm.a(lib_a-w_pow.o) (__unorddf2)
/opt/riscv32i/lib/gcc/riscv32-unknown-elf/8.2.0/libgcc.a(fixdfsi.o)
                              /tmp/ccEFOV3v.o (__fixdfsi)
/opt/riscv32i/lib/gcc/riscv32-unknown-elf/8.2.0/libgcc.a(floatsidf.o)
                              /tmp/ccEFOV3v.o (__floatsidf)
/opt/riscv32i/lib/gcc/riscv32-unknown-elf/8.2.0/libgcc.a(addsf3.o)
                              /tmp/ccEFOV3v.o (__addsf3)
/opt/riscv32i/lib/gcc/riscv32-unknown-elf/8.2.0/libgcc.a(divsf3.o)
                              /tmp/ccEFOV3v.o (__divsf3)
/opt/riscv32i/lib/gcc/riscv32-unknown-elf/8.2.0/libgcc.a(lesf2.o)
                              /tmp/ccEFOV3v.o (__ltsf2)
/opt/riscv32i/lib/gcc/riscv32-unknown-elf/8.2.0/libgcc.a(mulsf3.o)
                              /tmp/ccEFOV3v.o (__mulsf3)
/opt/riscv32i/lib/gcc/riscv32-unknown-elf/8.2.0/libgcc.a(subsf3.o)
                              /tmp/ccEFOV3v.o (__subsf3)
/opt/riscv32i/lib/gcc/riscv32-unknown-elf/8.2.0/libgcc.a(fixsfsi.o)
                              /tmp/ccEFOV3v.o (__fixsfsi)
/opt/riscv32i/lib/gcc/riscv32-unknown-elf/8.2.0/libgcc.a(floatsisf.o)
                              /tmp/ccEFOV3v.o (__floatsisf)
/opt/riscv32i/lib/gcc/riscv32-unknown-elf/8.2.0/libgcc.a(floatunsisf.o)
                              /tmp/ccEFOV3v.o (__floatunsisf)
/opt/riscv32i/lib/gcc/riscv32-unknown-elf/8.2.0/libgcc.a(extendsfdf2.o)
                              /tmp/ccEFOV3v.o (__extendsfdf2)
/opt/riscv32i/lib/gcc/riscv32-unknown-elf/8.2.0/libgcc.a(truncdfsf2.o)
                              /tmp/ccEFOV3v.o (__truncdfsf2)
/opt/riscv32i/lib/gcc/riscv32-unknown-elf/8.2.0/libgcc.a(muldi3.o)
                              /opt/riscv32i/lib/gcc/riscv32-unknown-elf/8.2.0/libgcc.a(divdf3.o) (__mulsi3)
/opt/riscv32i/lib/gcc/riscv32-unknown-elf/8.2.0/libgcc.a(div.o)
                              /opt/riscv32i/lib/gcc/riscv32-unknown-elf/8.2.0/../../../../riscv32-unknown-elf/lib/libm.a(lib_a-k_rem_pio2.o) (__divsi3)
/opt/riscv32i/lib/gcc/riscv32-unknown-elf/8.2.0/libgcc.a(_clzsi2.o)
                              /opt/riscv32i/lib/gcc/riscv32-unknown-elf/8.2.0/libgcc.a(adddf3.o) (__clzsi2)
/opt/riscv32i/lib/gcc/riscv32-unknown-elf/8.2.0/libgcc.a(_clz.o)
                              /opt/riscv32i/lib/gcc/riscv32-unknown-elf/8.2.0/libgcc.a(_clzsi2.o) (__clz_tab)
/opt/riscv32i/lib/gcc/riscv32-unknown-elf/8.2.0/../../../../riscv32-unknown-elf/lib/libc.a(lib_a-errno.o)
                              /opt/riscv32i/lib/gcc/riscv32-unknown-elf/8.2.0/../../../../riscv32-unknown-elf/lib/libm.a(lib_a-w_pow.o) (__errno)
/opt/riscv32i/lib/gcc/riscv32-unknown-elf/8.2.0/../../../../riscv32-unknown-elf/lib/libc.a(lib_a-impure.o)
                              /opt/riscv32i/lib/gcc/riscv32-unknown-elf/8.2.0/../../../../riscv32-unknown-elf/lib/libc.a(lib_a-errno.o) (_impure_ptr)

Discarded input sections

 .debug_info    0x0000000000000000      0x5a5 /opt/riscv32i/lib/gcc/riscv32-unknown-elf/8.2.0/libgcc.a(adddf3.o)
 .debug_abbrev  0x0000000000000000      0x196 /opt/riscv32i/lib/gcc/riscv32-unknown-elf/8.2.0/libgcc.a(adddf3.o)
 .debug_loc     0x0000000000000000     0x1207 /opt/riscv32i/lib/gcc/riscv32-unknown-elf/8.2.0/libgcc.a(adddf3.o)
 .debug_aranges
                0x0000000000000000       0x20 /opt/riscv32i/lib/gcc/riscv32-unknown-elf/8.2.0/libgcc.a(adddf3.o)
 .debug_ranges  0x0000000000000000      0x210 /opt/riscv32i/lib/gcc/riscv32-unknown-elf/8.2.0/libgcc.a(adddf3.o)
 .debug_line    0x0000000000000000      0xef2 /opt/riscv32i/lib/gcc/riscv32-unknown-elf/8.2.0/libgcc.a(adddf3.o)
 .debug_str     0x0000000000000000      0x31c /opt/riscv32i/lib/gcc/riscv32-unknown-elf/8.2.0/libgcc.a(adddf3.o)
 .debug_frame   0x0000000000000000       0x44 /opt/riscv32i/lib/gcc/riscv32-unknown-elf/8.2.0/libgcc.a(adddf3.o)
 .debug_info    0x0000000000000000      0x87c /opt/riscv32i/lib/gcc/riscv32-unknown-elf/8.2.0/libgcc.a(divdf3.o)
 .debug_abbrev  0x0000000000000000      0x1a1 /opt/riscv32i/lib/gcc/riscv32-unknown-elf/8.2.0/libgcc.a(divdf3.o)
 .debug_loc     0x0000000000000000     0x1130 /opt/riscv32i/lib/gcc/riscv32-unknown-elf/8.2.0/libgcc.a(divdf3.o)
 .debug_aranges
                0x0000000000000000       0x20 /opt/riscv32i/lib/gcc/riscv32-unknown-elf/8.2.0/libgcc.a(divdf3.o)
 .debug_ranges  0x0000000000000000      0x180 /opt/riscv32i/lib/gcc/riscv32-unknown-elf/8.2.0/libgcc.a(divdf3.o)
 .debug_line    0x0000000000000000      0xf6d /opt/riscv32i/lib/gcc/riscv32-unknown-elf/8.2.0/libgcc.a(divdf3.o)
 .debug_str     0x0000000000000000      0x3ea /opt/riscv32i/lib/gcc/riscv32-unknown-elf/8.2.0/libgcc.a(divdf3.o)
 .debug_frame   0x0000000000000000       0x64 /opt/riscv32i/lib/gcc/riscv32-unknown-elf/8.2.0/libgcc.a(divdf3.o)
 .debug_info    0x0000000000000000      0x288 /opt/riscv32i/lib/gcc/riscv32-unknown-elf/8.2.0/libgcc.a(eqdf2.o)
 .debug_abbrev  0x0000000000000000      0x186 /opt/riscv32i/lib/gcc/riscv32-unknown-elf/8.2.0/libgcc.a(eqdf2.o)
 .debug_loc     0x0000000000000000       0xa4 /opt/riscv32i/lib/gcc/riscv32-unknown-elf/8.2.0/libgcc.a(eqdf2.o)
 .debug_aranges
                0x0000000000000000       0x20 /opt/riscv32i/lib/gcc/riscv32-unknown-elf/8.2.0/libgcc.a(eqdf2.o)
 .debug_ranges  0x0000000000000000       0x48 /opt/riscv32i/lib/gcc/riscv32-unknown-elf/8.2.0/libgcc.a(eqdf2.o)
 .debug_line    0x0000000000000000      0x25c /opt/riscv32i/lib/gcc/riscv32-unknown-elf/8.2.0/libgcc.a(eqdf2.o)
 .debug_str     0x0000000000000000      0x236 /opt/riscv32i/lib/gcc/riscv32-unknown-elf/8.2.0/libgcc.a(eqdf2.o)
 .debug_frame   0x0000000000000000       0x20 /opt/riscv32i/lib/gcc/riscv32-unknown-elf/8.2.0/libgcc.a(eqdf2.o)
 .debug_info    0x0000000000000000      0x284 /opt/riscv32i/lib/gcc/riscv32-unknown-elf/8.2.0/libgcc.a(gedf2.o)
 .debug_abbrev  0x0000000000000000      0x188 /opt/riscv32i/lib/gcc/riscv32-unknown-elf/8.2.0/libgcc.a(gedf2.o)
 .debug_loc     0x0000000000000000       0xec /opt/riscv32i/lib/gcc/riscv32-unknown-elf/8.2.0/libgcc.a(gedf2.o)
 .debug_aranges
                0x0000000000000000       0x20 /opt/riscv32i/lib/gcc/riscv32-unknown-elf/8.2.0/libgcc.a(gedf2.o)
 .debug_ranges  0x0000000000000000       0x68 /opt/riscv32i/lib/gcc/riscv32-unknown-elf/8.2.0/libgcc.a(gedf2.o)
 .debug_line    0x0000000000000000      0x2f5 /opt/riscv32i/lib/gcc/riscv32-unknown-elf/8.2.0/libgcc.a(gedf2.o)
 .debug_str     0x0000000000000000      0x25a /opt/riscv32i/lib/gcc/riscv32-unknown-elf/8.2.0/libgcc.a(gedf2.o)
 .debug_frame   0x0000000000000000       0x20 /opt/riscv32i/lib/gcc/riscv32-unknown-elf/8.2.0/libgcc.a(gedf2.o)
 .debug_info    0x0000000000000000      0x284 /opt/riscv32i/lib/gcc/riscv32-unknown-elf/8.2.0/libgcc.a(ledf2.o)
 .debug_abbrev  0x0000000000000000      0x188 /opt/riscv32i/lib/gcc/riscv32-unknown-elf/8.2.0/libgcc.a(ledf2.o)
 .debug_loc     0x0000000000000000       0xec /opt/riscv32i/lib/gcc/riscv32-unknown-elf/8.2.0/libgcc.a(ledf2.o)
 .debug_aranges
                0x0000000000000000       0x20 /opt/riscv32i/lib/gcc/riscv32-unknown-elf/8.2.0/libgcc.a(ledf2.o)
 .debug_ranges  0x0000000000000000       0x68 /opt/riscv32i/lib/gcc/riscv32-unknown-elf/8.2.0/libgcc.a(ledf2.o)
 .debug_line    0x0000000000000000      0x2f5 /opt/riscv32i/lib/gcc/riscv32-unknown-elf/8.2.0/libgcc.a(ledf2.o)
 .debug_str     0x0000000000000000      0x25a /opt/riscv32i/lib/gcc/riscv32-unknown-elf/8.2.0/libgcc.a(ledf2.o)
 .debug_frame   0x0000000000000000       0x20 /opt/riscv32i/lib/gcc/riscv32-unknown-elf/8.2.0/libgcc.a(ledf2.o)
 .debug_info    0x0000000000000000      0x9f0 /opt/riscv32i/lib/gcc/riscv32-unknown-elf/8.2.0/libgcc.a(muldf3.o)
 .debug_abbrev  0x0000000000000000      0x1a8 /opt/riscv32i/lib/gcc/riscv32-unknown-elf/8.2.0/libgcc.a(muldf3.o)
 .debug_loc     0x0000000000000000      0xee4 /opt/riscv32i/lib/gcc/riscv32-unknown-elf/8.2.0/libgcc.a(muldf3.o)
 .debug_aranges
                0x0000000000000000       0x20 /opt/riscv32i/lib/gcc/riscv32-unknown-elf/8.2.0/libgcc.a(muldf3.o)
 .debug_ranges  0x0000000000000000      0x1f8 /opt/riscv32i/lib/gcc/riscv32-unknown-elf/8.2.0/libgcc.a(muldf3.o)
 .debug_line    0x0000000000000000      0xe8a /opt/riscv32i/lib/gcc/riscv32-unknown-elf/8.2.0/libgcc.a(muldf3.o)
 .debug_str     0x0000000000000000      0x442 /opt/riscv32i/lib/gcc/riscv32-unknown-elf/8.2.0/libgcc.a(muldf3.o)
 .debug_frame   0x0000000000000000       0x54 /opt/riscv32i/lib/gcc/riscv32-unknown-elf/8.2.0/libgcc.a(muldf3.o)
 .debug_info    0x0000000000000000      0x5a5 /opt/riscv32i/lib/gcc/riscv32-unknown-elf/8.2.0/libgcc.a(subdf3.o)
 .debug_abbrev  0x0000000000000000      0x196 /opt/riscv32i/lib/gcc/riscv32-unknown-elf/8.2.0/libgcc.a(subdf3.o)
 .debug_loc     0x0000000000000000     0x1221 /opt/riscv32i/lib/gcc/riscv32-unknown-elf/8.2.0/libgcc.a(subdf3.o)
 .debug_aranges
                0x0000000000000000       0x20 /opt/riscv32i/lib/gcc/riscv32-unknown-elf/8.2.0/libgcc.a(subdf3.o)
 .debug_ranges  0x0000000000000000      0x1e8 /opt/riscv32i/lib/gcc/riscv32-unknown-elf/8.2.0/libgcc.a(subdf3.o)
 .debug_line    0x0000000000000000      0xf2f /opt/riscv32i/lib/gcc/riscv32-unknown-elf/8.2.0/libgcc.a(subdf3.o)
 .debug_str     0x0000000000000000      0x31c /opt/riscv32i/lib/gcc/riscv32-unknown-elf/8.2.0/libgcc.a(subdf3.o)
 .debug_frame   0x0000000000000000       0x44 /opt/riscv32i/lib/gcc/riscv32-unknown-elf/8.2.0/libgcc.a(subdf3.o)
 .debug_info    0x0000000000000000      0x289 /opt/riscv32i/lib/gcc/riscv32-unknown-elf/8.2.0/libgcc.a(unorddf2.o)
 .debug_abbrev  0x0000000000000000      0x1a2 /opt/riscv32i/lib/gcc/riscv32-unknown-elf/8.2.0/libgcc.a(unorddf2.o)
 .debug_loc     0x0000000000000000       0x8c /opt/riscv32i/lib/gcc/riscv32-unknown-elf/8.2.0/libgcc.a(unorddf2.o)
 .debug_aranges
                0x0000000000000000       0x20 /opt/riscv32i/lib/gcc/riscv32-unknown-elf/8.2.0/libgcc.a(unorddf2.o)
 .debug_ranges  0x0000000000000000       0x20 /opt/riscv32i/lib/gcc/riscv32-unknown-elf/8.2.0/libgcc.a(unorddf2.o)
 .debug_line    0x0000000000000000      0x1c5 /opt/riscv32i/lib/gcc/riscv32-unknown-elf/8.2.0/libgcc.a(unorddf2.o)
 .debug_str     0x0000000000000000      0x23c /opt/riscv32i/lib/gcc/riscv32-unknown-elf/8.2.0/libgcc.a(unorddf2.o)
 .debug_frame   0x0000000000000000       0x20 /opt/riscv32i/lib/gcc/riscv32-unknown-elf/8.2.0/libgcc.a(unorddf2.o)
 .debug_info    0x0000000000000000      0x217 /opt/riscv32i/lib/gcc/riscv32-unknown-elf/8.2.0/libgcc.a(fixdfsi.o)
 .debug_abbrev  0x0000000000000000      0x18a /opt/riscv32i/lib/gcc/riscv32-unknown-elf/8.2.0/libgcc.a(fixdfsi.o)
 .debug_loc     0x0000000000000000      0x16d /opt/riscv32i/lib/gcc/riscv32-unknown-elf/8.2.0/libgcc.a(fixdfsi.o)
 .debug_aranges
                0x0000000000000000       0x20 /opt/riscv32i/lib/gcc/riscv32-unknown-elf/8.2.0/libgcc.a(fixdfsi.o)
 .debug_ranges  0x0000000000000000       0x18 /opt/riscv32i/lib/gcc/riscv32-unknown-elf/8.2.0/libgcc.a(fixdfsi.o)
 .debug_line    0x0000000000000000      0x219 /opt/riscv32i/lib/gcc/riscv32-unknown-elf/8.2.0/libgcc.a(fixdfsi.o)
 .debug_str     0x0000000000000000      0x233 /opt/riscv32i/lib/gcc/riscv32-unknown-elf/8.2.0/libgcc.a(fixdfsi.o)
 .debug_frame   0x0000000000000000       0x20 /opt/riscv32i/lib/gcc/riscv32-unknown-elf/8.2.0/libgcc.a(fixdfsi.o)
 .debug_info    0x0000000000000000      0x2bc /opt/riscv32i/lib/gcc/riscv32-unknown-elf/8.2.0/libgcc.a(floatsidf.o)
 .debug_abbrev  0x0000000000000000      0x178 /opt/riscv32i/lib/gcc/riscv32-unknown-elf/8.2.0/libgcc.a(floatsidf.o)
 .debug_loc     0x0000000000000000      0x14e /opt/riscv32i/lib/gcc/riscv32-unknown-elf/8.2.0/libgcc.a(floatsidf.o)
 .debug_aranges
                0x0000000000000000       0x20 /opt/riscv32i/lib/gcc/riscv32-unknown-elf/8.2.0/libgcc.a(floatsidf.o)
 .debug_ranges  0x0000000000000000       0x68 /opt/riscv32i/lib/gcc/riscv32-unknown-elf/8.2.0/libgcc.a(floatsidf.o)
 .debug_line    0x0000000000000000      0x229 /opt/riscv32i/lib/gcc/riscv32-unknown-elf/8.2.0/libgcc.a(floatsidf.o)
 .debug_str     0x0000000000000000      0x2c9 /opt/riscv32i/lib/gcc/riscv32-unknown-elf/8.2.0/libgcc.a(floatsidf.o)
 .debug_frame   0x0000000000000000       0x38 /opt/riscv32i/lib/gcc/riscv32-unknown-elf/8.2.0/libgcc.a(floatsidf.o)
 .debug_info    0x0000000000000000      0x351 /opt/riscv32i/lib/gcc/riscv32-unknown-elf/8.2.0/libgcc.a(addsf3.o)
 .debug_abbrev  0x0000000000000000      0x191 /opt/riscv32i/lib/gcc/riscv32-unknown-elf/8.2.0/libgcc.a(addsf3.o)
 .debug_loc     0x0000000000000000      0x83c /opt/riscv32i/lib/gcc/riscv32-unknown-elf/8.2.0/libgcc.a(addsf3.o)
 .debug_aranges
                0x0000000000000000       0x20 /opt/riscv32i/lib/gcc/riscv32-unknown-elf/8.2.0/libgcc.a(addsf3.o)
 .debug_ranges  0x0000000000000000      0x140 /opt/riscv32i/lib/gcc/riscv32-unknown-elf/8.2.0/libgcc.a(addsf3.o)
 .debug_line    0x0000000000000000      0x929 /opt/riscv32i/lib/gcc/riscv32-unknown-elf/8.2.0/libgcc.a(addsf3.o)
 .debug_str     0x0000000000000000      0x2df /opt/riscv32i/lib/gcc/riscv32-unknown-elf/8.2.0/libgcc.a(addsf3.o)
 .debug_frame   0x0000000000000000       0x40 /opt/riscv32i/lib/gcc/riscv32-unknown-elf/8.2.0/libgcc.a(addsf3.o)
 .debug_info    0x0000000000000000      0x3bf /opt/riscv32i/lib/gcc/riscv32-unknown-elf/8.2.0/libgcc.a(divsf3.o)
 .debug_abbrev  0x0000000000000000      0x17a /opt/riscv32i/lib/gcc/riscv32-unknown-elf/8.2.0/libgcc.a(divsf3.o)
 .debug_loc     0x0000000000000000      0x7fa /opt/riscv32i/lib/gcc/riscv32-unknown-elf/8.2.0/libgcc.a(divsf3.o)
 .debug_aranges
                0x0000000000000000       0x20 /opt/riscv32i/lib/gcc/riscv32-unknown-elf/8.2.0/libgcc.a(divsf3.o)
 .debug_ranges  0x0000000000000000       0xa8 /opt/riscv32i/lib/gcc/riscv32-unknown-elf/8.2.0/libgcc.a(divsf3.o)
 .debug_line    0x0000000000000000      0x758 /opt/riscv32i/lib/gcc/riscv32-unknown-elf/8.2.0/libgcc.a(divsf3.o)
 .debug_str     0x0000000000000000      0x349 /opt/riscv32i/lib/gcc/riscv32-unknown-elf/8.2.0/libgcc.a(divsf3.o)
 .debug_frame   0x0000000000000000       0x5c /opt/riscv32i/lib/gcc/riscv32-unknown-elf/8.2.0/libgcc.a(divsf3.o)
 .debug_info    0x0000000000000000      0x264 /opt/riscv32i/lib/gcc/riscv32-unknown-elf/8.2.0/libgcc.a(lesf2.o)
 .debug_abbrev  0x0000000000000000      0x182 /opt/riscv32i/lib/gcc/riscv32-unknown-elf/8.2.0/libgcc.a(lesf2.o)
 .debug_loc     0x0000000000000000       0xbc /opt/riscv32i/lib/gcc/riscv32-unknown-elf/8.2.0/libgcc.a(lesf2.o)
 .debug_aranges
                0x0000000000000000       0x20 /opt/riscv32i/lib/gcc/riscv32-unknown-elf/8.2.0/libgcc.a(lesf2.o)
 .debug_ranges  0x0000000000000000       0x38 /opt/riscv32i/lib/gcc/riscv32-unknown-elf/8.2.0/libgcc.a(lesf2.o)
 .debug_line    0x0000000000000000      0x2a1 /opt/riscv32i/lib/gcc/riscv32-unknown-elf/8.2.0/libgcc.a(lesf2.o)
 .debug_str     0x0000000000000000      0x23e /opt/riscv32i/lib/gcc/riscv32-unknown-elf/8.2.0/libgcc.a(lesf2.o)
 .debug_frame   0x0000000000000000       0x20 /opt/riscv32i/lib/gcc/riscv32-unknown-elf/8.2.0/libgcc.a(lesf2.o)
 .debug_info    0x0000000000000000      0x450 /opt/riscv32i/lib/gcc/riscv32-unknown-elf/8.2.0/libgcc.a(mulsf3.o)
 .debug_abbrev  0x0000000000000000      0x18b /opt/riscv32i/lib/gcc/riscv32-unknown-elf/8.2.0/libgcc.a(mulsf3.o)
 .debug_loc     0x0000000000000000      0x63e /opt/riscv32i/lib/gcc/riscv32-unknown-elf/8.2.0/libgcc.a(mulsf3.o)
 .debug_aranges
                0x0000000000000000       0x20 /opt/riscv32i/lib/gcc/riscv32-unknown-elf/8.2.0/libgcc.a(mulsf3.o)
 .debug_ranges  0x0000000000000000       0xa8 /opt/riscv32i/lib/gcc/riscv32-unknown-elf/8.2.0/libgcc.a(mulsf3.o)
 .debug_line    0x0000000000000000      0x6fe /opt/riscv32i/lib/gcc/riscv32-unknown-elf/8.2.0/libgcc.a(mulsf3.o)
 .debug_str     0x0000000000000000      0x310 /opt/riscv32i/lib/gcc/riscv32-unknown-elf/8.2.0/libgcc.a(mulsf3.o)
 .debug_frame   0x0000000000000000       0x48 /opt/riscv32i/lib/gcc/riscv32-unknown-elf/8.2.0/libgcc.a(mulsf3.o)
 .debug_info    0x0000000000000000      0x351 /opt/riscv32i/lib/gcc/riscv32-unknown-elf/8.2.0/libgcc.a(subsf3.o)
 .debug_abbrev  0x0000000000000000      0x191 /opt/riscv32i/lib/gcc/riscv32-unknown-elf/8.2.0/libgcc.a(subsf3.o)
 .debug_loc     0x0000000000000000      0xbdf /opt/riscv32i/lib/gcc/riscv32-unknown-elf/8.2.0/libgcc.a(subsf3.o)
 .debug_aranges
                0x0000000000000000       0x20 /opt/riscv32i/lib/gcc/riscv32-unknown-elf/8.2.0/libgcc.a(subsf3.o)
 .debug_ranges  0x0000000000000000      0x140 /opt/riscv32i/lib/gcc/riscv32-unknown-elf/8.2.0/libgcc.a(subsf3.o)
 .debug_line    0x0000000000000000      0x976 /opt/riscv32i/lib/gcc/riscv32-unknown-elf/8.2.0/libgcc.a(subsf3.o)
 .debug_str     0x0000000000000000      0x2df /opt/riscv32i/lib/gcc/riscv32-unknown-elf/8.2.0/libgcc.a(subsf3.o)
 .debug_frame   0x0000000000000000       0x3c /opt/riscv32i/lib/gcc/riscv32-unknown-elf/8.2.0/libgcc.a(subsf3.o)
 .debug_info    0x0000000000000000      0x1f7 /opt/riscv32i/lib/gcc/riscv32-unknown-elf/8.2.0/libgcc.a(fixsfsi.o)
 .debug_abbrev  0x0000000000000000      0x18a /opt/riscv32i/lib/gcc/riscv32-unknown-elf/8.2.0/libgcc.a(fixsfsi.o)
 .debug_loc     0x0000000000000000      0x12d /opt/riscv32i/lib/gcc/riscv32-unknown-elf/8.2.0/libgcc.a(fixsfsi.o)
 .debug_aranges
                0x0000000000000000       0x20 /opt/riscv32i/lib/gcc/riscv32-unknown-elf/8.2.0/libgcc.a(fixsfsi.o)
 .debug_ranges  0x0000000000000000       0x18 /opt/riscv32i/lib/gcc/riscv32-unknown-elf/8.2.0/libgcc.a(fixsfsi.o)
 .debug_line    0x0000000000000000      0x1ff /opt/riscv32i/lib/gcc/riscv32-unknown-elf/8.2.0/libgcc.a(fixsfsi.o)
 .debug_str     0x0000000000000000      0x221 /opt/riscv32i/lib/gcc/riscv32-unknown-elf/8.2.0/libgcc.a(fixsfsi.o)
 .debug_frame   0x0000000000000000       0x20 /opt/riscv32i/lib/gcc/riscv32-unknown-elf/8.2.0/libgcc.a(fixsfsi.o)
 .debug_info    0x0000000000000000      0x25d /opt/riscv32i/lib/gcc/riscv32-unknown-elf/8.2.0/libgcc.a(floatsisf.o)
 .debug_abbrev  0x0000000000000000      0x198 /opt/riscv32i/lib/gcc/riscv32-unknown-elf/8.2.0/libgcc.a(floatsisf.o)
 .debug_loc     0x0000000000000000      0x1a1 /opt/riscv32i/lib/gcc/riscv32-unknown-elf/8.2.0/libgcc.a(floatsisf.o)
 .debug_aranges
                0x0000000000000000       0x20 /opt/riscv32i/lib/gcc/riscv32-unknown-elf/8.2.0/libgcc.a(floatsisf.o)
 .debug_ranges  0x0000000000000000       0x50 /opt/riscv32i/lib/gcc/riscv32-unknown-elf/8.2.0/libgcc.a(floatsisf.o)
 .debug_line    0x0000000000000000      0x2ed /opt/riscv32i/lib/gcc/riscv32-unknown-elf/8.2.0/libgcc.a(floatsisf.o)
 .debug_str     0x0000000000000000      0x2aa /opt/riscv32i/lib/gcc/riscv32-unknown-elf/8.2.0/libgcc.a(floatsisf.o)
 .debug_frame   0x0000000000000000       0x38 /opt/riscv32i/lib/gcc/riscv32-unknown-elf/8.2.0/libgcc.a(floatsisf.o)
 .debug_info    0x0000000000000000      0x24a /opt/riscv32i/lib/gcc/riscv32-unknown-elf/8.2.0/libgcc.a(floatunsisf.o)
 .debug_abbrev  0x0000000000000000      0x1a9 /opt/riscv32i/lib/gcc/riscv32-unknown-elf/8.2.0/libgcc.a(floatunsisf.o)
 .debug_loc     0x0000000000000000      0x165 /opt/riscv32i/lib/gcc/riscv32-unknown-elf/8.2.0/libgcc.a(floatunsisf.o)
 .debug_aranges
                0x0000000000000000       0x20 /opt/riscv32i/lib/gcc/riscv32-unknown-elf/8.2.0/libgcc.a(floatunsisf.o)
 .debug_ranges  0x0000000000000000       0x50 /opt/riscv32i/lib/gcc/riscv32-unknown-elf/8.2.0/libgcc.a(floatunsisf.o)
 .debug_line    0x0000000000000000      0x2ee /opt/riscv32i/lib/gcc/riscv32-unknown-elf/8.2.0/libgcc.a(floatunsisf.o)
 .debug_str     0x0000000000000000      0x2a7 /opt/riscv32i/lib/gcc/riscv32-unknown-elf/8.2.0/libgcc.a(floatunsisf.o)
 .debug_frame   0x0000000000000000       0x34 /opt/riscv32i/lib/gcc/riscv32-unknown-elf/8.2.0/libgcc.a(floatunsisf.o)
 .debug_info    0x0000000000000000      0x2a9 /opt/riscv32i/lib/gcc/riscv32-unknown-elf/8.2.0/libgcc.a(extendsfdf2.o)
 .debug_abbrev  0x0000000000000000      0x17b /opt/riscv32i/lib/gcc/riscv32-unknown-elf/8.2.0/libgcc.a(extendsfdf2.o)
 .debug_loc     0x0000000000000000      0x1a4 /opt/riscv32i/lib/gcc/riscv32-unknown-elf/8.2.0/libgcc.a(extendsfdf2.o)
 .debug_aranges
                0x0000000000000000       0x20 /opt/riscv32i/lib/gcc/riscv32-unknown-elf/8.2.0/libgcc.a(extendsfdf2.o)
 .debug_ranges  0x0000000000000000       0x38 /opt/riscv32i/lib/gcc/riscv32-unknown-elf/8.2.0/libgcc.a(extendsfdf2.o)
 .debug_line    0x0000000000000000      0x361 /opt/riscv32i/lib/gcc/riscv32-unknown-elf/8.2.0/libgcc.a(extendsfdf2.o)
 .debug_str     0x0000000000000000      0x257 /opt/riscv32i/lib/gcc/riscv32-unknown-elf/8.2.0/libgcc.a(extendsfdf2.o)
 .debug_frame   0x0000000000000000       0x38 /opt/riscv32i/lib/gcc/riscv32-unknown-elf/8.2.0/libgcc.a(extendsfdf2.o)
 .debug_info    0x0000000000000000      0x2e2 /opt/riscv32i/lib/gcc/riscv32-unknown-elf/8.2.0/libgcc.a(truncdfsf2.o)
 .debug_abbrev  0x0000000000000000      0x177 /opt/riscv32i/lib/gcc/riscv32-unknown-elf/8.2.0/libgcc.a(truncdfsf2.o)
 .debug_loc     0x0000000000000000      0x369 /opt/riscv32i/lib/gcc/riscv32-unknown-elf/8.2.0/libgcc.a(truncdfsf2.o)
 .debug_aranges
                0x0000000000000000       0x20 /opt/riscv32i/lib/gcc/riscv32-unknown-elf/8.2.0/libgcc.a(truncdfsf2.o)
 .debug_ranges  0x0000000000000000       0x40 /opt/riscv32i/lib/gcc/riscv32-unknown-elf/8.2.0/libgcc.a(truncdfsf2.o)
 .debug_line    0x0000000000000000      0x3fb /opt/riscv32i/lib/gcc/riscv32-unknown-elf/8.2.0/libgcc.a(truncdfsf2.o)
 .debug_str     0x0000000000000000      0x2b5 /opt/riscv32i/lib/gcc/riscv32-unknown-elf/8.2.0/libgcc.a(truncdfsf2.o)
 .debug_frame   0x0000000000000000       0x20 /opt/riscv32i/lib/gcc/riscv32-unknown-elf/8.2.0/libgcc.a(truncdfsf2.o)
 .debug_line    0x0000000000000000       0x92 /opt/riscv32i/lib/gcc/riscv32-unknown-elf/8.2.0/libgcc.a(muldi3.o)
 .debug_info    0x0000000000000000       0x26 /opt/riscv32i/lib/gcc/riscv32-unknown-elf/8.2.0/libgcc.a(muldi3.o)
 .debug_abbrev  0x0000000000000000       0x14 /opt/riscv32i/lib/gcc/riscv32-unknown-elf/8.2.0/libgcc.a(muldi3.o)
 .debug_aranges
                0x0000000000000000       0x20 /opt/riscv32i/lib/gcc/riscv32-unknown-elf/8.2.0/libgcc.a(muldi3.o)
 .debug_str     0x0000000000000000       0xa3 /opt/riscv32i/lib/gcc/riscv32-unknown-elf/8.2.0/libgcc.a(muldi3.o)
 .debug_line    0x0000000000000000      0x168 /opt/riscv32i/lib/gcc/riscv32-unknown-elf/8.2.0/libgcc.a(div.o)
 .debug_info    0x0000000000000000       0x26 /opt/riscv32i/lib/gcc/riscv32-unknown-elf/8.2.0/libgcc.a(div.o)
 .debug_abbrev  0x0000000000000000       0x14 /opt/riscv32i/lib/gcc/riscv32-unknown-elf/8.2.0/libgcc.a(div.o)
 .debug_aranges
                0x0000000000000000       0x20 /opt/riscv32i/lib/gcc/riscv32-unknown-elf/8.2.0/libgcc.a(div.o)
 .debug_str     0x0000000000000000       0xa0 /opt/riscv32i/lib/gcc/riscv32-unknown-elf/8.2.0/libgcc.a(div.o)
 .debug_info    0x0000000000000000      0xbac /opt/riscv32i/lib/gcc/riscv32-unknown-elf/8.2.0/libgcc.a(_clzsi2.o)
 .debug_abbrev  0x0000000000000000      0x242 /opt/riscv32i/lib/gcc/riscv32-unknown-elf/8.2.0/libgcc.a(_clzsi2.o)
 .debug_loc     0x0000000000000000       0x6b /opt/riscv32i/lib/gcc/riscv32-unknown-elf/8.2.0/libgcc.a(_clzsi2.o)
 .debug_aranges
                0x0000000000000000       0x20 /opt/riscv32i/lib/gcc/riscv32-unknown-elf/8.2.0/libgcc.a(_clzsi2.o)
 .debug_ranges  0x0000000000000000       0x20 /opt/riscv32i/lib/gcc/riscv32-unknown-elf/8.2.0/libgcc.a(_clzsi2.o)
 .debug_line    0x0000000000000000      0x26f /opt/riscv32i/lib/gcc/riscv32-unknown-elf/8.2.0/libgcc.a(_clzsi2.o)
 .debug_str     0x0000000000000000      0x774 /opt/riscv32i/lib/gcc/riscv32-unknown-elf/8.2.0/libgcc.a(_clzsi2.o)
 .debug_frame   0x0000000000000000       0x20 /opt/riscv32i/lib/gcc/riscv32-unknown-elf/8.2.0/libgcc.a(_clzsi2.o)
 .debug_info    0x0000000000000000      0xb3f /opt/riscv32i/lib/gcc/riscv32-unknown-elf/8.2.0/libgcc.a(_clz.o)
 .debug_abbrev  0x0000000000000000      0x1e8 /opt/riscv32i/lib/gcc/riscv32-unknown-elf/8.2.0/libgcc.a(_clz.o)
 .debug_aranges
                0x0000000000000000       0x18 /opt/riscv32i/lib/gcc/riscv32-unknown-elf/8.2.0/libgcc.a(_clz.o)
 .debug_line    0x0000000000000000      0x1ed /opt/riscv32i/lib/gcc/riscv32-unknown-elf/8.2.0/libgcc.a(_clz.o)
 .debug_str     0x0000000000000000      0x757 /opt/riscv32i/lib/gcc/riscv32-unknown-elf/8.2.0/libgcc.a(_clz.o)

Memory Configuration

Name             Origin             Length             Attributes
FLASH            0x0000000000050000 0x0000000000100000 xr
RAM              0x0000000000000000 0x0000000000002000 xrw
*default*        0x0000000000000000 0xffffffffffffffff

Linker script and memory map


.text           0x0000000000050000     0x7948
                0x0000000000050000                . = ALIGN (0x4)
 *(.text)
 .text          0x0000000000050000      0x16a /tmp/ccSf0uVT.o
 .text          0x000000000005016a      0x80a /tmp/ccEFOV3v.o
                0x000000000005016a                set_irq_mask
                0x0000000000050170                putchar
                0x00000000000501a2                print
                0x00000000000501d8                print_hex
                0x000000000005025c                print_dec
                0x0000000000050498                reverse
                0x0000000000050522                intToStr
                0x00000000000505f4                ftoa
                0x0000000000050702                printf
                0x000000000005074e                main
 *fill*         0x0000000000050974        0x0 
 .text          0x0000000000050974       0xac /opt/riscv32i/lib/gcc/riscv32-unknown-elf/8.2.0/../../../../riscv32-unknown-elf/lib/libm.a(lib_a-s_cos.o)
                0x0000000000050974                cos
 .text          0x0000000000050a20      0x474 /opt/riscv32i/lib/gcc/riscv32-unknown-elf/8.2.0/../../../../riscv32-unknown-elf/lib/libm.a(lib_a-w_pow.o)
                0x0000000000050a20                pow
 .text          0x0000000000050e94      0xeb4 /opt/riscv32i/lib/gcc/riscv32-unknown-elf/8.2.0/../../../../riscv32-unknown-elf/lib/libm.a(lib_a-e_pow.o)
                0x0000000000050e94                __ieee754_pow
 .text          0x0000000000051d48      0x614 /opt/riscv32i/lib/gcc/riscv32-unknown-elf/8.2.0/../../../../riscv32-unknown-elf/lib/libm.a(lib_a-e_rem_pio2.o)
                0x0000000000051d48                __ieee754_rem_pio2
 .text          0x000000000005235c      0x234 /opt/riscv32i/lib/gcc/riscv32-unknown-elf/8.2.0/../../../../riscv32-unknown-elf/lib/libm.a(lib_a-e_sqrt.o)
                0x000000000005235c                __ieee754_sqrt
 .text          0x0000000000052590      0x268 /opt/riscv32i/lib/gcc/riscv32-unknown-elf/8.2.0/../../../../riscv32-unknown-elf/lib/libm.a(lib_a-k_cos.o)
                0x0000000000052590                __kernel_cos
 .text          0x00000000000527f8      0xaf8 /opt/riscv32i/lib/gcc/riscv32-unknown-elf/8.2.0/../../../../riscv32-unknown-elf/lib/libm.a(lib_a-k_rem_pio2.o)
                0x00000000000527f8                __kernel_rem_pio2
 .text          0x00000000000532f0      0x264 /opt/riscv32i/lib/gcc/riscv32-unknown-elf/8.2.0/../../../../riscv32-unknown-elf/lib/libm.a(lib_a-k_sin.o)
                0x00000000000532f0                __kernel_sin
 .text          0x0000000000053554       0x18 /opt/riscv32i/lib/gcc/riscv32-unknown-elf/8.2.0/../../../../riscv32-unknown-elf/lib/libm.a(lib_a-s_fabs.o)
                0x0000000000053554                fabs
 .text          0x000000000005356c       0x18 /opt/riscv32i/lib/gcc/riscv32-unknown-elf/8.2.0/../../../../riscv32-unknown-elf/lib/libm.a(lib_a-s_finite.o)
                0x000000000005356c                finite
 .text          0x0000000000053584      0x1b0 /opt/riscv32i/lib/gcc/riscv32-unknown-elf/8.2.0/../../../../riscv32-unknown-elf/lib/libm.a(lib_a-s_floor.o)
                0x0000000000053584                floor
 .text          0x0000000000053734        0x0 /opt/riscv32i/lib/gcc/riscv32-unknown-elf/8.2.0/../../../../riscv32-unknown-elf/lib/libm.a(lib_a-s_lib_ver.o)
 .text          0x0000000000053734        0x8 /opt/riscv32i/lib/gcc/riscv32-unknown-elf/8.2.0/../../../../riscv32-unknown-elf/lib/libm.a(lib_a-s_matherr.o)
                0x0000000000053734                matherr
 .text          0x000000000005373c       0x10 /opt/riscv32i/lib/gcc/riscv32-unknown-elf/8.2.0/../../../../riscv32-unknown-elf/lib/libm.a(lib_a-s_nan.o)
                0x000000000005373c                nan
 .text          0x000000000005374c      0x1fc /opt/riscv32i/lib/gcc/riscv32-unknown-elf/8.2.0/../../../../riscv32-unknown-elf/lib/libm.a(lib_a-s_rint.o)
                0x000000000005374c                rint
 .text          0x0000000000053948      0x168 /opt/riscv32i/lib/gcc/riscv32-unknown-elf/8.2.0/../../../../riscv32-unknown-elf/lib/libm.a(lib_a-s_scalbn.o)
                0x0000000000053948                scalbn
 .text          0x0000000000053ab0       0x24 /opt/riscv32i/lib/gcc/riscv32-unknown-elf/8.2.0/../../../../riscv32-unknown-elf/lib/libm.a(lib_a-s_copysign.o)
                0x0000000000053ab0                copysign
 .text          0x0000000000053ad4      0x7c0 /opt/riscv32i/lib/gcc/riscv32-unknown-elf/8.2.0/libgcc.a(adddf3.o)
                0x0000000000053ad4                __adddf3
 .text          0x0000000000054294      0x7d0 /opt/riscv32i/lib/gcc/riscv32-unknown-elf/8.2.0/libgcc.a(divdf3.o)
                0x0000000000054294                __divdf3
 .text          0x0000000000054a64       0x8c /opt/riscv32i/lib/gcc/riscv32-unknown-elf/8.2.0/libgcc.a(eqdf2.o)
                0x0000000000054a64                __eqdf2
                0x0000000000054a64                __nedf2
 .text          0x0000000000054af0       0xe8 /opt/riscv32i/lib/gcc/riscv32-unknown-elf/8.2.0/libgcc.a(gedf2.o)
                0x0000000000054af0                __gtdf2
                0x0000000000054af0                __gedf2
 .text          0x0000000000054bd8       0xe8 /opt/riscv32i/lib/gcc/riscv32-unknown-elf/8.2.0/libgcc.a(ledf2.o)
                0x0000000000054bd8                __ltdf2
                0x0000000000054bd8                __ledf2
 .text          0x0000000000054cc0      0x674 /opt/riscv32i/lib/gcc/riscv32-unknown-elf/8.2.0/libgcc.a(muldf3.o)
                0x0000000000054cc0                __muldf3
 .text          0x0000000000055334      0x7c4 /opt/riscv32i/lib/gcc/riscv32-unknown-elf/8.2.0/libgcc.a(subdf3.o)
                0x0000000000055334                __subdf3
 .text          0x0000000000055af8       0x4c /opt/riscv32i/lib/gcc/riscv32-unknown-elf/8.2.0/libgcc.a(unorddf2.o)
                0x0000000000055af8                __unorddf2
 .text          0x0000000000055b44       0x80 /opt/riscv32i/lib/gcc/riscv32-unknown-elf/8.2.0/libgcc.a(fixdfsi.o)
                0x0000000000055b44                __fixdfsi
 .text          0x0000000000055bc4       0xac /opt/riscv32i/lib/gcc/riscv32-unknown-elf/8.2.0/libgcc.a(floatsidf.o)
                0x0000000000055bc4                __floatsidf
 .text          0x0000000000055c70      0x42c /opt/riscv32i/lib/gcc/riscv32-unknown-elf/8.2.0/libgcc.a(addsf3.o)
                0x0000000000055c70                __addsf3
 .text          0x000000000005609c      0x384 /opt/riscv32i/lib/gcc/riscv32-unknown-elf/8.2.0/libgcc.a(divsf3.o)
                0x000000000005609c                __divsf3
 .text          0x0000000000056420       0xbc /opt/riscv32i/lib/gcc/riscv32-unknown-elf/8.2.0/libgcc.a(lesf2.o)
                0x0000000000056420                __lesf2
                0x0000000000056420                __ltsf2
 .text          0x00000000000564dc      0x320 /opt/riscv32i/lib/gcc/riscv32-unknown-elf/8.2.0/libgcc.a(mulsf3.o)
                0x00000000000564dc                __mulsf3
 .text          0x00000000000567fc      0x44c /opt/riscv32i/lib/gcc/riscv32-unknown-elf/8.2.0/libgcc.a(subsf3.o)
                0x00000000000567fc                __subsf3
 .text          0x0000000000056c48       0x70 /opt/riscv32i/lib/gcc/riscv32-unknown-elf/8.2.0/libgcc.a(fixsfsi.o)
                0x0000000000056c48                __fixsfsi
 .text          0x0000000000056cb8      0x108 /opt/riscv32i/lib/gcc/riscv32-unknown-elf/8.2.0/libgcc.a(floatsisf.o)
                0x0000000000056cb8                __floatsisf
 .text          0x0000000000056dc0       0xdc /opt/riscv32i/lib/gcc/riscv32-unknown-elf/8.2.0/libgcc.a(floatunsisf.o)
                0x0000000000056dc0                __floatunsisf
 .text          0x0000000000056e9c       0xdc /opt/riscv32i/lib/gcc/riscv32-unknown-elf/8.2.0/libgcc.a(extendsfdf2.o)
                0x0000000000056e9c                __extendsfdf2
 .text          0x0000000000056f78      0x180 /opt/riscv32i/lib/gcc/riscv32-unknown-elf/8.2.0/libgcc.a(truncdfsf2.o)
                0x0000000000056f78                __truncdfsf2
 .text          0x00000000000570f8       0x24 /opt/riscv32i/lib/gcc/riscv32-unknown-elf/8.2.0/libgcc.a(muldi3.o)
                0x00000000000570f8                __mulsi3
 .text          0x000000000005711c       0xb4 /opt/riscv32i/lib/gcc/riscv32-unknown-elf/8.2.0/libgcc.a(div.o)
                0x000000000005711c                __divsi3
                0x0000000000057124                __udivsi3
                0x000000000005716c                __umodsi3
                0x00000000000571a0                __modsi3
 .text          0x00000000000571d0       0x4c /opt/riscv32i/lib/gcc/riscv32-unknown-elf/8.2.0/libgcc.a(_clzsi2.o)
                0x00000000000571d0                __clzsi2
 .text          0x000000000005721c        0x0 /opt/riscv32i/lib/gcc/riscv32-unknown-elf/8.2.0/libgcc.a(_clz.o)
 .text          0x000000000005721c        0x8 /opt/riscv32i/lib/gcc/riscv32-unknown-elf/8.2.0/../../../../riscv32-unknown-elf/lib/libc.a(lib_a-errno.o)
                0x000000000005721c                __errno
 .text          0x0000000000057224        0x0 /opt/riscv32i/lib/gcc/riscv32-unknown-elf/8.2.0/../../../../riscv32-unknown-elf/lib/libc.a(lib_a-impure.o)
 *(.text*)
 *(.rodata)
 *fill*         0x0000000000057224        0x4 
 .rodata        0x0000000000057228      0x114 /tmp/ccEFOV3v.o
 *fill*         0x000000000005733c        0x4 
 .rodata        0x0000000000057340       0x30 /opt/riscv32i/lib/gcc/riscv32-unknown-elf/8.2.0/../../../../riscv32-unknown-elf/lib/libm.a(lib_a-e_pow.o)
 .rodata        0x0000000000057370      0x188 /opt/riscv32i/lib/gcc/riscv32-unknown-elf/8.2.0/../../../../riscv32-unknown-elf/lib/libm.a(lib_a-e_rem_pio2.o)
 .rodata        0x00000000000574f8       0x50 /opt/riscv32i/lib/gcc/riscv32-unknown-elf/8.2.0/../../../../riscv32-unknown-elf/lib/libm.a(lib_a-k_rem_pio2.o)
 .rodata        0x0000000000057548       0x10 /opt/riscv32i/lib/gcc/riscv32-unknown-elf/8.2.0/../../../../riscv32-unknown-elf/lib/libm.a(lib_a-s_rint.o)
 .rodata        0x0000000000057558       0x3c /opt/riscv32i/lib/gcc/riscv32-unknown-elf/8.2.0/libgcc.a(divdf3.o)
 .rodata        0x0000000000057594       0x3c /opt/riscv32i/lib/gcc/riscv32-unknown-elf/8.2.0/libgcc.a(muldf3.o)
 .rodata        0x00000000000575d0       0x3c /opt/riscv32i/lib/gcc/riscv32-unknown-elf/8.2.0/libgcc.a(divsf3.o)
 .rodata        0x000000000005760c       0x3c /opt/riscv32i/lib/gcc/riscv32-unknown-elf/8.2.0/libgcc.a(mulsf3.o)
 .rodata        0x0000000000057648      0x100 /opt/riscv32i/lib/gcc/riscv32-unknown-elf/8.2.0/libgcc.a(_clz.o)
                0x0000000000057648                __clz_tab
 *(.rodata*)
 .rodata.str1.4
                0x0000000000057748        0x4 /opt/riscv32i/lib/gcc/riscv32-unknown-elf/8.2.0/../../../../riscv32-unknown-elf/lib/libm.a(lib_a-w_pow.o)
 .rodata.str1.4
                0x000000000005774c        0x4 /opt/riscv32i/lib/gcc/riscv32-unknown-elf/8.2.0/../../../../riscv32-unknown-elf/lib/libm.a(lib_a-e_pow.o)
                                          0x1 (size before relaxing)
 *(.srodata)
 .srodata       0x0000000000057750        0x4 /opt/riscv32i/lib/gcc/riscv32-unknown-elf/8.2.0/../../../../riscv32-unknown-elf/lib/libc.a(lib_a-impure.o)
                0x0000000000057750                _global_impure_ptr
 *(.srodata*)
 *fill*         0x0000000000057754        0x4 
 .srodata.cst8  0x0000000000057758       0x30 /opt/riscv32i/lib/gcc/riscv32-unknown-elf/8.2.0/../../../../riscv32-unknown-elf/lib/libm.a(lib_a-w_pow.o)
 .srodata.cst8  0x0000000000057788       0xe8 /opt/riscv32i/lib/gcc/riscv32-unknown-elf/8.2.0/../../../../riscv32-unknown-elf/lib/libm.a(lib_a-e_pow.o)
                                         0xf8 (size before relaxing)
 .srodata.cst8  0x0000000000057870       0x40 /opt/riscv32i/lib/gcc/riscv32-unknown-elf/8.2.0/../../../../riscv32-unknown-elf/lib/libm.a(lib_a-e_rem_pio2.o)
                                         0x48 (size before relaxing)
 .srodata.cst8  0x00000000000578b0       0x38 /opt/riscv32i/lib/gcc/riscv32-unknown-elf/8.2.0/../../../../riscv32-unknown-elf/lib/libm.a(lib_a-k_cos.o)
                                         0x48 (size before relaxing)
 .srodata.cst8  0x00000000000578e8       0x18 /opt/riscv32i/lib/gcc/riscv32-unknown-elf/8.2.0/../../../../riscv32-unknown-elf/lib/libm.a(lib_a-k_rem_pio2.o)
                                         0x30 (size before relaxing)
 .srodata.cst8  0x0000000000057900       0x30 /opt/riscv32i/lib/gcc/riscv32-unknown-elf/8.2.0/../../../../riscv32-unknown-elf/lib/libm.a(lib_a-k_sin.o)
                                         0x38 (size before relaxing)
 .srodata.cst8  0x0000000000057930        0x8 /opt/riscv32i/lib/gcc/riscv32-unknown-elf/8.2.0/../../../../riscv32-unknown-elf/lib/libm.a(lib_a-s_floor.o)
 .srodata.cst8  0x0000000000057930        0x8 /opt/riscv32i/lib/gcc/riscv32-unknown-elf/8.2.0/../../../../riscv32-unknown-elf/lib/libm.a(lib_a-s_nan.o)
 .srodata.cst8  0x0000000000057938       0x10 /opt/riscv32i/lib/gcc/riscv32-unknown-elf/8.2.0/../../../../riscv32-unknown-elf/lib/libm.a(lib_a-s_scalbn.o)
                                         0x20 (size before relaxing)
 *(.eh_frame)
 *(.eh_frame*)
                0x0000000000057948                . = ALIGN (0x4)
                0x0000000000057948                _etext = .
                0x0000000000057948                _sidata = _etext

.rela.dyn       0x0000000000057948        0x0
 .rela.text     0x0000000000057948        0x0 /tmp/ccSf0uVT.o

.data           0x0000000000000000      0x448 load address 0x0000000000057948
                0x0000000000000000                . = ALIGN (0x4)
                0x0000000000000000                _sdata = .
                0x0000000000000000                _ram_start = .
 *(.data)
 .data          0x0000000000000000       0x14 /tmp/ccSf0uVT.o
 .data          0x0000000000000014        0x0 /tmp/ccEFOV3v.o
 .data          0x0000000000000014        0x0 /opt/riscv32i/lib/gcc/riscv32-unknown-elf/8.2.0/../../../../riscv32-unknown-elf/lib/libm.a(lib_a-s_cos.o)
 .data          0x0000000000000014        0x0 /opt/riscv32i/lib/gcc/riscv32-unknown-elf/8.2.0/../../../../riscv32-unknown-elf/lib/libm.a(lib_a-w_pow.o)
 .data          0x0000000000000014        0x0 /opt/riscv32i/lib/gcc/riscv32-unknown-elf/8.2.0/../../../../riscv32-unknown-elf/lib/libm.a(lib_a-e_pow.o)
 .data          0x0000000000000014        0x0 /opt/riscv32i/lib/gcc/riscv32-unknown-elf/8.2.0/../../../../riscv32-unknown-elf/lib/libm.a(lib_a-e_rem_pio2.o)
 .data          0x0000000000000014        0x0 /opt/riscv32i/lib/gcc/riscv32-unknown-elf/8.2.0/../../../../riscv32-unknown-elf/lib/libm.a(lib_a-e_sqrt.o)
 .data          0x0000000000000014        0x0 /opt/riscv32i/lib/gcc/riscv32-unknown-elf/8.2.0/../../../../riscv32-unknown-elf/lib/libm.a(lib_a-k_cos.o)
 .data          0x0000000000000014        0x0 /opt/riscv32i/lib/gcc/riscv32-unknown-elf/8.2.0/../../../../riscv32-unknown-elf/lib/libm.a(lib_a-k_rem_pio2.o)
 .data          0x0000000000000014        0x0 /opt/riscv32i/lib/gcc/riscv32-unknown-elf/8.2.0/../../../../riscv32-unknown-elf/lib/libm.a(lib_a-k_sin.o)
 .data          0x0000000000000014        0x0 /opt/riscv32i/lib/gcc/riscv32-unknown-elf/8.2.0/../../../../riscv32-unknown-elf/lib/libm.a(lib_a-s_fabs.o)
 .data          0x0000000000000014        0x0 /opt/riscv32i/lib/gcc/riscv32-unknown-elf/8.2.0/../../../../riscv32-unknown-elf/lib/libm.a(lib_a-s_finite.o)
 .data          0x0000000000000014        0x0 /opt/riscv32i/lib/gcc/riscv32-unknown-elf/8.2.0/../../../../riscv32-unknown-elf/lib/libm.a(lib_a-s_floor.o)
 .data          0x0000000000000014        0x0 /opt/riscv32i/lib/gcc/riscv32-unknown-elf/8.2.0/../../../../riscv32-unknown-elf/lib/libm.a(lib_a-s_lib_ver.o)
 .data          0x0000000000000014        0x0 /opt/riscv32i/lib/gcc/riscv32-unknown-elf/8.2.0/../../../../riscv32-unknown-elf/lib/libm.a(lib_a-s_matherr.o)
 .data          0x0000000000000014        0x0 /opt/riscv32i/lib/gcc/riscv32-unknown-elf/8.2.0/../../../../riscv32-unknown-elf/lib/libm.a(lib_a-s_nan.o)
 .data          0x0000000000000014        0x0 /opt/riscv32i/lib/gcc/riscv32-unknown-elf/8.2.0/../../../../riscv32-unknown-elf/lib/libm.a(lib_a-s_rint.o)
 .data          0x0000000000000014        0x0 /opt/riscv32i/lib/gcc/riscv32-unknown-elf/8.2.0/../../../../riscv32-unknown-elf/lib/libm.a(lib_a-s_scalbn.o)
 .data          0x0000000000000014        0x0 /opt/riscv32i/lib/gcc/riscv32-unknown-elf/8.2.0/../../../../riscv32-unknown-elf/lib/libm.a(lib_a-s_copysign.o)
 .data          0x0000000000000014        0x0 /opt/riscv32i/lib/gcc/riscv32-unknown-elf/8.2.0/libgcc.a(adddf3.o)
 .data          0x0000000000000014        0x0 /opt/riscv32i/lib/gcc/riscv32-unknown-elf/8.2.0/libgcc.a(divdf3.o)
 .data          0x0000000000000014        0x0 /opt/riscv32i/lib/gcc/riscv32-unknown-elf/8.2.0/libgcc.a(eqdf2.o)
 .data          0x0000000000000014        0x0 /opt/riscv32i/lib/gcc/riscv32-unknown-elf/8.2.0/libgcc.a(gedf2.o)
 .data          0x0000000000000014        0x0 /opt/riscv32i/lib/gcc/riscv32-unknown-elf/8.2.0/libgcc.a(ledf2.o)
 .data          0x0000000000000014        0x0 /opt/riscv32i/lib/gcc/riscv32-unknown-elf/8.2.0/libgcc.a(muldf3.o)
 .data          0x0000000000000014        0x0 /opt/riscv32i/lib/gcc/riscv32-unknown-elf/8.2.0/libgcc.a(subdf3.o)
 .data          0x0000000000000014        0x0 /opt/riscv32i/lib/gcc/riscv32-unknown-elf/8.2.0/libgcc.a(unorddf2.o)
 .data          0x0000000000000014        0x0 /opt/riscv32i/lib/gcc/riscv32-unknown-elf/8.2.0/libgcc.a(fixdfsi.o)
 .data          0x0000000000000014        0x0 /opt/riscv32i/lib/gcc/riscv32-unknown-elf/8.2.0/libgcc.a(floatsidf.o)
 .data          0x0000000000000014        0x0 /opt/riscv32i/lib/gcc/riscv32-unknown-elf/8.2.0/libgcc.a(addsf3.o)
 .data          0x0000000000000014        0x0 /opt/riscv32i/lib/gcc/riscv32-unknown-elf/8.2.0/libgcc.a(divsf3.o)
 .data          0x0000000000000014        0x0 /opt/riscv32i/lib/gcc/riscv32-unknown-elf/8.2.0/libgcc.a(lesf2.o)
 .data          0x0000000000000014        0x0 /opt/riscv32i/lib/gcc/riscv32-unknown-elf/8.2.0/libgcc.a(mulsf3.o)
 .data          0x0000000000000014        0x0 /opt/riscv32i/lib/gcc/riscv32-unknown-elf/8.2.0/libgcc.a(subsf3.o)
 .data          0x0000000000000014        0x0 /opt/riscv32i/lib/gcc/riscv32-unknown-elf/8.2.0/libgcc.a(fixsfsi.o)
 .data          0x0000000000000014        0x0 /opt/riscv32i/lib/gcc/riscv32-unknown-elf/8.2.0/libgcc.a(floatsisf.o)
 .data          0x0000000000000014        0x0 /opt/riscv32i/lib/gcc/riscv32-unknown-elf/8.2.0/libgcc.a(floatunsisf.o)
 .data          0x0000000000000014        0x0 /opt/riscv32i/lib/gcc/riscv32-unknown-elf/8.2.0/libgcc.a(extendsfdf2.o)
 .data          0x0000000000000014        0x0 /opt/riscv32i/lib/gcc/riscv32-unknown-elf/8.2.0/libgcc.a(truncdfsf2.o)
 .data          0x0000000000000014        0x0 /opt/riscv32i/lib/gcc/riscv32-unknown-elf/8.2.0/libgcc.a(muldi3.o)
 .data          0x0000000000000014        0x0 /opt/riscv32i/lib/gcc/riscv32-unknown-elf/8.2.0/libgcc.a(div.o)
 .data          0x0000000000000014        0x0 /opt/riscv32i/lib/gcc/riscv32-unknown-elf/8.2.0/libgcc.a(_clzsi2.o)
 .data          0x0000000000000014        0x0 /opt/riscv32i/lib/gcc/riscv32-unknown-elf/8.2.0/libgcc.a(_clz.o)
 .data          0x0000000000000014        0x0 /opt/riscv32i/lib/gcc/riscv32-unknown-elf/8.2.0/../../../../riscv32-unknown-elf/lib/libc.a(lib_a-errno.o)
 *fill*         0x0000000000000014        0x4 
 .data          0x0000000000000018      0x428 /opt/riscv32i/lib/gcc/riscv32-unknown-elf/8.2.0/../../../../riscv32-unknown-elf/lib/libc.a(lib_a-impure.o)
 *(.data*)
 *(.sdata)
 .sdata         0x0000000000000440        0x4 /opt/riscv32i/lib/gcc/riscv32-unknown-elf/8.2.0/../../../../riscv32-unknown-elf/lib/libm.a(lib_a-s_lib_ver.o)
                0x0000000000000440                __fdlib_version
 .sdata         0x0000000000000444        0x4 /opt/riscv32i/lib/gcc/riscv32-unknown-elf/8.2.0/../../../../riscv32-unknown-elf/lib/libc.a(lib_a-impure.o)
                0x0000000000000444                _impure_ptr
 *(.sdata*)
 *(.init_array)
 *(.init_array*)
                0x0000000000000448                . = ALIGN (0x4)
                0x0000000000000448                _edata = .

.bss            0x0000000000000448        0x0 load address 0x0000000000057d90
                0x0000000000000448                . = ALIGN (0x4)
                0x0000000000000448                _sbss = .
 *(.bss)
 .bss           0x0000000000000448        0x0 /tmp/ccSf0uVT.o
 .bss           0x0000000000000448        0x0 /tmp/ccEFOV3v.o
 .bss           0x0000000000000448        0x0 /opt/riscv32i/lib/gcc/riscv32-unknown-elf/8.2.0/../../../../riscv32-unknown-elf/lib/libm.a(lib_a-s_cos.o)
 .bss           0x0000000000000448        0x0 /opt/riscv32i/lib/gcc/riscv32-unknown-elf/8.2.0/../../../../riscv32-unknown-elf/lib/libm.a(lib_a-w_pow.o)
 .bss           0x0000000000000448        0x0 /opt/riscv32i/lib/gcc/riscv32-unknown-elf/8.2.0/../../../../riscv32-unknown-elf/lib/libm.a(lib_a-e_pow.o)
 .bss           0x0000000000000448        0x0 /opt/riscv32i/lib/gcc/riscv32-unknown-elf/8.2.0/../../../../riscv32-unknown-elf/lib/libm.a(lib_a-e_rem_pio2.o)
 .bss           0x0000000000000448        0x0 /opt/riscv32i/lib/gcc/riscv32-unknown-elf/8.2.0/../../../../riscv32-unknown-elf/lib/libm.a(lib_a-e_sqrt.o)
 .bss           0x0000000000000448        0x0 /opt/riscv32i/lib/gcc/riscv32-unknown-elf/8.2.0/../../../../riscv32-unknown-elf/lib/libm.a(lib_a-k_cos.o)
 .bss           0x0000000000000448        0x0 /opt/riscv32i/lib/gcc/riscv32-unknown-elf/8.2.0/../../../../riscv32-unknown-elf/lib/libm.a(lib_a-k_rem_pio2.o)
 .bss           0x0000000000000448        0x0 /opt/riscv32i/lib/gcc/riscv32-unknown-elf/8.2.0/../../../../riscv32-unknown-elf/lib/libm.a(lib_a-k_sin.o)
 .bss           0x0000000000000448        0x0 /opt/riscv32i/lib/gcc/riscv32-unknown-elf/8.2.0/../../../../riscv32-unknown-elf/lib/libm.a(lib_a-s_fabs.o)
 .bss           0x0000000000000448        0x0 /opt/riscv32i/lib/gcc/riscv32-unknown-elf/8.2.0/../../../../riscv32-unknown-elf/lib/libm.a(lib_a-s_finite.o)
 .bss           0x0000000000000448        0x0 /opt/riscv32i/lib/gcc/riscv32-unknown-elf/8.2.0/../../../../riscv32-unknown-elf/lib/libm.a(lib_a-s_floor.o)
 .bss           0x0000000000000448        0x0 /opt/riscv32i/lib/gcc/riscv32-unknown-elf/8.2.0/../../../../riscv32-unknown-elf/lib/libm.a(lib_a-s_lib_ver.o)
 .bss           0x0000000000000448        0x0 /opt/riscv32i/lib/gcc/riscv32-unknown-elf/8.2.0/../../../../riscv32-unknown-elf/lib/libm.a(lib_a-s_matherr.o)
 .bss           0x0000000000000448        0x0 /opt/riscv32i/lib/gcc/riscv32-unknown-elf/8.2.0/../../../../riscv32-unknown-elf/lib/libm.a(lib_a-s_nan.o)
 .bss           0x0000000000000448        0x0 /opt/riscv32i/lib/gcc/riscv32-unknown-elf/8.2.0/../../../../riscv32-unknown-elf/lib/libm.a(lib_a-s_rint.o)
 .bss           0x0000000000000448        0x0 /opt/riscv32i/lib/gcc/riscv32-unknown-elf/8.2.0/../../../../riscv32-unknown-elf/lib/libm.a(lib_a-s_scalbn.o)
 .bss           0x0000000000000448        0x0 /opt/riscv32i/lib/gcc/riscv32-unknown-elf/8.2.0/../../../../riscv32-unknown-elf/lib/libm.a(lib_a-s_copysign.o)
 .bss           0x0000000000000448        0x0 /opt/riscv32i/lib/gcc/riscv32-unknown-elf/8.2.0/libgcc.a(adddf3.o)
 .bss           0x0000000000000448        0x0 /opt/riscv32i/lib/gcc/riscv32-unknown-elf/8.2.0/libgcc.a(divdf3.o)
 .bss           0x0000000000000448        0x0 /opt/riscv32i/lib/gcc/riscv32-unknown-elf/8.2.0/libgcc.a(eqdf2.o)
 .bss           0x0000000000000448        0x0 /opt/riscv32i/lib/gcc/riscv32-unknown-elf/8.2.0/libgcc.a(gedf2.o)
 .bss           0x0000000000000448        0x0 /opt/riscv32i/lib/gcc/riscv32-unknown-elf/8.2.0/libgcc.a(ledf2.o)
 .bss           0x0000000000000448        0x0 /opt/riscv32i/lib/gcc/riscv32-unknown-elf/8.2.0/libgcc.a(muldf3.o)
 .bss           0x0000000000000448        0x0 /opt/riscv32i/lib/gcc/riscv32-unknown-elf/8.2.0/libgcc.a(subdf3.o)
 .bss           0x0000000000000448        0x0 /opt/riscv32i/lib/gcc/riscv32-unknown-elf/8.2.0/libgcc.a(unorddf2.o)
 .bss           0x0000000000000448        0x0 /opt/riscv32i/lib/gcc/riscv32-unknown-elf/8.2.0/libgcc.a(fixdfsi.o)
 .bss           0x0000000000000448        0x0 /opt/riscv32i/lib/gcc/riscv32-unknown-elf/8.2.0/libgcc.a(floatsidf.o)
 .bss           0x0000000000000448        0x0 /opt/riscv32i/lib/gcc/riscv32-unknown-elf/8.2.0/libgcc.a(addsf3.o)
 .bss           0x0000000000000448        0x0 /opt/riscv32i/lib/gcc/riscv32-unknown-elf/8.2.0/libgcc.a(divsf3.o)
 .bss           0x0000000000000448        0x0 /opt/riscv32i/lib/gcc/riscv32-unknown-elf/8.2.0/libgcc.a(lesf2.o)
 .bss           0x0000000000000448        0x0 /opt/riscv32i/lib/gcc/riscv32-unknown-elf/8.2.0/libgcc.a(mulsf3.o)
 .bss           0x0000000000000448        0x0 /opt/riscv32i/lib/gcc/riscv32-unknown-elf/8.2.0/libgcc.a(subsf3.o)
 .bss           0x0000000000000448        0x0 /opt/riscv32i/lib/gcc/riscv32-unknown-elf/8.2.0/libgcc.a(fixsfsi.o)
 .bss           0x0000000000000448        0x0 /opt/riscv32i/lib/gcc/riscv32-unknown-elf/8.2.0/libgcc.a(floatsisf.o)
 .bss           0x0000000000000448        0x0 /opt/riscv32i/lib/gcc/riscv32-unknown-elf/8.2.0/libgcc.a(floatunsisf.o)
 .bss           0x0000000000000448        0x0 /opt/riscv32i/lib/gcc/riscv32-unknown-elf/8.2.0/libgcc.a(extendsfdf2.o)
 .bss           0x0000000000000448        0x0 /opt/riscv32i/lib/gcc/riscv32-unknown-elf/8.2.0/libgcc.a(truncdfsf2.o)
 .bss           0x0000000000000448        0x0 /opt/riscv32i/lib/gcc/riscv32-unknown-elf/8.2.0/libgcc.a(muldi3.o)
 .bss           0x0000000000000448        0x0 /opt/riscv32i/lib/gcc/riscv32-unknown-elf/8.2.0/libgcc.a(div.o)
 .bss           0x0000000000000448        0x0 /opt/riscv32i/lib/gcc/riscv32-unknown-elf/8.2.0/libgcc.a(_clzsi2.o)
 .bss           0x0000000000000448        0x0 /opt/riscv32i/lib/gcc/riscv32-unknown-elf/8.2.0/libgcc.a(_clz.o)
 .bss           0x0000000000000448        0x0 /opt/riscv32i/lib/gcc/riscv32-unknown-elf/8.2.0/../../../../riscv32-unknown-elf/lib/libc.a(lib_a-errno.o)
 .bss           0x0000000000000448        0x0 /opt/riscv32i/lib/gcc/riscv32-unknown-elf/8.2.0/../../../../riscv32-unknown-elf/lib/libc.a(lib_a-impure.o)
 *(.bss*)
 *(.sbss)
 *(.sbss*)
 *(COMMON)
                0x0000000000000448                . = ALIGN (0x4)
                0x0000000000000448                _ebss = .

.heap           0x0000000000000448        0x0
                0x0000000000000448                . = ALIGN (0x4)
                0x0000000000000448                _heap_start = .
LOAD /tmp/ccSf0uVT.o
LOAD /tmp/ccEFOV3v.o
LOAD /opt/riscv32i/lib/gcc/riscv32-unknown-elf/8.2.0/../../../../riscv32-unknown-elf/lib/libm.a
LOAD /opt/riscv32i/lib/gcc/riscv32-unknown-elf/8.2.0/libgcc.a
START GROUP
LOAD /opt/riscv32i/lib/gcc/riscv32-unknown-elf/8.2.0/../../../../riscv32-unknown-elf/lib/libc.a
LOAD /opt/riscv32i/lib/gcc/riscv32-unknown-elf/8.2.0/../../../../riscv32-unknown-elf/lib/libgloss.a
END GROUP
LOAD /opt/riscv32i/lib/gcc/riscv32-unknown-elf/8.2.0/libgcc.a
OUTPUT(firmware.elf elf32-littleriscv)

.comment        0x0000000000000000       0x11
 .comment       0x0000000000000000       0x11 /tmp/ccEFOV3v.o
                                         0x12 (size before relaxing)
 .comment       0x0000000000000011       0x12 /opt/riscv32i/lib/gcc/riscv32-unknown-elf/8.2.0/../../../../riscv32-unknown-elf/lib/libm.a(lib_a-s_cos.o)
 .comment       0x0000000000000011       0x12 /opt/riscv32i/lib/gcc/riscv32-unknown-elf/8.2.0/../../../../riscv32-unknown-elf/lib/libm.a(lib_a-w_pow.o)
 .comment       0x0000000000000011       0x12 /opt/riscv32i/lib/gcc/riscv32-unknown-elf/8.2.0/../../../../riscv32-unknown-elf/lib/libm.a(lib_a-e_pow.o)
 .comment       0x0000000000000011       0x12 /opt/riscv32i/lib/gcc/riscv32-unknown-elf/8.2.0/../../../../riscv32-unknown-elf/lib/libm.a(lib_a-e_rem_pio2.o)
 .comment       0x0000000000000011       0x12 /opt/riscv32i/lib/gcc/riscv32-unknown-elf/8.2.0/../../../../riscv32-unknown-elf/lib/libm.a(lib_a-e_sqrt.o)
 .comment       0x0000000000000011       0x12 /opt/riscv32i/lib/gcc/riscv32-unknown-elf/8.2.0/../../../../riscv32-unknown-elf/lib/libm.a(lib_a-k_cos.o)
 .comment       0x0000000000000011       0x12 /opt/riscv32i/lib/gcc/riscv32-unknown-elf/8.2.0/../../../../riscv32-unknown-elf/lib/libm.a(lib_a-k_rem_pio2.o)
 .comment       0x0000000000000011       0x12 /opt/riscv32i/lib/gcc/riscv32-unknown-elf/8.2.0/../../../../riscv32-unknown-elf/lib/libm.a(lib_a-k_sin.o)
 .comment       0x0000000000000011       0x12 /opt/riscv32i/lib/gcc/riscv32-unknown-elf/8.2.0/../../../../riscv32-unknown-elf/lib/libm.a(lib_a-s_fabs.o)
 .comment       0x0000000000000011       0x12 /opt/riscv32i/lib/gcc/riscv32-unknown-elf/8.2.0/../../../../riscv32-unknown-elf/lib/libm.a(lib_a-s_finite.o)
 .comment       0x0000000000000011       0x12 /opt/riscv32i/lib/gcc/riscv32-unknown-elf/8.2.0/../../../../riscv32-unknown-elf/lib/libm.a(lib_a-s_floor.o)
 .comment       0x0000000000000011       0x12 /opt/riscv32i/lib/gcc/riscv32-unknown-elf/8.2.0/../../../../riscv32-unknown-elf/lib/libm.a(lib_a-s_lib_ver.o)
 .comment       0x0000000000000011       0x12 /opt/riscv32i/lib/gcc/riscv32-unknown-elf/8.2.0/../../../../riscv32-unknown-elf/lib/libm.a(lib_a-s_matherr.o)
 .comment       0x0000000000000011       0x12 /opt/riscv32i/lib/gcc/riscv32-unknown-elf/8.2.0/../../../../riscv32-unknown-elf/lib/libm.a(lib_a-s_nan.o)
 .comment       0x0000000000000011       0x12 /opt/riscv32i/lib/gcc/riscv32-unknown-elf/8.2.0/../../../../riscv32-unknown-elf/lib/libm.a(lib_a-s_rint.o)
 .comment       0x0000000000000011       0x12 /opt/riscv32i/lib/gcc/riscv32-unknown-elf/8.2.0/../../../../riscv32-unknown-elf/lib/libm.a(lib_a-s_scalbn.o)
 .comment       0x0000000000000011       0x12 /opt/riscv32i/lib/gcc/riscv32-unknown-elf/8.2.0/../../../../riscv32-unknown-elf/lib/libm.a(lib_a-s_copysign.o)
 .comment       0x0000000000000011       0x12 /opt/riscv32i/lib/gcc/riscv32-unknown-elf/8.2.0/libgcc.a(adddf3.o)
 .comment       0x0000000000000011       0x12 /opt/riscv32i/lib/gcc/riscv32-unknown-elf/8.2.0/libgcc.a(divdf3.o)
 .comment       0x0000000000000011       0x12 /opt/riscv32i/lib/gcc/riscv32-unknown-elf/8.2.0/libgcc.a(eqdf2.o)
 .comment       0x0000000000000011       0x12 /opt/riscv32i/lib/gcc/riscv32-unknown-elf/8.2.0/libgcc.a(gedf2.o)
 .comment       0x0000000000000011       0x12 /opt/riscv32i/lib/gcc/riscv32-unknown-elf/8.2.0/libgcc.a(ledf2.o)
 .comment       0x0000000000000011       0x12 /opt/riscv32i/lib/gcc/riscv32-unknown-elf/8.2.0/libgcc.a(muldf3.o)
 .comment       0x0000000000000011       0x12 /opt/riscv32i/lib/gcc/riscv32-unknown-elf/8.2.0/libgcc.a(subdf3.o)
 .comment       0x0000000000000011       0x12 /opt/riscv32i/lib/gcc/riscv32-unknown-elf/8.2.0/libgcc.a(unorddf2.o)
 .comment       0x0000000000000011       0x12 /opt/riscv32i/lib/gcc/riscv32-unknown-elf/8.2.0/libgcc.a(fixdfsi.o)
 .comment       0x0000000000000011       0x12 /opt/riscv32i/lib/gcc/riscv32-unknown-elf/8.2.0/libgcc.a(floatsidf.o)
 .comment       0x0000000000000011       0x12 /opt/riscv32i/lib/gcc/riscv32-unknown-elf/8.2.0/libgcc.a(addsf3.o)
 .comment       0x0000000000000011       0x12 /opt/riscv32i/lib/gcc/riscv32-unknown-elf/8.2.0/libgcc.a(divsf3.o)
 .comment       0x0000000000000011       0x12 /opt/riscv32i/lib/gcc/riscv32-unknown-elf/8.2.0/libgcc.a(lesf2.o)
 .comment       0x0000000000000011       0x12 /opt/riscv32i/lib/gcc/riscv32-unknown-elf/8.2.0/libgcc.a(mulsf3.o)
 .comment       0x0000000000000011       0x12 /opt/riscv32i/lib/gcc/riscv32-unknown-elf/8.2.0/libgcc.a(subsf3.o)
 .comment       0x0000000000000011       0x12 /opt/riscv32i/lib/gcc/riscv32-unknown-elf/8.2.0/libgcc.a(fixsfsi.o)
 .comment       0x0000000000000011       0x12 /opt/riscv32i/lib/gcc/riscv32-unknown-elf/8.2.0/libgcc.a(floatsisf.o)
 .comment       0x0000000000000011       0x12 /opt/riscv32i/lib/gcc/riscv32-unknown-elf/8.2.0/libgcc.a(floatunsisf.o)
 .comment       0x0000000000000011       0x12 /opt/riscv32i/lib/gcc/riscv32-unknown-elf/8.2.0/libgcc.a(extendsfdf2.o)
 .comment       0x0000000000000011       0x12 /opt/riscv32i/lib/gcc/riscv32-unknown-elf/8.2.0/libgcc.a(truncdfsf2.o)
 .comment       0x0000000000000011       0x12 /opt/riscv32i/lib/gcc/riscv32-unknown-elf/8.2.0/libgcc.a(_clzsi2.o)
 .comment       0x0000000000000011       0x12 /opt/riscv32i/lib/gcc/riscv32-unknown-elf/8.2.0/libgcc.a(_clz.o)
 .comment       0x0000000000000011       0x12 /opt/riscv32i/lib/gcc/riscv32-unknown-elf/8.2.0/../../../../riscv32-unknown-elf/lib/libc.a(lib_a-errno.o)
 .comment       0x0000000000000011       0x12 /opt/riscv32i/lib/gcc/riscv32-unknown-elf/8.2.0/../../../../riscv32-unknown-elf/lib/libc.a(lib_a-impure.o)

Cross Reference Table

Symbol                                            File
__adddf3                                          /opt/riscv32i/lib/gcc/riscv32-unknown-elf/8.2.0/libgcc.a(adddf3.o)
                                                  /opt/riscv32i/lib/gcc/riscv32-unknown-elf/8.2.0/../../../../riscv32-unknown-elf/lib/libm.a(lib_a-s_scalbn.o)
                                                  /opt/riscv32i/lib/gcc/riscv32-unknown-elf/8.2.0/../../../../riscv32-unknown-elf/lib/libm.a(lib_a-s_rint.o)
                                                  /opt/riscv32i/lib/gcc/riscv32-unknown-elf/8.2.0/../../../../riscv32-unknown-elf/lib/libm.a(lib_a-s_floor.o)
                                                  /opt/riscv32i/lib/gcc/riscv32-unknown-elf/8.2.0/../../../../riscv32-unknown-elf/lib/libm.a(lib_a-k_sin.o)
                                                  /opt/riscv32i/lib/gcc/riscv32-unknown-elf/8.2.0/../../../../riscv32-unknown-elf/lib/libm.a(lib_a-k_rem_pio2.o)
                                                  /opt/riscv32i/lib/gcc/riscv32-unknown-elf/8.2.0/../../../../riscv32-unknown-elf/lib/libm.a(lib_a-k_cos.o)
                                                  /opt/riscv32i/lib/gcc/riscv32-unknown-elf/8.2.0/../../../../riscv32-unknown-elf/lib/libm.a(lib_a-e_sqrt.o)
                                                  /opt/riscv32i/lib/gcc/riscv32-unknown-elf/8.2.0/../../../../riscv32-unknown-elf/lib/libm.a(lib_a-e_rem_pio2.o)
                                                  /opt/riscv32i/lib/gcc/riscv32-unknown-elf/8.2.0/../../../../riscv32-unknown-elf/lib/libm.a(lib_a-e_pow.o)
__addsf3                                          /opt/riscv32i/lib/gcc/riscv32-unknown-elf/8.2.0/libgcc.a(addsf3.o)
                                                  /tmp/ccEFOV3v.o
__clz_tab                                         /opt/riscv32i/lib/gcc/riscv32-unknown-elf/8.2.0/libgcc.a(_clz.o)
                                                  /opt/riscv32i/lib/gcc/riscv32-unknown-elf/8.2.0/libgcc.a(_clzsi2.o)
__clzsi2                                          /opt/riscv32i/lib/gcc/riscv32-unknown-elf/8.2.0/libgcc.a(_clzsi2.o)
                                                  /opt/riscv32i/lib/gcc/riscv32-unknown-elf/8.2.0/libgcc.a(extendsfdf2.o)
                                                  /opt/riscv32i/lib/gcc/riscv32-unknown-elf/8.2.0/libgcc.a(floatunsisf.o)
                                                  /opt/riscv32i/lib/gcc/riscv32-unknown-elf/8.2.0/libgcc.a(floatsisf.o)
                                                  /opt/riscv32i/lib/gcc/riscv32-unknown-elf/8.2.0/libgcc.a(subsf3.o)
                                                  /opt/riscv32i/lib/gcc/riscv32-unknown-elf/8.2.0/libgcc.a(mulsf3.o)
                                                  /opt/riscv32i/lib/gcc/riscv32-unknown-elf/8.2.0/libgcc.a(divsf3.o)
                                                  /opt/riscv32i/lib/gcc/riscv32-unknown-elf/8.2.0/libgcc.a(addsf3.o)
                                                  /opt/riscv32i/lib/gcc/riscv32-unknown-elf/8.2.0/libgcc.a(floatsidf.o)
                                                  /opt/riscv32i/lib/gcc/riscv32-unknown-elf/8.2.0/libgcc.a(subdf3.o)
                                                  /opt/riscv32i/lib/gcc/riscv32-unknown-elf/8.2.0/libgcc.a(muldf3.o)
                                                  /opt/riscv32i/lib/gcc/riscv32-unknown-elf/8.2.0/libgcc.a(divdf3.o)
                                                  /opt/riscv32i/lib/gcc/riscv32-unknown-elf/8.2.0/libgcc.a(adddf3.o)
__divdf3                                          /opt/riscv32i/lib/gcc/riscv32-unknown-elf/8.2.0/libgcc.a(divdf3.o)
                                                  /opt/riscv32i/lib/gcc/riscv32-unknown-elf/8.2.0/../../../../riscv32-unknown-elf/lib/libm.a(lib_a-e_sqrt.o)
                                                  /opt/riscv32i/lib/gcc/riscv32-unknown-elf/8.2.0/../../../../riscv32-unknown-elf/lib/libm.a(lib_a-e_pow.o)
                                                  /opt/riscv32i/lib/gcc/riscv32-unknown-elf/8.2.0/../../../../riscv32-unknown-elf/lib/libm.a(lib_a-w_pow.o)
__divsf3                                          /opt/riscv32i/lib/gcc/riscv32-unknown-elf/8.2.0/libgcc.a(divsf3.o)
                                                  /tmp/ccEFOV3v.o
__divsi3                                          /opt/riscv32i/lib/gcc/riscv32-unknown-elf/8.2.0/libgcc.a(div.o)
                                                  /opt/riscv32i/lib/gcc/riscv32-unknown-elf/8.2.0/../../../../riscv32-unknown-elf/lib/libm.a(lib_a-k_rem_pio2.o)
__eqdf2                                           /opt/riscv32i/lib/gcc/riscv32-unknown-elf/8.2.0/libgcc.a(eqdf2.o)
                                                  /opt/riscv32i/lib/gcc/riscv32-unknown-elf/8.2.0/../../../../riscv32-unknown-elf/lib/libm.a(lib_a-k_rem_pio2.o)
                                                  /opt/riscv32i/lib/gcc/riscv32-unknown-elf/8.2.0/../../../../riscv32-unknown-elf/lib/libm.a(lib_a-e_rem_pio2.o)
                                                  /opt/riscv32i/lib/gcc/riscv32-unknown-elf/8.2.0/../../../../riscv32-unknown-elf/lib/libm.a(lib_a-w_pow.o)
__errno                                           /opt/riscv32i/lib/gcc/riscv32-unknown-elf/8.2.0/../../../../riscv32-unknown-elf/lib/libc.a(lib_a-errno.o)
                                                  /opt/riscv32i/lib/gcc/riscv32-unknown-elf/8.2.0/../../../../riscv32-unknown-elf/lib/libm.a(lib_a-w_pow.o)
__extendsfdf2                                     /opt/riscv32i/lib/gcc/riscv32-unknown-elf/8.2.0/libgcc.a(extendsfdf2.o)
                                                  /tmp/ccEFOV3v.o
__fdlib_version                                   /opt/riscv32i/lib/gcc/riscv32-unknown-elf/8.2.0/../../../../riscv32-unknown-elf/lib/libm.a(lib_a-s_lib_ver.o)
                                                  /opt/riscv32i/lib/gcc/riscv32-unknown-elf/8.2.0/../../../../riscv32-unknown-elf/lib/libm.a(lib_a-w_pow.o)
__fixdfsi                                         /opt/riscv32i/lib/gcc/riscv32-unknown-elf/8.2.0/libgcc.a(fixdfsi.o)
                                                  /opt/riscv32i/lib/gcc/riscv32-unknown-elf/8.2.0/../../../../riscv32-unknown-elf/lib/libm.a(lib_a-k_sin.o)
                                                  /opt/riscv32i/lib/gcc/riscv32-unknown-elf/8.2.0/../../../../riscv32-unknown-elf/lib/libm.a(lib_a-k_rem_pio2.o)
                                                  /opt/riscv32i/lib/gcc/riscv32-unknown-elf/8.2.0/../../../../riscv32-unknown-elf/lib/libm.a(lib_a-k_cos.o)
                                                  /opt/riscv32i/lib/gcc/riscv32-unknown-elf/8.2.0/../../../../riscv32-unknown-elf/lib/libm.a(lib_a-e_rem_pio2.o)
                                                  /tmp/ccEFOV3v.o
__fixsfsi                                         /opt/riscv32i/lib/gcc/riscv32-unknown-elf/8.2.0/libgcc.a(fixsfsi.o)
                                                  /tmp/ccEFOV3v.o
__floatsidf                                       /opt/riscv32i/lib/gcc/riscv32-unknown-elf/8.2.0/libgcc.a(floatsidf.o)
                                                  /opt/riscv32i/lib/gcc/riscv32-unknown-elf/8.2.0/../../../../riscv32-unknown-elf/lib/libm.a(lib_a-k_rem_pio2.o)
                                                  /opt/riscv32i/lib/gcc/riscv32-unknown-elf/8.2.0/../../../../riscv32-unknown-elf/lib/libm.a(lib_a-e_rem_pio2.o)
                                                  /opt/riscv32i/lib/gcc/riscv32-unknown-elf/8.2.0/../../../../riscv32-unknown-elf/lib/libm.a(lib_a-e_pow.o)
                                                  /tmp/ccEFOV3v.o
__floatsisf                                       /opt/riscv32i/lib/gcc/riscv32-unknown-elf/8.2.0/libgcc.a(floatsisf.o)
                                                  /tmp/ccEFOV3v.o
__floatunsisf                                     /opt/riscv32i/lib/gcc/riscv32-unknown-elf/8.2.0/libgcc.a(floatunsisf.o)
                                                  /tmp/ccEFOV3v.o
__gedf2                                           /opt/riscv32i/lib/gcc/riscv32-unknown-elf/8.2.0/libgcc.a(gedf2.o)
                                                  /opt/riscv32i/lib/gcc/riscv32-unknown-elf/8.2.0/../../../../riscv32-unknown-elf/lib/libm.a(lib_a-k_rem_pio2.o)
                                                  /opt/riscv32i/lib/gcc/riscv32-unknown-elf/8.2.0/../../../../riscv32-unknown-elf/lib/libm.a(lib_a-e_pow.o)
__gtdf2                                           /opt/riscv32i/lib/gcc/riscv32-unknown-elf/8.2.0/libgcc.a(gedf2.o)
                                                  /opt/riscv32i/lib/gcc/riscv32-unknown-elf/8.2.0/../../../../riscv32-unknown-elf/lib/libm.a(lib_a-s_floor.o)
                                                  /opt/riscv32i/lib/gcc/riscv32-unknown-elf/8.2.0/../../../../riscv32-unknown-elf/lib/libm.a(lib_a-e_pow.o)
__ieee754_pow                                     /opt/riscv32i/lib/gcc/riscv32-unknown-elf/8.2.0/../../../../riscv32-unknown-elf/lib/libm.a(lib_a-e_pow.o)
                                                  /opt/riscv32i/lib/gcc/riscv32-unknown-elf/8.2.0/../../../../riscv32-unknown-elf/lib/libm.a(lib_a-w_pow.o)
__ieee754_rem_pio2                                /opt/riscv32i/lib/gcc/riscv32-unknown-elf/8.2.0/../../../../riscv32-unknown-elf/lib/libm.a(lib_a-e_rem_pio2.o)
                                                  /opt/riscv32i/lib/gcc/riscv32-unknown-elf/8.2.0/../../../../riscv32-unknown-elf/lib/libm.a(lib_a-s_cos.o)
__ieee754_sqrt                                    /opt/riscv32i/lib/gcc/riscv32-unknown-elf/8.2.0/../../../../riscv32-unknown-elf/lib/libm.a(lib_a-e_sqrt.o)
                                                  /opt/riscv32i/lib/gcc/riscv32-unknown-elf/8.2.0/../../../../riscv32-unknown-elf/lib/libm.a(lib_a-e_pow.o)
__kernel_cos                                      /opt/riscv32i/lib/gcc/riscv32-unknown-elf/8.2.0/../../../../riscv32-unknown-elf/lib/libm.a(lib_a-k_cos.o)
                                                  /opt/riscv32i/lib/gcc/riscv32-unknown-elf/8.2.0/../../../../riscv32-unknown-elf/lib/libm.a(lib_a-s_cos.o)
__kernel_rem_pio2                                 /opt/riscv32i/lib/gcc/riscv32-unknown-elf/8.2.0/../../../../riscv32-unknown-elf/lib/libm.a(lib_a-k_rem_pio2.o)
                                                  /opt/riscv32i/lib/gcc/riscv32-unknown-elf/8.2.0/../../../../riscv32-unknown-elf/lib/libm.a(lib_a-e_rem_pio2.o)
__kernel_sin                                      /opt/riscv32i/lib/gcc/riscv32-unknown-elf/8.2.0/../../../../riscv32-unknown-elf/lib/libm.a(lib_a-k_sin.o)
                                                  /opt/riscv32i/lib/gcc/riscv32-unknown-elf/8.2.0/../../../../riscv32-unknown-elf/lib/libm.a(lib_a-s_cos.o)
__ledf2                                           /opt/riscv32i/lib/gcc/riscv32-unknown-elf/8.2.0/libgcc.a(ledf2.o)
__lesf2                                           /opt/riscv32i/lib/gcc/riscv32-unknown-elf/8.2.0/libgcc.a(lesf2.o)
__ltdf2                                           /opt/riscv32i/lib/gcc/riscv32-unknown-elf/8.2.0/libgcc.a(ledf2.o)
                                                  /opt/riscv32i/lib/gcc/riscv32-unknown-elf/8.2.0/../../../../riscv32-unknown-elf/lib/libm.a(lib_a-w_pow.o)
__ltsf2                                           /opt/riscv32i/lib/gcc/riscv32-unknown-elf/8.2.0/libgcc.a(lesf2.o)
                                                  /tmp/ccEFOV3v.o
__modsi3                                          /opt/riscv32i/lib/gcc/riscv32-unknown-elf/8.2.0/libgcc.a(div.o)
__muldf3                                          /opt/riscv32i/lib/gcc/riscv32-unknown-elf/8.2.0/libgcc.a(muldf3.o)
                                                  /opt/riscv32i/lib/gcc/riscv32-unknown-elf/8.2.0/../../../../riscv32-unknown-elf/lib/libm.a(lib_a-s_scalbn.o)
                                                  /opt/riscv32i/lib/gcc/riscv32-unknown-elf/8.2.0/../../../../riscv32-unknown-elf/lib/libm.a(lib_a-k_sin.o)
                                                  /opt/riscv32i/lib/gcc/riscv32-unknown-elf/8.2.0/../../../../riscv32-unknown-elf/lib/libm.a(lib_a-k_rem_pio2.o)
                                                  /opt/riscv32i/lib/gcc/riscv32-unknown-elf/8.2.0/../../../../riscv32-unknown-elf/lib/libm.a(lib_a-k_cos.o)
                                                  /opt/riscv32i/lib/gcc/riscv32-unknown-elf/8.2.0/../../../../riscv32-unknown-elf/lib/libm.a(lib_a-e_sqrt.o)
                                                  /opt/riscv32i/lib/gcc/riscv32-unknown-elf/8.2.0/../../../../riscv32-unknown-elf/lib/libm.a(lib_a-e_rem_pio2.o)
                                                  /opt/riscv32i/lib/gcc/riscv32-unknown-elf/8.2.0/../../../../riscv32-unknown-elf/lib/libm.a(lib_a-e_pow.o)
                                                  /opt/riscv32i/lib/gcc/riscv32-unknown-elf/8.2.0/../../../../riscv32-unknown-elf/lib/libm.a(lib_a-w_pow.o)
                                                  /tmp/ccEFOV3v.o
__mulsf3                                          /opt/riscv32i/lib/gcc/riscv32-unknown-elf/8.2.0/libgcc.a(mulsf3.o)
                                                  /tmp/ccEFOV3v.o
__mulsi3                                          /opt/riscv32i/lib/gcc/riscv32-unknown-elf/8.2.0/libgcc.a(muldi3.o)
                                                  /opt/riscv32i/lib/gcc/riscv32-unknown-elf/8.2.0/libgcc.a(mulsf3.o)
                                                  /opt/riscv32i/lib/gcc/riscv32-unknown-elf/8.2.0/libgcc.a(divsf3.o)
                                                  /opt/riscv32i/lib/gcc/riscv32-unknown-elf/8.2.0/libgcc.a(muldf3.o)
                                                  /opt/riscv32i/lib/gcc/riscv32-unknown-elf/8.2.0/libgcc.a(divdf3.o)
__nedf2                                           /opt/riscv32i/lib/gcc/riscv32-unknown-elf/8.2.0/libgcc.a(eqdf2.o)
                                                  /opt/riscv32i/lib/gcc/riscv32-unknown-elf/8.2.0/../../../../riscv32-unknown-elf/lib/libm.a(lib_a-w_pow.o)
__subdf3                                          /opt/riscv32i/lib/gcc/riscv32-unknown-elf/8.2.0/libgcc.a(subdf3.o)
                                                  /opt/riscv32i/lib/gcc/riscv32-unknown-elf/8.2.0/../../../../riscv32-unknown-elf/lib/libm.a(lib_a-s_rint.o)
                                                  /opt/riscv32i/lib/gcc/riscv32-unknown-elf/8.2.0/../../../../riscv32-unknown-elf/lib/libm.a(lib_a-k_sin.o)
                                                  /opt/riscv32i/lib/gcc/riscv32-unknown-elf/8.2.0/../../../../riscv32-unknown-elf/lib/libm.a(lib_a-k_rem_pio2.o)
                                                  /opt/riscv32i/lib/gcc/riscv32-unknown-elf/8.2.0/../../../../riscv32-unknown-elf/lib/libm.a(lib_a-k_cos.o)
                                                  /opt/riscv32i/lib/gcc/riscv32-unknown-elf/8.2.0/../../../../riscv32-unknown-elf/lib/libm.a(lib_a-e_sqrt.o)
                                                  /opt/riscv32i/lib/gcc/riscv32-unknown-elf/8.2.0/../../../../riscv32-unknown-elf/lib/libm.a(lib_a-e_rem_pio2.o)
                                                  /opt/riscv32i/lib/gcc/riscv32-unknown-elf/8.2.0/../../../../riscv32-unknown-elf/lib/libm.a(lib_a-e_pow.o)
                                                  /opt/riscv32i/lib/gcc/riscv32-unknown-elf/8.2.0/../../../../riscv32-unknown-elf/lib/libm.a(lib_a-s_cos.o)
__subsf3                                          /opt/riscv32i/lib/gcc/riscv32-unknown-elf/8.2.0/libgcc.a(subsf3.o)
                                                  /tmp/ccEFOV3v.o
__truncdfsf2                                      /opt/riscv32i/lib/gcc/riscv32-unknown-elf/8.2.0/libgcc.a(truncdfsf2.o)
                                                  /tmp/ccEFOV3v.o
__udivsi3                                         /opt/riscv32i/lib/gcc/riscv32-unknown-elf/8.2.0/libgcc.a(div.o)
                                                  /opt/riscv32i/lib/gcc/riscv32-unknown-elf/8.2.0/libgcc.a(divsf3.o)
                                                  /opt/riscv32i/lib/gcc/riscv32-unknown-elf/8.2.0/libgcc.a(divdf3.o)
__umodsi3                                         /opt/riscv32i/lib/gcc/riscv32-unknown-elf/8.2.0/libgcc.a(div.o)
                                                  /opt/riscv32i/lib/gcc/riscv32-unknown-elf/8.2.0/libgcc.a(divsf3.o)
                                                  /opt/riscv32i/lib/gcc/riscv32-unknown-elf/8.2.0/libgcc.a(divdf3.o)
__unorddf2                                        /opt/riscv32i/lib/gcc/riscv32-unknown-elf/8.2.0/libgcc.a(unorddf2.o)
                                                  /opt/riscv32i/lib/gcc/riscv32-unknown-elf/8.2.0/../../../../riscv32-unknown-elf/lib/libm.a(lib_a-w_pow.o)
_ebss                                             /tmp/ccEFOV3v.o
_global_impure_ptr                                /opt/riscv32i/lib/gcc/riscv32-unknown-elf/8.2.0/../../../../riscv32-unknown-elf/lib/libc.a(lib_a-impure.o)
_impure_ptr                                       /opt/riscv32i/lib/gcc/riscv32-unknown-elf/8.2.0/../../../../riscv32-unknown-elf/lib/libc.a(lib_a-impure.o)
                                                  /opt/riscv32i/lib/gcc/riscv32-unknown-elf/8.2.0/../../../../riscv32-unknown-elf/lib/libc.a(lib_a-errno.o)
_sbss                                             /tmp/ccEFOV3v.o
copysign                                          /opt/riscv32i/lib/gcc/riscv32-unknown-elf/8.2.0/../../../../riscv32-unknown-elf/lib/libm.a(lib_a-s_copysign.o)
                                                  /opt/riscv32i/lib/gcc/riscv32-unknown-elf/8.2.0/../../../../riscv32-unknown-elf/lib/libm.a(lib_a-s_scalbn.o)
cos                                               /opt/riscv32i/lib/gcc/riscv32-unknown-elf/8.2.0/../../../../riscv32-unknown-elf/lib/libm.a(lib_a-s_cos.o)
                                                  /tmp/ccEFOV3v.o
debug                                             /tmp/ccSf0uVT.o
fabs                                              /opt/riscv32i/lib/gcc/riscv32-unknown-elf/8.2.0/../../../../riscv32-unknown-elf/lib/libm.a(lib_a-s_fabs.o)
                                                  /opt/riscv32i/lib/gcc/riscv32-unknown-elf/8.2.0/../../../../riscv32-unknown-elf/lib/libm.a(lib_a-e_rem_pio2.o)
                                                  /opt/riscv32i/lib/gcc/riscv32-unknown-elf/8.2.0/../../../../riscv32-unknown-elf/lib/libm.a(lib_a-e_pow.o)
finite                                            /opt/riscv32i/lib/gcc/riscv32-unknown-elf/8.2.0/../../../../riscv32-unknown-elf/lib/libm.a(lib_a-s_finite.o)
                                                  /opt/riscv32i/lib/gcc/riscv32-unknown-elf/8.2.0/../../../../riscv32-unknown-elf/lib/libm.a(lib_a-w_pow.o)
floor                                             /opt/riscv32i/lib/gcc/riscv32-unknown-elf/8.2.0/../../../../riscv32-unknown-elf/lib/libm.a(lib_a-s_floor.o)
                                                  /opt/riscv32i/lib/gcc/riscv32-unknown-elf/8.2.0/../../../../riscv32-unknown-elf/lib/libm.a(lib_a-k_rem_pio2.o)
ftoa                                              /tmp/ccEFOV3v.o
intToStr                                          /tmp/ccEFOV3v.o
main                                              /tmp/ccEFOV3v.o
                                                  /tmp/ccSf0uVT.o
matherr                                           /opt/riscv32i/lib/gcc/riscv32-unknown-elf/8.2.0/../../../../riscv32-unknown-elf/lib/libm.a(lib_a-s_matherr.o)
                                                  /opt/riscv32i/lib/gcc/riscv32-unknown-elf/8.2.0/../../../../riscv32-unknown-elf/lib/libm.a(lib_a-w_pow.o)
nan                                               /opt/riscv32i/lib/gcc/riscv32-unknown-elf/8.2.0/../../../../riscv32-unknown-elf/lib/libm.a(lib_a-s_nan.o)
                                                  /opt/riscv32i/lib/gcc/riscv32-unknown-elf/8.2.0/../../../../riscv32-unknown-elf/lib/libm.a(lib_a-e_pow.o)
pow                                               /opt/riscv32i/lib/gcc/riscv32-unknown-elf/8.2.0/../../../../riscv32-unknown-elf/lib/libm.a(lib_a-w_pow.o)
                                                  /tmp/ccEFOV3v.o
print                                             /tmp/ccEFOV3v.o
print_dec                                         /tmp/ccEFOV3v.o
print_hex                                         /tmp/ccEFOV3v.o
printf                                            /tmp/ccEFOV3v.o
putchar                                           /tmp/ccEFOV3v.o
reverse                                           /tmp/ccEFOV3v.o
rint                                              /opt/riscv32i/lib/gcc/riscv32-unknown-elf/8.2.0/../../../../riscv32-unknown-elf/lib/libm.a(lib_a-s_rint.o)
                                                  /opt/riscv32i/lib/gcc/riscv32-unknown-elf/8.2.0/../../../../riscv32-unknown-elf/lib/libm.a(lib_a-w_pow.o)
scalbn                                            /opt/riscv32i/lib/gcc/riscv32-unknown-elf/8.2.0/../../../../riscv32-unknown-elf/lib/libm.a(lib_a-s_scalbn.o)
                                                  /opt/riscv32i/lib/gcc/riscv32-unknown-elf/8.2.0/../../../../riscv32-unknown-elf/lib/libm.a(lib_a-k_rem_pio2.o)
                                                  /opt/riscv32i/lib/gcc/riscv32-unknown-elf/8.2.0/../../../../riscv32-unknown-elf/lib/libm.a(lib_a-e_pow.o)
set_irq_mask                                      /tmp/ccEFOV3v.o
