Archive member included to satisfy reference by file (symbol)

/opt/riscv32i/lib/gcc/riscv32-unknown-elf/8.2.0/../../../../riscv32-unknown-elf/lib/libm.a(lib_a-s_cos.o)
                              /tmp/ccJYmwrF.o (cos)
/opt/riscv32i/lib/gcc/riscv32-unknown-elf/8.2.0/../../../../riscv32-unknown-elf/lib/libm.a(lib_a-s_sin.o)
                              /tmp/ccJYmwrF.o (sin)
/opt/riscv32i/lib/gcc/riscv32-unknown-elf/8.2.0/../../../../riscv32-unknown-elf/lib/libm.a(lib_a-w_atan2.o)
                              /tmp/ccJYmwrF.o (atan2)
/opt/riscv32i/lib/gcc/riscv32-unknown-elf/8.2.0/../../../../riscv32-unknown-elf/lib/libm.a(lib_a-w_exp.o)
                              /tmp/ccJYmwrF.o (exp)
/opt/riscv32i/lib/gcc/riscv32-unknown-elf/8.2.0/../../../../riscv32-unknown-elf/lib/libm.a(lib_a-w_pow.o)
                              /tmp/ccJYmwrF.o (pow)
/opt/riscv32i/lib/gcc/riscv32-unknown-elf/8.2.0/../../../../riscv32-unknown-elf/lib/libm.a(lib_a-w_sqrt.o)
                              /tmp/ccJYmwrF.o (sqrt)
/opt/riscv32i/lib/gcc/riscv32-unknown-elf/8.2.0/../../../../riscv32-unknown-elf/lib/libm.a(lib_a-e_atan2.o)
                              /opt/riscv32i/lib/gcc/riscv32-unknown-elf/8.2.0/../../../../riscv32-unknown-elf/lib/libm.a(lib_a-w_atan2.o) (__ieee754_atan2)
/opt/riscv32i/lib/gcc/riscv32-unknown-elf/8.2.0/../../../../riscv32-unknown-elf/lib/libm.a(lib_a-e_exp.o)
                              /opt/riscv32i/lib/gcc/riscv32-unknown-elf/8.2.0/../../../../riscv32-unknown-elf/lib/libm.a(lib_a-w_exp.o) (__ieee754_exp)
/opt/riscv32i/lib/gcc/riscv32-unknown-elf/8.2.0/../../../../riscv32-unknown-elf/lib/libm.a(lib_a-e_pow.o)
                              /opt/riscv32i/lib/gcc/riscv32-unknown-elf/8.2.0/../../../../riscv32-unknown-elf/lib/libm.a(lib_a-w_pow.o) (__ieee754_pow)
/opt/riscv32i/lib/gcc/riscv32-unknown-elf/8.2.0/../../../../riscv32-unknown-elf/lib/libm.a(lib_a-e_rem_pio2.o)
                              /opt/riscv32i/lib/gcc/riscv32-unknown-elf/8.2.0/../../../../riscv32-unknown-elf/lib/libm.a(lib_a-s_cos.o) (__ieee754_rem_pio2)
/opt/riscv32i/lib/gcc/riscv32-unknown-elf/8.2.0/../../../../riscv32-unknown-elf/lib/libm.a(lib_a-e_sqrt.o)
                              /opt/riscv32i/lib/gcc/riscv32-unknown-elf/8.2.0/../../../../riscv32-unknown-elf/lib/libm.a(lib_a-w_sqrt.o) (__ieee754_sqrt)
/opt/riscv32i/lib/gcc/riscv32-unknown-elf/8.2.0/../../../../riscv32-unknown-elf/lib/libm.a(lib_a-k_cos.o)
                              /opt/riscv32i/lib/gcc/riscv32-unknown-elf/8.2.0/../../../../riscv32-unknown-elf/lib/libm.a(lib_a-s_cos.o) (__kernel_cos)
/opt/riscv32i/lib/gcc/riscv32-unknown-elf/8.2.0/../../../../riscv32-unknown-elf/lib/libm.a(lib_a-k_rem_pio2.o)
                              /opt/riscv32i/lib/gcc/riscv32-unknown-elf/8.2.0/../../../../riscv32-unknown-elf/lib/libm.a(lib_a-e_rem_pio2.o) (__kernel_rem_pio2)
/opt/riscv32i/lib/gcc/riscv32-unknown-elf/8.2.0/../../../../riscv32-unknown-elf/lib/libm.a(lib_a-k_sin.o)
                              /opt/riscv32i/lib/gcc/riscv32-unknown-elf/8.2.0/../../../../riscv32-unknown-elf/lib/libm.a(lib_a-s_cos.o) (__kernel_sin)
/opt/riscv32i/lib/gcc/riscv32-unknown-elf/8.2.0/../../../../riscv32-unknown-elf/lib/libm.a(lib_a-s_atan.o)
                              /opt/riscv32i/lib/gcc/riscv32-unknown-elf/8.2.0/../../../../riscv32-unknown-elf/lib/libm.a(lib_a-e_atan2.o) (atan)
/opt/riscv32i/lib/gcc/riscv32-unknown-elf/8.2.0/../../../../riscv32-unknown-elf/lib/libm.a(lib_a-s_fabs.o)
                              /opt/riscv32i/lib/gcc/riscv32-unknown-elf/8.2.0/../../../../riscv32-unknown-elf/lib/libm.a(lib_a-e_atan2.o) (fabs)
/opt/riscv32i/lib/gcc/riscv32-unknown-elf/8.2.0/../../../../riscv32-unknown-elf/lib/libm.a(lib_a-s_finite.o)
                              /opt/riscv32i/lib/gcc/riscv32-unknown-elf/8.2.0/../../../../riscv32-unknown-elf/lib/libm.a(lib_a-w_exp.o) (finite)
/opt/riscv32i/lib/gcc/riscv32-unknown-elf/8.2.0/../../../../riscv32-unknown-elf/lib/libm.a(lib_a-s_floor.o)
                              /opt/riscv32i/lib/gcc/riscv32-unknown-elf/8.2.0/../../../../riscv32-unknown-elf/lib/libm.a(lib_a-k_rem_pio2.o) (floor)
/opt/riscv32i/lib/gcc/riscv32-unknown-elf/8.2.0/../../../../riscv32-unknown-elf/lib/libm.a(lib_a-s_lib_ver.o)
                              /opt/riscv32i/lib/gcc/riscv32-unknown-elf/8.2.0/../../../../riscv32-unknown-elf/lib/libm.a(lib_a-w_exp.o) (__fdlib_version)
/opt/riscv32i/lib/gcc/riscv32-unknown-elf/8.2.0/../../../../riscv32-unknown-elf/lib/libm.a(lib_a-s_matherr.o)
                              /opt/riscv32i/lib/gcc/riscv32-unknown-elf/8.2.0/../../../../riscv32-unknown-elf/lib/libm.a(lib_a-w_exp.o) (matherr)
/opt/riscv32i/lib/gcc/riscv32-unknown-elf/8.2.0/../../../../riscv32-unknown-elf/lib/libm.a(lib_a-s_nan.o)
                              /opt/riscv32i/lib/gcc/riscv32-unknown-elf/8.2.0/../../../../riscv32-unknown-elf/lib/libm.a(lib_a-e_pow.o) (nan)
[...]
Memory Configuration

Name             Origin             Length             Attributes
FLASH            0x0000000000050000 0x0000000000100000 xr
RAM              0x0000000000000000 0x0000000000002000 xrw
*default*        0x0000000000000000 0xffffffffffffffff

Linker script and memory map


.text           0x0000000000050000     0x9e90
                0x0000000000050000                . = ALIGN (0x4)
 *(.text)
 .text          0x0000000000050000      0x16c /tmp/ccoqqyrD.o
 .text          0x000000000005016c     0x1d3c /tmp/ccJYmwrF.o
                0x000000000005016c                set_irq_mask
                0x0000000000050172                putchar
                0x00000000000501a4                print
                0x00000000000501da                print_hex
                0x000000000005025e                print_dec
                0x000000000005049a                reverse
                0x0000000000050524                intToStr
                0x00000000000505f6                ftoa
                0x0000000000050706                printf
                0x0000000000050752                readEncoders
                0x00000000000507bc                micros
                0x00000000000507d4                gradX
                0x0000000000050ace                gradY
                0x0000000000050dda                updateWheelsMovement
                0x0000000000050fc4                calcNewPosition
                0x00000000000512a6                odometry
                0x00000000000512bc                calcNewPoint
                0x000000000005140e                calcControlVariables
                0x0000000000051696                calcRefVelocities
                0x0000000000051854                controlOdometry
                0x0000000000051872                control
                0x0000000000051ad4                analogWrite
                0x0000000000051af4                moveCar
                0x0000000000051c1a                calcDistanceToEnd
                0x0000000000051cac                stopCar
                0x0000000000051cf6                setup
                0x0000000000051d42                loop
                0x0000000000051dfa                main
 .text          0x0000000000051ea8       0xac /opt/riscv32i/lib/gcc/riscv32-unknown-elf/8.2.0/../../../../riscv32-unknown-elf/lib/libm.a(lib_a-s_cos.o)
                0x0000000000051ea8                cos
 .text          0x0000000000051f54       0xb4 /opt/riscv32i/lib/gcc/riscv32-unknown-elf/8.2.0/../../../../riscv32-unknown-elf/lib/libm.a(lib_a-s_sin.o)
                0x0000000000051f54                sin
 .text          0x0000000000052008        0x4 /opt/riscv32i/lib/gcc/riscv32-unknown-elf/8.2.0/../../../../riscv32-unknown-elf/lib/libm.a(lib_a-w_atan2.o)
                0x0000000000052008                atan2
 .text          0x000000000005200c      0x180 /opt/riscv32i/lib/gcc/riscv32-unknown-elf/8.2.0/../../../../riscv32-unknown-elf/lib/libm.a(lib_a-w_exp.o)
                0x000000000005200c                exp
 .text          0x000000000005218c      0x474 /opt/riscv32i/lib/gcc/riscv32-unknown-elf/8.2.0/../../../../riscv32-unknown-elf/lib/libm.a(lib_a-w_pow.o)
                0x000000000005218c                pow
 .text          0x0000000000052600      0x124 /opt/riscv32i/lib/gcc/riscv32-unknown-elf/8.2.0/../../../../riscv32-unknown-elf/lib/libm.a(lib_a-w_sqrt.o)
                0x0000000000052600                sqrt
 .text          0x0000000000052724      0x280 /opt/riscv32i/lib/gcc/riscv32-unknown-elf/8.2.0/../../../../riscv32-unknown-elf/lib/libm.a(lib_a-e_atan2.o)
                0x0000000000052724                __ieee754_atan2
 .text          0x00000000000529a4      0x43c /opt/riscv32i/lib/gcc/riscv32-unknown-elf/8.2.0/../../../../riscv32-unknown-elf/lib/libm.a(lib_a-e_exp.o)
                0x00000000000529a4                __ieee754_exp
 .text          0x0000000000052de0      0xeb4 /opt/riscv32i/lib/gcc/riscv32-unknown-elf/8.2.0/../../../../riscv32-unknown-elf/lib/libm.a(lib_a-e_pow.o)
                0x0000000000052de0                __ieee754_pow
 .text          0x0000000000053c94      0x614 /opt/riscv32i/lib/gcc/riscv32-unknown-elf/8.2.0/../../../../riscv32-unknown-elf/lib/libm.a(lib_a-e_rem_pio2.o)
                0x0000000000053c94                __ieee754_rem_pio2
 .text          0x00000000000542a8      0x234 /opt/riscv32i/lib/gcc/riscv32-unknown-elf/8.2.0/../../../../riscv32-unknown-elf/lib/libm.a(lib_a-e_sqrt.o)
                0x00000000000542a8                __ieee754_sqrt
 .text          0x00000000000544dc      0x268 /opt/riscv32i/lib/gcc/riscv32-unknown-elf/8.2.0/../../../../riscv32-unknown-elf/lib/libm.a(lib_a-k_cos.o)
                0x00000000000544dc                __kernel_cos
 .text          0x0000000000054744      0xaf8 /opt/riscv32i/lib/gcc/riscv32-unknown-elf/8.2.0/../../../../riscv32-unknown-elf/lib/libm.a(lib_a-k_rem_pio2.o)
                0x0000000000054744                __kernel_rem_pio2
 .text          0x000000000005523c      0x264 /opt/riscv32i/lib/gcc/riscv32-unknown-elf/8.2.0/../../../../riscv32-unknown-elf/lib/libm.a(lib_a-k_sin.o)
                0x000000000005523c                __kernel_sin
 .text          0x00000000000554a0      0x44c /opt/riscv32i/lib/gcc/riscv32-unknown-elf/8.2.0/../../../../riscv32-unknown-elf/lib/libm.a(lib_a-s_atan.o)
                0x00000000000554a0                atan
 .text          0x00000000000558ec       0x18 /opt/riscv32i/lib/gcc/riscv32-unknown-elf/8.2.0/../../../../riscv32-unknown-elf/lib/libm.a(lib_a-s_fabs.o)
                0x00000000000558ec                fabs
 .text          0x0000000000055904       0x18 /opt/riscv32i/lib/gcc/riscv32-unknown-elf/8.2.0/../../../../riscv32-unknown-elf/lib/libm.a(lib_a-s_finite.o)
                0x0000000000055904                finite
 .text          0x000000000005591c      0x1b0 /opt/riscv32i/lib/gcc/riscv32-unknown-elf/8.2.0/../../../../riscv32-unknown-elf/lib/libm.a(lib_a-s_floor.o)
                0x000000000005591c                floor
 .text          0x0000000000055acc        0x0 /opt/riscv32i/lib/gcc/riscv32-unknown-elf/8.2.0/../../../../riscv32-unknown-elf/lib/libm.a(lib_a-s_lib_ver.o)
 .text          0x0000000000055acc        0x8 /opt/riscv32i/lib/gcc/riscv32-unknown-elf/8.2.0/../../../../riscv32-unknown-elf/lib/libm.a(lib_a-s_matherr.o)
                0x0000000000055acc                matherr
 .text          0x0000000000055ad4       0x10 /opt/riscv32i/lib/gcc/riscv32-unknown-elf/8.2.0/../../../../riscv32-unknown-elf/lib/libm.a(lib_a-s_nan.o)
                0x0000000000055ad4                nan
 .text          0x0000000000055ae4      0x1fc /opt/riscv32i/lib/gcc/riscv32-unknown-elf/8.2.0/../../../../riscv32-unknown-elf/lib/libm.a(lib_a-s_rint.o)
                0x0000000000055ae4                rint
 .text          0x0000000000055ce0      0x168 /opt/riscv32i/lib/gcc/riscv32-unknown-elf/8.2.0/../../../../riscv32-unknown-elf/lib/libm.a(lib_a-s_scalbn.o)
                0x0000000000055ce0                scalbn
 .text          0x0000000000055e48       0x24 /opt/riscv32i/lib/gcc/riscv32-unknown-elf/8.2.0/../../../../riscv32-unknown-elf/lib/libm.a(lib_a-s_copysign.o)
                0x0000000000055e48                copysign
 .text          0x0000000000055e6c      0x7c0 /opt/riscv32i/lib/gcc/riscv32-unknown-elf/8.2.0/libgcc.a(adddf3.o)
                0x0000000000055e6c                __adddf3
 .text          0x000000000005662c      0x7d0 /opt/riscv32i/lib/gcc/riscv32-unknown-elf/8.2.0/libgcc.a(divdf3.o)
                0x000000000005662c                __divdf3
 .text          0x0000000000056dfc       0x8c /opt/riscv32i/lib/gcc/riscv32-unknown-elf/8.2.0/libgcc.a(eqdf2.o)
                0x0000000000056dfc                __eqdf2
                0x0000000000056dfc                __nedf2
 .text          0x0000000000056e88       0xe8 /opt/riscv32i/lib/gcc/riscv32-unknown-elf/8.2.0/libgcc.a(gedf2.o)
                0x0000000000056e88                __gtdf2
                0x0000000000056e88                __gedf2
 .text          0x0000000000056f70       0xe8 /opt/riscv32i/lib/gcc/riscv32-unknown-elf/8.2.0/libgcc.a(ledf2.o)
                0x0000000000056f70                __ltdf2
                0x0000000000056f70                __ledf2
 .text          0x0000000000057058      0x674 /opt/riscv32i/lib/gcc/riscv32-unknown-elf/8.2.0/libgcc.a(muldf3.o)
                0x0000000000057058                __muldf3
 .text          0x00000000000576cc      0x7c4 /opt/riscv32i/lib/gcc/riscv32-unknown-elf/8.2.0/libgcc.a(subdf3.o)
                0x00000000000576cc                __subdf3
 .text          0x0000000000057e90       0x4c /opt/riscv32i/lib/gcc/riscv32-unknown-elf/8.2.0/libgcc.a(unorddf2.o)
                0x0000000000057e90                __unorddf2
 .text          0x0000000000057edc       0x80 /opt/riscv32i/lib/gcc/riscv32-unknown-elf/8.2.0/libgcc.a(fixdfsi.o)
                0x0000000000057edc                __fixdfsi
 .text          0x0000000000057f5c       0xac /opt/riscv32i/lib/gcc/riscv32-unknown-elf/8.2.0/libgcc.a(floatsidf.o)
                0x0000000000057f5c                __floatsidf
 .text          0x0000000000058008      0x42c /opt/riscv32i/lib/gcc/riscv32-unknown-elf/8.2.0/libgcc.a(addsf3.o)
                0x0000000000058008                __addsf3
 .text          0x0000000000058434      0x384 /opt/riscv32i/lib/gcc/riscv32-unknown-elf/8.2.0/libgcc.a(divsf3.o)
                0x0000000000058434                __divsf3
 .text          0x00000000000587b8       0x6c /opt/riscv32i/lib/gcc/riscv32-unknown-elf/8.2.0/libgcc.a(eqsf2.o)
                0x00000000000587b8                __nesf2
                0x00000000000587b8                __eqsf2
 .text          0x0000000000058824       0xbc /opt/riscv32i/lib/gcc/riscv32-unknown-elf/8.2.0/libgcc.a(lesf2.o)
                0x0000000000058824                __lesf2
                0x0000000000058824                __ltsf2
 .text          0x00000000000588e0      0x320 /opt/riscv32i/lib/gcc/riscv32-unknown-elf/8.2.0/libgcc.a(mulsf3.o)
                0x00000000000588e0                __mulsf3
 .text          0x0000000000058c00      0x44c /opt/riscv32i/lib/gcc/riscv32-unknown-elf/8.2.0/libgcc.a(subsf3.o)
                0x0000000000058c00                __subsf3
 .text          0x000000000005904c       0x70 /opt/riscv32i/lib/gcc/riscv32-unknown-elf/8.2.0/libgcc.a(fixsfsi.o)
                0x000000000005904c                __fixsfsi
 .text          0x00000000000590bc      0x108 /opt/riscv32i/lib/gcc/riscv32-unknown-elf/8.2.0/libgcc.a(floatsisf.o)
                0x00000000000590bc                __floatsisf
 .text          0x00000000000591c4       0xdc /opt/riscv32i/lib/gcc/riscv32-unknown-elf/8.2.0/libgcc.a(extendsfdf2.o)
                0x00000000000591c4                __extendsfdf2
 .text          0x00000000000592a0      0x180 /opt/riscv32i/lib/gcc/riscv32-unknown-elf/8.2.0/libgcc.a(truncdfsf2.o)
                0x00000000000592a0                __truncdfsf2
 .text          0x0000000000059420       0x24 /opt/riscv32i/lib/gcc/riscv32-unknown-elf/8.2.0/libgcc.a(muldi3.o)
                0x0000000000059420                __mulsi3
 .text          0x0000000000059444       0xb4 /opt/riscv32i/lib/gcc/riscv32-unknown-elf/8.2.0/libgcc.a(div.o)
                0x0000000000059444                __divsi3
                0x000000000005944c                __udivsi3
                0x0000000000059494                __umodsi3
                0x00000000000594c8                __modsi3
 .text          0x00000000000594f8       0x4c /opt/riscv32i/lib/gcc/riscv32-unknown-elf/8.2.0/libgcc.a(_clzsi2.o)
                0x00000000000594f8                __clzsi2
 .text          0x0000000000059544        0x0 /opt/riscv32i/lib/gcc/riscv32-unknown-elf/8.2.0/libgcc.a(_clz.o)
 .text          0x0000000000059544        0x8 /opt/riscv32i/lib/gcc/riscv32-unknown-elf/8.2.0/../../../../riscv32-unknown-elf/lib/libc.a(lib_a-errno.o)
                0x0000000000059544                __errno
 .text          0x000000000005954c        0x0 /opt/riscv32i/lib/gcc/riscv32-unknown-elf/8.2.0/../../../../riscv32-unknown-elf/lib/libc.a(lib_a-impure.o)
 *(.text*)
 *(.rodata)
 *fill*         0x000000000005954c        0x4 
 .rodata        0x0000000000059550      0x1e8 /tmp/ccJYmwrF.o
 .rodata        0x0000000000059738       0x30 /opt/riscv32i/lib/gcc/riscv32-unknown-elf/8.2.0/../../../../riscv32-unknown-elf/lib/libm.a(lib_a-e_exp.o)
 .rodata        0x0000000000059768       0x30 /opt/riscv32i/lib/gcc/riscv32-unknown-elf/8.2.0/../../../../riscv32-unknown-elf/lib/libm.a(lib_a-e_pow.o)
 .rodata        0x0000000000059798      0x188 /opt/riscv32i/lib/gcc/riscv32-unknown-elf/8.2.0/../../../../riscv32-unknown-elf/lib/libm.a(lib_a-e_rem_pio2.o)
 .rodata        0x0000000000059920       0x50 /opt/riscv32i/lib/gcc/riscv32-unknown-elf/8.2.0/../../../../riscv32-unknown-elf/lib/libm.a(lib_a-k_rem_pio2.o)
 .rodata        0x0000000000059970       0x40 /opt/riscv32i/lib/gcc/riscv32-unknown-elf/8.2.0/../../../../riscv32-unknown-elf/lib/libm.a(lib_a-s_atan.o)
 .rodata        0x00000000000599b0       0x10 /opt/riscv32i/lib/gcc/riscv32-unknown-elf/8.2.0/../../../../riscv32-unknown-elf/lib/libm.a(lib_a-s_rint.o)
 .rodata        0x00000000000599c0       0x3c /opt/riscv32i/lib/gcc/riscv32-unknown-elf/8.2.0/libgcc.a(divdf3.o)
 .rodata        0x00000000000599fc       0x3c /opt/riscv32i/lib/gcc/riscv32-unknown-elf/8.2.0/libgcc.a(muldf3.o)
 .rodata        0x0000000000059a38       0x3c /opt/riscv32i/lib/gcc/riscv32-unknown-elf/8.2.0/libgcc.a(divsf3.o)
 .rodata        0x0000000000059a74       0x3c /opt/riscv32i/lib/gcc/riscv32-unknown-elf/8.2.0/libgcc.a(mulsf3.o)
 .rodata        0x0000000000059ab0      0x100 /opt/riscv32i/lib/gcc/riscv32-unknown-elf/8.2.0/libgcc.a(_clz.o)
                0x0000000000059ab0                __clz_tab
 *(.rodata*)
 .rodata.str1.4
                0x0000000000059bb0        0x4 /opt/riscv32i/lib/gcc/riscv32-unknown-elf/8.2.0/../../../../riscv32-unknown-elf/lib/libm.a(lib_a-w_exp.o)
 .rodata.str1.4
                0x0000000000059bb4        0x4 /opt/riscv32i/lib/gcc/riscv32-unknown-elf/8.2.0/../../../../riscv32-unknown-elf/lib/libm.a(lib_a-w_pow.o)
 .rodata.str1.4
                0x0000000000059bb8        0x5 /opt/riscv32i/lib/gcc/riscv32-unknown-elf/8.2.0/../../../../riscv32-unknown-elf/lib/libm.a(lib_a-w_sqrt.o)
 .rodata.str1.4
                0x0000000000059bbd        0x8 /opt/riscv32i/lib/gcc/riscv32-unknown-elf/8.2.0/../../../../riscv32-unknown-elf/lib/libm.a(lib_a-e_pow.o)
                                          0x1 (size before relaxing)
 *(.srodata)
 *fill*         0x0000000000059bbd        0x3 
 .srodata       0x0000000000059bc0        0x4 /opt/riscv32i/lib/gcc/riscv32-unknown-elf/8.2.0/../../../../riscv32-unknown-elf/lib/libc.a(lib_a-impure.o)
                0x0000000000059bc0                _global_impure_ptr
 *(.srodata*)
 *fill*         0x0000000000059bc4        0x4 
 .srodata.cst8  0x0000000000059bc8       0x20 /opt/riscv32i/lib/gcc/riscv32-unknown-elf/8.2.0/../../../../riscv32-unknown-elf/lib/libm.a(lib_a-w_exp.o)
 .srodata.cst8  0x0000000000059be8       0x20 /opt/riscv32i/lib/gcc/riscv32-unknown-elf/8.2.0/../../../../riscv32-unknown-elf/lib/libm.a(lib_a-w_pow.o)
                                         0x30 (size before relaxing)
 .srodata.cst8  0x0000000000059c08       0x50 /opt/riscv32i/lib/gcc/riscv32-unknown-elf/8.2.0/../../../../riscv32-unknown-elf/lib/libm.a(lib_a-e_atan2.o)
 .srodata.cst8  0x0000000000059c58       0x58 /opt/riscv32i/lib/gcc/riscv32-unknown-elf/8.2.0/../../../../riscv32-unknown-elf/lib/libm.a(lib_a-e_exp.o)
                                         0x70 (size before relaxing)
 .srodata.cst8  0x0000000000059cb0       0xa8 /opt/riscv32i/lib/gcc/riscv32-unknown-elf/8.2.0/../../../../riscv32-unknown-elf/lib/libm.a(lib_a-e_pow.o)
                                         0xf8 (size before relaxing)
 .srodata.cst8  0x0000000000059d58       0x40 /opt/riscv32i/lib/gcc/riscv32-unknown-elf/8.2.0/../../../../riscv32-unknown-elf/lib/libm.a(lib_a-e_rem_pio2.o)
                                         0x48 (size before relaxing)
 .srodata.cst8  0x0000000000059d98       0x38 /opt/riscv32i/lib/gcc/riscv32-unknown-elf/8.2.0/../../../../riscv32-unknown-elf/lib/libm.a(lib_a-k_cos.o)
                                         0x48 (size before relaxing)
 .srodata.cst8  0x0000000000059dd0       0x18 /opt/riscv32i/lib/gcc/riscv32-unknown-elf/8.2.0/../../../../riscv32-unknown-elf/lib/libm.a(lib_a-k_rem_pio2.o)
                                         0x30 (size before relaxing)
 .srodata.cst8  0x0000000000059de8       0x30 /opt/riscv32i/lib/gcc/riscv32-unknown-elf/8.2.0/../../../../riscv32-unknown-elf/lib/libm.a(lib_a-k_sin.o)
                                         0x38 (size before relaxing)
 .srodata.cst8  0x0000000000059e18       0x60 /opt/riscv32i/lib/gcc/riscv32-unknown-elf/8.2.0/../../../../riscv32-unknown-elf/lib/libm.a(lib_a-s_atan.o)
                                         0x90 (size before relaxing)
 .srodata.cst8  0x0000000000059e78        0x8 /opt/riscv32i/lib/gcc/riscv32-unknown-elf/8.2.0/../../../../riscv32-unknown-elf/lib/libm.a(lib_a-s_floor.o)
 .srodata.cst8  0x0000000000059e78        0x8 /opt/riscv32i/lib/gcc/riscv32-unknown-elf/8.2.0/../../../../riscv32-unknown-elf/lib/libm.a(lib_a-s_nan.o)
 .srodata.cst8  0x0000000000059e80       0x10 /opt/riscv32i/lib/gcc/riscv32-unknown-elf/8.2.0/../../../../riscv32-unknown-elf/lib/libm.a(lib_a-s_scalbn.o)
                                         0x20 (size before relaxing)
 *(.eh_frame)
 *(.eh_frame*)
                0x0000000000059e90                . = ALIGN (0x4)
                0x0000000000059e90                _etext = .
                0x0000000000059e90                _sidata = _etext

.rela.dyn       0x0000000000059e90        0x0
 .rela.text     0x0000000000059e90        0x0 /tmp/ccoqqyrD.o

.data           0x0000000000000000      0x44c load address 0x0000000000059e90
                0x0000000000000000                . = ALIGN (0x4)
                0x0000000000000000                _sdata = .
                0x0000000000000000                _ram_start = .
 *(.data)
 .data          0x0000000000000000       0x14 /tmp/ccoqqyrD.o
 .data          0x0000000000000014        0x0 /tmp/ccJYmwrF.o
 .data          0x0000000000000014        0x0 /opt/riscv32i/lib/gcc/riscv32-unknown-elf/8.2.0/../../../../riscv32-unknown-elf/lib/libm.a(lib_a-s_cos.o)
 .data          0x0000000000000014        0x0 /opt/riscv32i/lib/gcc/riscv32-unknown-elf/8.2.0/../../../../riscv32-unknown-elf/lib/libm.a(lib_a-s_sin.o)
 .data          0x0000000000000014        0x0 /opt/riscv32i/lib/gcc/riscv32-unknown-elf/8.2.0/../../../../riscv32-unknown-elf/lib/libm.a(lib_a-w_atan2.o)
 .data          0x0000000000000014        0x0 /opt/riscv32i/lib/gcc/riscv32-unknown-elf/8.2.0/../../../../riscv32-unknown-elf/lib/libm.a(lib_a-w_exp.o)
 .data          0x0000000000000014        0x0 /opt/riscv32i/lib/gcc/riscv32-unknown-elf/8.2.0/../../../../riscv32-unknown-elf/lib/libm.a(lib_a-w_pow.o)
 .data          0x0000000000000014        0x0 /opt/riscv32i/lib/gcc/riscv32-unknown-elf/8.2.0/../../../../riscv32-unknown-elf/lib/libm.a(lib_a-w_sqrt.o)
 .data          0x0000000000000014        0x0 /opt/riscv32i/lib/gcc/riscv32-unknown-elf/8.2.0/../../../../riscv32-unknown-elf/lib/libm.a(lib_a-e_atan2.o)
 .data          0x0000000000000014        0x0 /opt/riscv32i/lib/gcc/riscv32-unknown-elf/8.2.0/../../../../riscv32-unknown-elf/lib/libm.a(lib_a-e_exp.o)
 .data          0x0000000000000014        0x0 /opt/riscv32i/lib/gcc/riscv32-unknown-elf/8.2.0/../../../../riscv32-unknown-elf/lib/libm.a(lib_a-e_pow.o)
 .data          0x0000000000000014        0x0 /opt/riscv32i/lib/gcc/riscv32-unknown-elf/8.2.0/../../../../riscv32-unknown-elf/lib/libm.a(lib_a-e_rem_pio2.o)
 .data          0x0000000000000014        0x0 /opt/riscv32i/lib/gcc/riscv32-unknown-elf/8.2.0/../../../../riscv32-unknown-elf/lib/libm.a(lib_a-e_sqrt.o)
 .data          0x0000000000000014        0x0 /opt/riscv32i/lib/gcc/riscv32-unknown-elf/8.2.0/../../../../riscv32-unknown-elf/lib/libm.a(lib_a-k_cos.o)
 .data          0x0000000000000014        0x0 /opt/riscv32i/lib/gcc/riscv32-unknown-elf/8.2.0/../../../../riscv32-unknown-elf/lib/libm.a(lib_a-k_rem_pio2.o)
 .data          0x0000000000000014        0x0 /opt/riscv32i/lib/gcc/riscv32-unknown-elf/8.2.0/../../../../riscv32-unknown-elf/lib/libm.a(lib_a-k_sin.o)
 .data          0x0000000000000014        0x0 /opt/riscv32i/lib/gcc/riscv32-unknown-elf/8.2.0/../../../../riscv32-unknown-elf/lib/libm.a(lib_a-s_atan.o)
 .data          0x0000000000000014        0x0 /opt/riscv32i/lib/gcc/riscv32-unknown-elf/8.2.0/../../../../riscv32-unknown-elf/lib/libm.a(lib_a-s_fabs.o)
 .data          0x0000000000000014        0x0 /opt/riscv32i/lib/gcc/riscv32-unknown-elf/8.2.0/../../../../riscv32-unknown-elf/lib/libm.a(lib_a-s_finite.o)
 .data          0x0000000000000014        0x0 /opt/riscv32i/lib/gcc/riscv32-unknown-elf/8.2.0/../../../../riscv32-unknown-elf/lib/libm.a(lib_a-s_floor.o)
 .data          0x0000000000000014        0x0 /opt/riscv32i/lib/gcc/riscv32-unknown-elf/8.2.0/../../../../riscv32-unknown-elf/lib/libm.a(lib_a-s_lib_ver.o)
 .data          0x0000000000000014        0x0 /opt/riscv32i/lib/gcc/riscv32-unknown-elf/8.2.0/../../../../riscv32-unknown-elf/lib/libm.a(lib_a-s_matherr.o)
 .data          0x0000000000000014        0x0 /opt/riscv32i/lib/gcc/riscv32-unknown-elf/8.2.0/../../../../riscv32-unknown-elf/lib/libm.a(lib_a-s_nan.o)
 .data          0x0000000000000014        0x0 /opt/riscv32i/lib/gcc/riscv32-unknown-elf/8.2.0/../../../../riscv32-unknown-elf/lib/libm.a(lib_a-s_rint.o)
 .data          0x0000000000000014        0x0 /opt/riscv32i/lib/gcc/riscv32-unknown-elf/8.2.0/../../../../riscv32-unknown-elf/lib/libm.a(lib_a-s_scalbn.o)
 .data          0x0000000000000014        0x0 /opt/riscv32i/lib/gcc/riscv32-unknown-elf/8.2.0/../../../../riscv32-unknown-elf/lib/libm.a(lib_a-s_copysign.o)
 .data          0x0000000000000014        0x0 /opt/riscv32i/lib/gcc/riscv32-unknown-elf/8.2.0/libgcc.a(adddf3.o)
 .data          0x0000000000000014        0x0 /opt/riscv32i/lib/gcc/riscv32-unknown-elf/8.2.0/libgcc.a(divdf3.o)
 .data          0x0000000000000014        0x0 /opt/riscv32i/lib/gcc/riscv32-unknown-elf/8.2.0/libgcc.a(eqdf2.o)
 .data          0x0000000000000014        0x0 /opt/riscv32i/lib/gcc/riscv32-unknown-elf/8.2.0/libgcc.a(gedf2.o)
 .data          0x0000000000000014        0x0 /opt/riscv32i/lib/gcc/riscv32-unknown-elf/8.2.0/libgcc.a(ledf2.o)
 .data          0x0000000000000014        0x0 /opt/riscv32i/lib/gcc/riscv32-unknown-elf/8.2.0/libgcc.a(muldf3.o)
 .data          0x0000000000000014        0x0 /opt/riscv32i/lib/gcc/riscv32-unknown-elf/8.2.0/libgcc.a(subdf3.o)
 .data          0x0000000000000014        0x0 /opt/riscv32i/lib/gcc/riscv32-unknown-elf/8.2.0/libgcc.a(unorddf2.o)
 .data          0x0000000000000014        0x0 /opt/riscv32i/lib/gcc/riscv32-unknown-elf/8.2.0/libgcc.a(fixdfsi.o)
 .data          0x0000000000000014        0x0 /opt/riscv32i/lib/gcc/riscv32-unknown-elf/8.2.0/libgcc.a(floatsidf.o)
 .data          0x0000000000000014        0x0 /opt/riscv32i/lib/gcc/riscv32-unknown-elf/8.2.0/libgcc.a(addsf3.o)
 .data          0x0000000000000014        0x0 /opt/riscv32i/lib/gcc/riscv32-unknown-elf/8.2.0/libgcc.a(divsf3.o)
 .data          0x0000000000000014        0x0 /opt/riscv32i/lib/gcc/riscv32-unknown-elf/8.2.0/libgcc.a(eqsf2.o)
 .data          0x0000000000000014        0x0 /opt/riscv32i/lib/gcc/riscv32-unknown-elf/8.2.0/libgcc.a(lesf2.o)
 .data          0x0000000000000014        0x0 /opt/riscv32i/lib/gcc/riscv32-unknown-elf/8.2.0/libgcc.a(mulsf3.o)
 .data          0x0000000000000014        0x0 /opt/riscv32i/lib/gcc/riscv32-unknown-elf/8.2.0/libgcc.a(subsf3.o)
 .data          0x0000000000000014        0x0 /opt/riscv32i/lib/gcc/riscv32-unknown-elf/8.2.0/libgcc.a(fixsfsi.o)
 .data          0x0000000000000014        0x0 /opt/riscv32i/lib/gcc/riscv32-unknown-elf/8.2.0/libgcc.a(floatsisf.o)
 .data          0x0000000000000014        0x0 /opt/riscv32i/lib/gcc/riscv32-unknown-elf/8.2.0/libgcc.a(extendsfdf2.o)
 .data          0x0000000000000014        0x0 /opt/riscv32i/lib/gcc/riscv32-unknown-elf/8.2.0/libgcc.a(truncdfsf2.o)
 .data          0x0000000000000014        0x0 /opt/riscv32i/lib/gcc/riscv32-unknown-elf/8.2.0/libgcc.a(muldi3.o)
 .data          0x0000000000000014        0x0 /opt/riscv32i/lib/gcc/riscv32-unknown-elf/8.2.0/libgcc.a(div.o)
 .data          0x0000000000000014        0x0 /opt/riscv32i/lib/gcc/riscv32-unknown-elf/8.2.0/libgcc.a(_clzsi2.o)
 .data          0x0000000000000014        0x0 /opt/riscv32i/lib/gcc/riscv32-unknown-elf/8.2.0/libgcc.a(_clz.o)
 .data          0x0000000000000014        0x0 /opt/riscv32i/lib/gcc/riscv32-unknown-elf/8.2.0/../../../../riscv32-unknown-elf/lib/libc.a(lib_a-errno.o)
 *fill*         0x0000000000000014        0x4 
 .data          0x0000000000000018      0x428 /opt/riscv32i/lib/gcc/riscv32-unknown-elf/8.2.0/../../../../riscv32-unknown-elf/lib/libc.a(lib_a-impure.o)
 *(.data*)
 *(.sdata)
 .sdata         0x0000000000000440        0x1 /tmp/ccJYmwrF.o
                0x0000000000000440                reachedNewPoint
 *fill*         0x0000000000000441        0x3 
 .sdata         0x0000000000000444        0x4 /opt/riscv32i/lib/gcc/riscv32-unknown-elf/8.2.0/../../../../riscv32-unknown-elf/lib/libm.a(lib_a-s_lib_ver.o)
                0x0000000000000444                __fdlib_version
 .sdata         0x0000000000000448        0x4 /opt/riscv32i/lib/gcc/riscv32-unknown-elf/8.2.0/../../../../riscv32-unknown-elf/lib/libc.a(lib_a-impure.o)
                0x0000000000000448                _impure_ptr
 *(.sdata*)
 *(.init_array)
 *(.init_array*)
                0x000000000000044c                . = ALIGN (0x4)
                0x000000000000044c                _edata = .

.bss            0x000000000000044c      0x3c8 load address 0x000000000005a2dc
                0x000000000000044c                . = ALIGN (0x4)
                0x000000000000044c                _sbss = .
 *(.bss)
 .bss           0x000000000000044c        0x0 /tmp/ccoqqyrD.o
 .bss           0x000000000000044c        0x0 /tmp/ccJYmwrF.o
 .bss           0x000000000000044c        0x0 /opt/riscv32i/lib/gcc/riscv32-unknown-elf/8.2.0/../../../../riscv32-unknown-elf/lib/libm.a(lib_a-s_cos.o)
 .bss           0x000000000000044c        0x0 /opt/riscv32i/lib/gcc/riscv32-unknown-elf/8.2.0/../../../../riscv32-unknown-elf/lib/libm.a(lib_a-s_sin.o)
 .bss           0x000000000000044c        0x0 /opt/riscv32i/lib/gcc/riscv32-unknown-elf/8.2.0/../../../../riscv32-unknown-elf/lib/libm.a(lib_a-w_atan2.o)
 .bss           0x000000000000044c        0x0 /opt/riscv32i/lib/gcc/riscv32-unknown-elf/8.2.0/../../../../riscv32-unknown-elf/lib/libm.a(lib_a-w_exp.o)
 .bss           0x000000000000044c        0x0 /opt/riscv32i/lib/gcc/riscv32-unknown-elf/8.2.0/../../../../riscv32-unknown-elf/lib/libm.a(lib_a-w_pow.o)
 .bss           0x000000000000044c        0x0 /opt/riscv32i/lib/gcc/riscv32-unknown-elf/8.2.0/../../../../riscv32-unknown-elf/lib/libm.a(lib_a-w_sqrt.o)
 .bss           0x000000000000044c        0x0 /opt/riscv32i/lib/gcc/riscv32-unknown-elf/8.2.0/../../../../riscv32-unknown-elf/lib/libm.a(lib_a-e_atan2.o)
 .bss           0x000000000000044c        0x0 /opt/riscv32i/lib/gcc/riscv32-unknown-elf/8.2.0/../../../../riscv32-unknown-elf/lib/libm.a(lib_a-e_exp.o)
 .bss           0x000000000000044c        0x0 /opt/riscv32i/lib/gcc/riscv32-unknown-elf/8.2.0/../../../../riscv32-unknown-elf/lib/libm.a(lib_a-e_pow.o)
 .bss           0x000000000000044c        0x0 /opt/riscv32i/lib/gcc/riscv32-unknown-elf/8.2.0/../../../../riscv32-unknown-elf/lib/libm.a(lib_a-e_rem_pio2.o)
 .bss           0x000000000000044c        0x0 /opt/riscv32i/lib/gcc/riscv32-unknown-elf/8.2.0/../../../../riscv32-unknown-elf/lib/libm.a(lib_a-e_sqrt.o)
 .bss           0x000000000000044c        0x0 /opt/riscv32i/lib/gcc/riscv32-unknown-elf/8.2.0/../../../../riscv32-unknown-elf/lib/libm.a(lib_a-k_cos.o)
 .bss           0x000000000000044c        0x0 /opt/riscv32i/lib/gcc/riscv32-unknown-elf/8.2.0/../../../../riscv32-unknown-elf/lib/libm.a(lib_a-k_rem_pio2.o)
 .bss           0x000000000000044c        0x0 /opt/riscv32i/lib/gcc/riscv32-unknown-elf/8.2.0/../../../../riscv32-unknown-elf/lib/libm.a(lib_a-k_sin.o)
 .bss           0x000000000000044c        0x0 /opt/riscv32i/lib/gcc/riscv32-unknown-elf/8.2.0/../../../../riscv32-unknown-elf/lib/libm.a(lib_a-s_atan.o)
 .bss           0x000000000000044c        0x0 /opt/riscv32i/lib/gcc/riscv32-unknown-elf/8.2.0/../../../../riscv32-unknown-elf/lib/libm.a(lib_a-s_fabs.o)
 .bss           0x000000000000044c        0x0 /opt/riscv32i/lib/gcc/riscv32-unknown-elf/8.2.0/../../../../riscv32-unknown-elf/lib/libm.a(lib_a-s_finite.o)
 .bss           0x000000000000044c        0x0 /opt/riscv32i/lib/gcc/riscv32-unknown-elf/8.2.0/../../../../riscv32-unknown-elf/lib/libm.a(lib_a-s_floor.o)
 .bss           0x000000000000044c        0x0 /opt/riscv32i/lib/gcc/riscv32-unknown-elf/8.2.0/../../../../riscv32-unknown-elf/lib/libm.a(lib_a-s_lib_ver.o)
 .bss           0x000000000000044c        0x0 /opt/riscv32i/lib/gcc/riscv32-unknown-elf/8.2.0/../../../../riscv32-unknown-elf/lib/libm.a(lib_a-s_matherr.o)
 .bss           0x000000000000044c        0x0 /opt/riscv32i/lib/gcc/riscv32-unknown-elf/8.2.0/../../../../riscv32-unknown-elf/lib/libm.a(lib_a-s_nan.o)
 .bss           0x000000000000044c        0x0 /opt/riscv32i/lib/gcc/riscv32-unknown-elf/8.2.0/../../../../riscv32-unknown-elf/lib/libm.a(lib_a-s_rint.o)
 .bss           0x000000000000044c        0x0 /opt/riscv32i/lib/gcc/riscv32-unknown-elf/8.2.0/../../../../riscv32-unknown-elf/lib/libm.a(lib_a-s_scalbn.o)
 .bss           0x000000000000044c        0x0 /opt/riscv32i/lib/gcc/riscv32-unknown-elf/8.2.0/../../../../riscv32-unknown-elf/lib/libm.a(lib_a-s_copysign.o)
 .bss           0x000000000000044c        0x0 /opt/riscv32i/lib/gcc/riscv32-unknown-elf/8.2.0/libgcc.a(adddf3.o)
 .bss           0x000000000000044c        0x0 /opt/riscv32i/lib/gcc/riscv32-unknown-elf/8.2.0/libgcc.a(divdf3.o)
 .bss           0x000000000000044c        0x0 /opt/riscv32i/lib/gcc/riscv32-unknown-elf/8.2.0/libgcc.a(eqdf2.o)
 .bss           0x000000000000044c        0x0 /opt/riscv32i/lib/gcc/riscv32-unknown-elf/8.2.0/libgcc.a(gedf2.o)
 .bss           0x000000000000044c        0x0 /opt/riscv32i/lib/gcc/riscv32-unknown-elf/8.2.0/libgcc.a(ledf2.o)
 .bss           0x000000000000044c        0x0 /opt/riscv32i/lib/gcc/riscv32-unknown-elf/8.2.0/libgcc.a(muldf3.o)
 .bss           0x000000000000044c        0x0 /opt/riscv32i/lib/gcc/riscv32-unknown-elf/8.2.0/libgcc.a(subdf3.o)
 .bss           0x000000000000044c        0x0 /opt/riscv32i/lib/gcc/riscv32-unknown-elf/8.2.0/libgcc.a(unorddf2.o)
 .bss           0x000000000000044c        0x0 /opt/riscv32i/lib/gcc/riscv32-unknown-elf/8.2.0/libgcc.a(fixdfsi.o)
 .bss           0x000000000000044c        0x0 /opt/riscv32i/lib/gcc/riscv32-unknown-elf/8.2.0/libgcc.a(floatsidf.o)
 .bss           0x000000000000044c        0x0 /opt/riscv32i/lib/gcc/riscv32-unknown-elf/8.2.0/libgcc.a(addsf3.o)
 .bss           0x000000000000044c        0x0 /opt/riscv32i/lib/gcc/riscv32-unknown-elf/8.2.0/libgcc.a(divsf3.o)
 .bss           0x000000000000044c        0x0 /opt/riscv32i/lib/gcc/riscv32-unknown-elf/8.2.0/libgcc.a(eqsf2.o)
 .bss           0x000000000000044c        0x0 /opt/riscv32i/lib/gcc/riscv32-unknown-elf/8.2.0/libgcc.a(lesf2.o)
 .bss           0x000000000000044c        0x0 /opt/riscv32i/lib/gcc/riscv32-unknown-elf/8.2.0/libgcc.a(mulsf3.o)
 .bss           0x000000000000044c        0x0 /opt/riscv32i/lib/gcc/riscv32-unknown-elf/8.2.0/libgcc.a(subsf3.o)
 .bss           0x000000000000044c        0x0 /opt/riscv32i/lib/gcc/riscv32-unknown-elf/8.2.0/libgcc.a(fixsfsi.o)
 .bss           0x000000000000044c        0x0 /opt/riscv32i/lib/gcc/riscv32-unknown-elf/8.2.0/libgcc.a(floatsisf.o)
 .bss           0x000000000000044c        0x0 /opt/riscv32i/lib/gcc/riscv32-unknown-elf/8.2.0/libgcc.a(extendsfdf2.o)
 .bss           0x000000000000044c        0x0 /opt/riscv32i/lib/gcc/riscv32-unknown-elf/8.2.0/libgcc.a(truncdfsf2.o)
 .bss           0x000000000000044c        0x0 /opt/riscv32i/lib/gcc/riscv32-unknown-elf/8.2.0/libgcc.a(muldi3.o)
 .bss           0x000000000000044c        0x0 /opt/riscv32i/lib/gcc/riscv32-unknown-elf/8.2.0/libgcc.a(div.o)
 .bss           0x000000000000044c        0x0 /opt/riscv32i/lib/gcc/riscv32-unknown-elf/8.2.0/libgcc.a(_clzsi2.o)
 .bss           0x000000000000044c        0x0 /opt/riscv32i/lib/gcc/riscv32-unknown-elf/8.2.0/libgcc.a(_clz.o)
 .bss           0x000000000000044c        0x0 /opt/riscv32i/lib/gcc/riscv32-unknown-elf/8.2.0/../../../../riscv32-unknown-elf/lib/libc.a(lib_a-errno.o)
 .bss           0x000000000000044c        0x0 /opt/riscv32i/lib/gcc/riscv32-unknown-elf/8.2.0/../../../../riscv32-unknown-elf/lib/libc.a(lib_a-impure.o)
 *(.bss*)
 *(.sbss)
 .sbss          0x000000000000044c       0xa0 /tmp/ccJYmwrF.o
                0x000000000000044c                timeToNewPoint
                0x0000000000000450                finish
                0x0000000000000451                countingTimeToEnd
                0x0000000000000454                timeToEnd
                0x0000000000000458                timeControl
                0x000000000000045c                pwmValIzq
                0x0000000000000460                pwmValDer
                0x0000000000000464                previousCountIzq
                0x0000000000000468                previousCountDer
                0x000000000000046c                timeCountSpeedIzq
                0x0000000000000470                timeCountSpeedDer
                0x0000000000000474                vRefDer
                0x0000000000000478                vRefIzq
                0x000000000000047c                errorIzq
                0x0000000000000480                prevErrIzq
                0x0000000000000484                errorSignalIzq
                0x0000000000000488                errorDer
                0x000000000000048c                prevErrDer
                0x0000000000000490                errorSignalDer
                0x0000000000000494                errorTime
                0x0000000000000498                curX
                0x000000000000049c                curY
                0x00000000000004a0                curTheta
                0x00000000000004a4                v
                0x00000000000004a8                w
                0x00000000000004ac                timePassedDer
                0x00000000000004b0                timePassedIzq
                0x00000000000004b4                speedIzq
                0x00000000000004b8                speedDer
                0x00000000000004bc                dsIzq
                0x00000000000004c0                dsDer
                0x00000000000004c4                ds
                0x00000000000004c8                dTheta
                0x00000000000004cc                rho
                0x00000000000004d0                alpha
                0x00000000000004d4                beta
                0x00000000000004d8                grad
                0x00000000000004e0                newX
                0x00000000000004e4                newY
                0x00000000000004e8                cycles
 *(.sbss*)
 *(COMMON)
 COMMON         0x00000000000004ec      0x328 /tmp/ccJYmwrF.o
                0x00000000000004ec                arr
                0x000000000000080c                integralErrorIzq
                0x0000000000000810                integralErrorDer
                0x0000000000000814                . = ALIGN (0x4)
                0x0000000000000814                _ebss = .

.heap           0x0000000000000814        0x0
                0x0000000000000814                . = ALIGN (0x4)
                0x0000000000000814                _heap_start = .
LOAD /tmp/ccoqqyrD.o
LOAD /tmp/ccJYmwrF.o
LOAD /opt/riscv32i/lib/gcc/riscv32-unknown-elf/8.2.0/../../../../riscv32-unknown-elf/lib/libm.a
LOAD /opt/riscv32i/lib/gcc/riscv32-unknown-elf/8.2.0/libgcc.a
START GROUP
LOAD /opt/riscv32i/lib/gcc/riscv32-unknown-elf/8.2.0/../../../../riscv32-unknown-elf/lib/libc.a
LOAD /opt/riscv32i/lib/gcc/riscv32-unknown-elf/8.2.0/../../../../riscv32-unknown-elf/lib/libgloss.a
END GROUP
LOAD /opt/riscv32i/lib/gcc/riscv32-unknown-elf/8.2.0/libgcc.a
OUTPUT(firmware.elf elf32-littleriscv)

.comment        0x0000000000000000       0x11
 .comment       0x0000000000000000       0x11 /tmp/ccJYmwrF.o
                                         0x12 (size before relaxing)
 .comment       0x0000000000000011       0x12 /opt/riscv32i/lib/gcc/riscv32-unknown-elf/8.2.0/../../../../riscv32-unknown-elf/lib/libm.a(lib_a-s_cos.o)
 .comment       0x0000000000000011       0x12 /opt/riscv32i/lib/gcc/riscv32-unknown-elf/8.2.0/../../../../riscv32-unknown-elf/lib/libm.a(lib_a-s_sin.o)
 .comment       0x0000000000000011       0x12 /opt/riscv32i/lib/gcc/riscv32-unknown-elf/8.2.0/../../../../riscv32-unknown-elf/lib/libm.a(lib_a-w_atan2.o)
 .comment       0x0000000000000011       0x12 /opt/riscv32i/lib/gcc/riscv32-unknown-elf/8.2.0/../../../../riscv32-unknown-elf/lib/libm.a(lib_a-w_exp.o)
 .comment       0x0000000000000011       0x12 /opt/riscv32i/lib/gcc/riscv32-unknown-elf/8.2.0/../../../../riscv32-unknown-elf/lib/libm.a(lib_a-w_pow.o)
 .comment       0x0000000000000011       0x12 /opt/riscv32i/lib/gcc/riscv32-unknown-elf/8.2.0/../../../../riscv32-unknown-elf/lib/libm.a(lib_a-w_sqrt.o)
 .comment       0x0000000000000011       0x12 /opt/riscv32i/lib/gcc/riscv32-unknown-elf/8.2.0/../../../../riscv32-unknown-elf/lib/libm.a(lib_a-e_atan2.o)
 .comment       0x0000000000000011       0x12 /opt/riscv32i/lib/gcc/riscv32-unknown-elf/8.2.0/../../../../riscv32-unknown-elf/lib/libm.a(lib_a-e_exp.o)
 .comment       0x0000000000000011       0x12 /opt/riscv32i/lib/gcc/riscv32-unknown-elf/8.2.0/../../../../riscv32-unknown-elf/lib/libm.a(lib_a-e_pow.o)
 .comment       0x0000000000000011       0x12 /opt/riscv32i/lib/gcc/riscv32-unknown-elf/8.2.0/../../../../riscv32-unknown-elf/lib/libm.a(lib_a-e_rem_pio2.o)
 .comment       0x0000000000000011       0x12 /opt/riscv32i/lib/gcc/riscv32-unknown-elf/8.2.0/../../../../riscv32-unknown-elf/lib/libm.a(lib_a-e_sqrt.o)
 .comment       0x0000000000000011       0x12 /opt/riscv32i/lib/gcc/riscv32-unknown-elf/8.2.0/../../../../riscv32-unknown-elf/lib/libm.a(lib_a-k_cos.o)
 .comment       0x0000000000000011       0x12 /opt/riscv32i/lib/gcc/riscv32-unknown-elf/8.2.0/../../../../riscv32-unknown-elf/lib/libm.a(lib_a-k_rem_pio2.o)
 .comment       0x0000000000000011       0x12 /opt/riscv32i/lib/gcc/riscv32-unknown-elf/8.2.0/../../../../riscv32-unknown-elf/lib/libm.a(lib_a-k_sin.o)
 .comment       0x0000000000000011       0x12 /opt/riscv32i/lib/gcc/riscv32-unknown-elf/8.2.0/../../../../riscv32-unknown-elf/lib/libm.a(lib_a-s_atan.o)
 .comment       0x0000000000000011       0x12 /opt/riscv32i/lib/gcc/riscv32-unknown-elf/8.2.0/../../../../riscv32-unknown-elf/lib/libm.a(lib_a-s_fabs.o)
 .comment       0x0000000000000011       0x12 /opt/riscv32i/lib/gcc/riscv32-unknown-elf/8.2.0/../../../../riscv32-unknown-elf/lib/libm.a(lib_a-s_finite.o)
 .comment       0x0000000000000011       0x12 /opt/riscv32i/lib/gcc/riscv32-unknown-elf/8.2.0/../../../../riscv32-unknown-elf/lib/libm.a(lib_a-s_floor.o)
 .comment       0x0000000000000011       0x12 /opt/riscv32i/lib/gcc/riscv32-unknown-elf/8.2.0/../../../../riscv32-unknown-elf/lib/libm.a(lib_a-s_lib_ver.o)
 .comment       0x0000000000000011       0x12 /opt/riscv32i/lib/gcc/riscv32-unknown-elf/8.2.0/../../../../riscv32-unknown-elf/lib/libm.a(lib_a-s_matherr.o)
 .comment       0x0000000000000011       0x12 /opt/riscv32i/lib/gcc/riscv32-unknown-elf/8.2.0/../../../../riscv32-unknown-elf/lib/libm.a(lib_a-s_nan.o)
 .comment       0x0000000000000011       0x12 /opt/riscv32i/lib/gcc/riscv32-unknown-elf/8.2.0/../../../../riscv32-unknown-elf/lib/libm.a(lib_a-s_rint.o)
 .comment       0x0000000000000011       0x12 /opt/riscv32i/lib/gcc/riscv32-unknown-elf/8.2.0/../../../../riscv32-unknown-elf/lib/libm.a(lib_a-s_scalbn.o)
 .comment       0x0000000000000011       0x12 /opt/riscv32i/lib/gcc/riscv32-unknown-elf/8.2.0/../../../../riscv32-unknown-elf/lib/libm.a(lib_a-s_copysign.o)
 .comment       0x0000000000000011       0x12 /opt/riscv32i/lib/gcc/riscv32-unknown-elf/8.2.0/libgcc.a(adddf3.o)
 .comment       0x0000000000000011       0x12 /opt/riscv32i/lib/gcc/riscv32-unknown-elf/8.2.0/libgcc.a(divdf3.o)
 .comment       0x0000000000000011       0x12 /opt/riscv32i/lib/gcc/riscv32-unknown-elf/8.2.0/libgcc.a(eqdf2.o)
 .comment       0x0000000000000011       0x12 /opt/riscv32i/lib/gcc/riscv32-unknown-elf/8.2.0/libgcc.a(gedf2.o)
 .comment       0x0000000000000011       0x12 /opt/riscv32i/lib/gcc/riscv32-unknown-elf/8.2.0/libgcc.a(ledf2.o)
 .comment       0x0000000000000011       0x12 /opt/riscv32i/lib/gcc/riscv32-unknown-elf/8.2.0/libgcc.a(muldf3.o)
 .comment       0x0000000000000011       0x12 /opt/riscv32i/lib/gcc/riscv32-unknown-elf/8.2.0/libgcc.a(subdf3.o)
 .comment       0x0000000000000011       0x12 /opt/riscv32i/lib/gcc/riscv32-unknown-elf/8.2.0/libgcc.a(unorddf2.o)
 .comment       0x0000000000000011       0x12 /opt/riscv32i/lib/gcc/riscv32-unknown-elf/8.2.0/libgcc.a(fixdfsi.o)
 .comment       0x0000000000000011       0x12 /opt/riscv32i/lib/gcc/riscv32-unknown-elf/8.2.0/libgcc.a(floatsidf.o)
 .comment       0x0000000000000011       0x12 /opt/riscv32i/lib/gcc/riscv32-unknown-elf/8.2.0/libgcc.a(addsf3.o)
 .comment       0x0000000000000011       0x12 /opt/riscv32i/lib/gcc/riscv32-unknown-elf/8.2.0/libgcc.a(divsf3.o)
 .comment       0x0000000000000011       0x12 /opt/riscv32i/lib/gcc/riscv32-unknown-elf/8.2.0/libgcc.a(eqsf2.o)
 .comment       0x0000000000000011       0x12 /opt/riscv32i/lib/gcc/riscv32-unknown-elf/8.2.0/libgcc.a(lesf2.o)
 .comment       0x0000000000000011       0x12 /opt/riscv32i/lib/gcc/riscv32-unknown-elf/8.2.0/libgcc.a(mulsf3.o)
 .comment       0x0000000000000011       0x12 /opt/riscv32i/lib/gcc/riscv32-unknown-elf/8.2.0/libgcc.a(subsf3.o)
 .comment       0x0000000000000011       0x12 /opt/riscv32i/lib/gcc/riscv32-unknown-elf/8.2.0/libgcc.a(fixsfsi.o)
 .comment       0x0000000000000011       0x12 /opt/riscv32i/lib/gcc/riscv32-unknown-elf/8.2.0/libgcc.a(floatsisf.o)
 .comment       0x0000000000000011       0x12 /opt/riscv32i/lib/gcc/riscv32-unknown-elf/8.2.0/libgcc.a(extendsfdf2.o)
 .comment       0x0000000000000011       0x12 /opt/riscv32i/lib/gcc/riscv32-unknown-elf/8.2.0/libgcc.a(truncdfsf2.o)
 .comment       0x0000000000000011       0x12 /opt/riscv32i/lib/gcc/riscv32-unknown-elf/8.2.0/libgcc.a(_clzsi2.o)
 .comment       0x0000000000000011       0x12 /opt/riscv32i/lib/gcc/riscv32-unknown-elf/8.2.0/libgcc.a(_clz.o)
 .comment       0x0000000000000011       0x12 /opt/riscv32i/lib/gcc/riscv32-unknown-elf/8.2.0/../../../../riscv32-unknown-elf/lib/libc.a(lib_a-errno.o)
 .comment       0x0000000000000011       0x12 /opt/riscv32i/lib/gcc/riscv32-unknown-elf/8.2.0/../../../../riscv32-unknown-elf/lib/libc.a(lib_a-impure.o)

Cross Reference Table

Symbol                                            File
__adddf3                                          /opt/riscv32i/lib/gcc/riscv32-unknown-elf/8.2.0/libgcc.a(adddf3.o)
                                                  /opt/riscv32i/lib/gcc/riscv32-unknown-elf/8.2.0/../../../../riscv32-unknown-elf/lib/libm.a(lib_a-s_scalbn.o)
                                                  /opt/riscv32i/lib/gcc/riscv32-unknown-elf/8.2.0/../../../../riscv32-unknown-elf/lib/libm.a(lib_a-s_rint.o)
                                                  /opt/riscv32i/lib/gcc/riscv32-unknown-elf/8.2.0/../../../../riscv32-unknown-elf/lib/libm.a(lib_a-s_floor.o)
                                                  /opt/riscv32i/lib/gcc/riscv32-unknown-elf/8.2.0/../../../../riscv32-unknown-elf/lib/libm.a(lib_a-s_atan.o)
                                                  /opt/riscv32i/lib/gcc/riscv32-unknown-elf/8.2.0/../../../../riscv32-unknown-elf/lib/libm.a(lib_a-k_sin.o)
                                                  /opt/riscv32i/lib/gcc/riscv32-unknown-elf/8.2.0/../../../../riscv32-unknown-elf/lib/libm.a(lib_a-k_rem_pio2.o)
                                                  /opt/riscv32i/lib/gcc/riscv32-unknown-elf/8.2.0/../../../../riscv32-unknown-elf/lib/libm.a(lib_a-k_cos.o)
                                                  /opt/riscv32i/lib/gcc/riscv32-unknown-elf/8.2.0/../../../../riscv32-unknown-elf/lib/libm.a(lib_a-e_sqrt.o)
                                                  /opt/riscv32i/lib/gcc/riscv32-unknown-elf/8.2.0/../../../../riscv32-unknown-elf/lib/libm.a(lib_a-e_rem_pio2.o)
                                                  /opt/riscv32i/lib/gcc/riscv32-unknown-elf/8.2.0/../../../../riscv32-unknown-elf/lib/libm.a(lib_a-e_pow.o)
                                                  /opt/riscv32i/lib/gcc/riscv32-unknown-elf/8.2.0/../../../../riscv32-unknown-elf/lib/libm.a(lib_a-e_exp.o)
                                                  /opt/riscv32i/lib/gcc/riscv32-unknown-elf/8.2.0/../../../../riscv32-unknown-elf/lib/libm.a(lib_a-e_atan2.o)
                                                  /tmp/ccJYmwrF.o
__addsf3                                          /opt/riscv32i/lib/gcc/riscv32-unknown-elf/8.2.0/libgcc.a(addsf3.o)
                                                  /tmp/ccJYmwrF.o
__clz_tab                                         /opt/riscv32i/lib/gcc/riscv32-unknown-elf/8.2.0/libgcc.a(_clz.o)
                                                  /opt/riscv32i/lib/gcc/riscv32-unknown-elf/8.2.0/libgcc.a(_clzsi2.o)
__clzsi2                                          /opt/riscv32i/lib/gcc/riscv32-unknown-elf/8.2.0/libgcc.a(_clzsi2.o)
                                                  /opt/riscv32i/lib/gcc/riscv32-unknown-elf/8.2.0/libgcc.a(extendsfdf2.o)
                                                  /opt/riscv32i/lib/gcc/riscv32-unknown-elf/8.2.0/libgcc.a(floatsisf.o)
                                                  /opt/riscv32i/lib/gcc/riscv32-unknown-elf/8.2.0/libgcc.a(subsf3.o)
                                                  /opt/riscv32i/lib/gcc/riscv32-unknown-elf/8.2.0/libgcc.a(mulsf3.o)
                                                  /opt/riscv32i/lib/gcc/riscv32-unknown-elf/8.2.0/libgcc.a(divsf3.o)
                                                  /opt/riscv32i/lib/gcc/riscv32-unknown-elf/8.2.0/libgcc.a(addsf3.o)
                                                  /opt/riscv32i/lib/gcc/riscv32-unknown-elf/8.2.0/libgcc.a(floatsidf.o)
                                                  /opt/riscv32i/lib/gcc/riscv32-unknown-elf/8.2.0/libgcc.a(subdf3.o)
                                                  /opt/riscv32i/lib/gcc/riscv32-unknown-elf/8.2.0/libgcc.a(muldf3.o)
                                                  /opt/riscv32i/lib/gcc/riscv32-unknown-elf/8.2.0/libgcc.a(divdf3.o)
                                                  /opt/riscv32i/lib/gcc/riscv32-unknown-elf/8.2.0/libgcc.a(adddf3.o)
__divdf3                                          /opt/riscv32i/lib/gcc/riscv32-unknown-elf/8.2.0/libgcc.a(divdf3.o)
                                                  /opt/riscv32i/lib/gcc/riscv32-unknown-elf/8.2.0/../../../../riscv32-unknown-elf/lib/libm.a(lib_a-s_atan.o)
                                                  /opt/riscv32i/lib/gcc/riscv32-unknown-elf/8.2.0/../../../../riscv32-unknown-elf/lib/libm.a(lib_a-e_sqrt.o)
                                                  /opt/riscv32i/lib/gcc/riscv32-unknown-elf/8.2.0/../../../../riscv32-unknown-elf/lib/libm.a(lib_a-e_pow.o)
                                                  /opt/riscv32i/lib/gcc/riscv32-unknown-elf/8.2.0/../../../../riscv32-unknown-elf/lib/libm.a(lib_a-e_exp.o)
                                                  /opt/riscv32i/lib/gcc/riscv32-unknown-elf/8.2.0/../../../../riscv32-unknown-elf/lib/libm.a(lib_a-e_atan2.o)
                                                  /opt/riscv32i/lib/gcc/riscv32-unknown-elf/8.2.0/../../../../riscv32-unknown-elf/lib/libm.a(lib_a-w_sqrt.o)
                                                  /opt/riscv32i/lib/gcc/riscv32-unknown-elf/8.2.0/../../../../riscv32-unknown-elf/lib/libm.a(lib_a-w_pow.o)
                                                  /tmp/ccJYmwrF.o
__divsf3                                          /opt/riscv32i/lib/gcc/riscv32-unknown-elf/8.2.0/libgcc.a(divsf3.o)
                                                  /tmp/ccJYmwrF.o
__divsi3                                          /opt/riscv32i/lib/gcc/riscv32-unknown-elf/8.2.0/libgcc.a(div.o)
                                                  /opt/riscv32i/lib/gcc/riscv32-unknown-elf/8.2.0/../../../../riscv32-unknown-elf/lib/libm.a(lib_a-k_rem_pio2.o)
__eqdf2                                           /opt/riscv32i/lib/gcc/riscv32-unknown-elf/8.2.0/libgcc.a(eqdf2.o)
                                                  /opt/riscv32i/lib/gcc/riscv32-unknown-elf/8.2.0/../../../../riscv32-unknown-elf/lib/libm.a(lib_a-k_rem_pio2.o)
                                                  /opt/riscv32i/lib/gcc/riscv32-unknown-elf/8.2.0/../../../../riscv32-unknown-elf/lib/libm.a(lib_a-e_rem_pio2.o)
                                                  /opt/riscv32i/lib/gcc/riscv32-unknown-elf/8.2.0/../../../../riscv32-unknown-elf/lib/libm.a(lib_a-w_pow.o)
__eqsf2                                           /opt/riscv32i/lib/gcc/riscv32-unknown-elf/8.2.0/libgcc.a(eqsf2.o)
                                                  /tmp/ccJYmwrF.o
__errno                                           /opt/riscv32i/lib/gcc/riscv32-unknown-elf/8.2.0/../../../../riscv32-unknown-elf/lib/libc.a(lib_a-errno.o)
                                                  /opt/riscv32i/lib/gcc/riscv32-unknown-elf/8.2.0/../../../../riscv32-unknown-elf/lib/libm.a(lib_a-w_sqrt.o)
                                                  /opt/riscv32i/lib/gcc/riscv32-unknown-elf/8.2.0/../../../../riscv32-unknown-elf/lib/libm.a(lib_a-w_pow.o)
                                                  /opt/riscv32i/lib/gcc/riscv32-unknown-elf/8.2.0/../../../../riscv32-unknown-elf/lib/libm.a(lib_a-w_exp.o)
__extendsfdf2                                     /opt/riscv32i/lib/gcc/riscv32-unknown-elf/8.2.0/libgcc.a(extendsfdf2.o)
                                                  /tmp/ccJYmwrF.o
__fdlib_version                                   /opt/riscv32i/lib/gcc/riscv32-unknown-elf/8.2.0/../../../../riscv32-unknown-elf/lib/libm.a(lib_a-s_lib_ver.o)
                                                  /opt/riscv32i/lib/gcc/riscv32-unknown-elf/8.2.0/../../../../riscv32-unknown-elf/lib/libm.a(lib_a-w_sqrt.o)
                                                  /opt/riscv32i/lib/gcc/riscv32-unknown-elf/8.2.0/../../../../riscv32-unknown-elf/lib/libm.a(lib_a-w_pow.o)
                                                  /opt/riscv32i/lib/gcc/riscv32-unknown-elf/8.2.0/../../../../riscv32-unknown-elf/lib/libm.a(lib_a-w_exp.o)
__fixdfsi                                         /opt/riscv32i/lib/gcc/riscv32-unknown-elf/8.2.0/libgcc.a(fixdfsi.o)
                                                  /opt/riscv32i/lib/gcc/riscv32-unknown-elf/8.2.0/../../../../riscv32-unknown-elf/lib/libm.a(lib_a-k_sin.o)
                                                  /opt/riscv32i/lib/gcc/riscv32-unknown-elf/8.2.0/../../../../riscv32-unknown-elf/lib/libm.a(lib_a-k_rem_pio2.o)
                                                  /opt/riscv32i/lib/gcc/riscv32-unknown-elf/8.2.0/../../../../riscv32-unknown-elf/lib/libm.a(lib_a-k_cos.o)
                                                  /opt/riscv32i/lib/gcc/riscv32-unknown-elf/8.2.0/../../../../riscv32-unknown-elf/lib/libm.a(lib_a-e_rem_pio2.o)
                                                  /opt/riscv32i/lib/gcc/riscv32-unknown-elf/8.2.0/../../../../riscv32-unknown-elf/lib/libm.a(lib_a-e_exp.o)
__fixsfsi                                         /opt/riscv32i/lib/gcc/riscv32-unknown-elf/8.2.0/libgcc.a(fixsfsi.o)
                                                  /tmp/ccJYmwrF.o
__floatsidf                                       /opt/riscv32i/lib/gcc/riscv32-unknown-elf/8.2.0/libgcc.a(floatsidf.o)
                                                  /opt/riscv32i/lib/gcc/riscv32-unknown-elf/8.2.0/../../../../riscv32-unknown-elf/lib/libm.a(lib_a-k_rem_pio2.o)
                                                  /opt/riscv32i/lib/gcc/riscv32-unknown-elf/8.2.0/../../../../riscv32-unknown-elf/lib/libm.a(lib_a-e_rem_pio2.o)
                                                  /opt/riscv32i/lib/gcc/riscv32-unknown-elf/8.2.0/../../../../riscv32-unknown-elf/lib/libm.a(lib_a-e_pow.o)
                                                  /opt/riscv32i/lib/gcc/riscv32-unknown-elf/8.2.0/../../../../riscv32-unknown-elf/lib/libm.a(lib_a-e_exp.o)
                                                  /tmp/ccJYmwrF.o
__floatsisf                                       /opt/riscv32i/lib/gcc/riscv32-unknown-elf/8.2.0/libgcc.a(floatsisf.o)
                                                  /tmp/ccJYmwrF.o
__gedf2                                           /opt/riscv32i/lib/gcc/riscv32-unknown-elf/8.2.0/libgcc.a(gedf2.o)
                                                  /opt/riscv32i/lib/gcc/riscv32-unknown-elf/8.2.0/../../../../riscv32-unknown-elf/lib/libm.a(lib_a-k_rem_pio2.o)
                                                  /opt/riscv32i/lib/gcc/riscv32-unknown-elf/8.2.0/../../../../riscv32-unknown-elf/lib/libm.a(lib_a-e_pow.o)
__gtdf2                                           /opt/riscv32i/lib/gcc/riscv32-unknown-elf/8.2.0/libgcc.a(gedf2.o)
                                                  /opt/riscv32i/lib/gcc/riscv32-unknown-elf/8.2.0/../../../../riscv32-unknown-elf/lib/libm.a(lib_a-s_floor.o)
                                                  /opt/riscv32i/lib/gcc/riscv32-unknown-elf/8.2.0/../../../../riscv32-unknown-elf/lib/libm.a(lib_a-s_atan.o)
                                                  /opt/riscv32i/lib/gcc/riscv32-unknown-elf/8.2.0/../../../../riscv32-unknown-elf/lib/libm.a(lib_a-e_pow.o)
                                                  /opt/riscv32i/lib/gcc/riscv32-unknown-elf/8.2.0/../../../../riscv32-unknown-elf/lib/libm.a(lib_a-e_exp.o)
                                                  /opt/riscv32i/lib/gcc/riscv32-unknown-elf/8.2.0/../../../../riscv32-unknown-elf/lib/libm.a(lib_a-w_exp.o)
                                                  /tmp/ccJYmwrF.o
__ieee754_atan2                                   /opt/riscv32i/lib/gcc/riscv32-unknown-elf/8.2.0/../../../../riscv32-unknown-elf/lib/libm.a(lib_a-e_atan2.o)
                                                  /opt/riscv32i/lib/gcc/riscv32-unknown-elf/8.2.0/../../../../riscv32-unknown-elf/lib/libm.a(lib_a-w_atan2.o)
__ieee754_exp                                     /opt/riscv32i/lib/gcc/riscv32-unknown-elf/8.2.0/../../../../riscv32-unknown-elf/lib/libm.a(lib_a-e_exp.o)
                                                  /opt/riscv32i/lib/gcc/riscv32-unknown-elf/8.2.0/../../../../riscv32-unknown-elf/lib/libm.a(lib_a-w_exp.o)
__ieee754_pow                                     /opt/riscv32i/lib/gcc/riscv32-unknown-elf/8.2.0/../../../../riscv32-unknown-elf/lib/libm.a(lib_a-e_pow.o)
                                                  /opt/riscv32i/lib/gcc/riscv32-unknown-elf/8.2.0/../../../../riscv32-unknown-elf/lib/libm.a(lib_a-w_pow.o)
__ieee754_rem_pio2                                /opt/riscv32i/lib/gcc/riscv32-unknown-elf/8.2.0/../../../../riscv32-unknown-elf/lib/libm.a(lib_a-e_rem_pio2.o)
                                                  /opt/riscv32i/lib/gcc/riscv32-unknown-elf/8.2.0/../../../../riscv32-unknown-elf/lib/libm.a(lib_a-s_sin.o)
                                                  /opt/riscv32i/lib/gcc/riscv32-unknown-elf/8.2.0/../../../../riscv32-unknown-elf/lib/libm.a(lib_a-s_cos.o)
__ieee754_sqrt                                    /opt/riscv32i/lib/gcc/riscv32-unknown-elf/8.2.0/../../../../riscv32-unknown-elf/lib/libm.a(lib_a-e_sqrt.o)
                                                  /opt/riscv32i/lib/gcc/riscv32-unknown-elf/8.2.0/../../../../riscv32-unknown-elf/lib/libm.a(lib_a-e_pow.o)
                                                  /opt/riscv32i/lib/gcc/riscv32-unknown-elf/8.2.0/../../../../riscv32-unknown-elf/lib/libm.a(lib_a-w_sqrt.o)
__kernel_cos                                      /opt/riscv32i/lib/gcc/riscv32-unknown-elf/8.2.0/../../../../riscv32-unknown-elf/lib/libm.a(lib_a-k_cos.o)
                                                  /opt/riscv32i/lib/gcc/riscv32-unknown-elf/8.2.0/../../../../riscv32-unknown-elf/lib/libm.a(lib_a-s_sin.o)
                                                  /opt/riscv32i/lib/gcc/riscv32-unknown-elf/8.2.0/../../../../riscv32-unknown-elf/lib/libm.a(lib_a-s_cos.o)
__kernel_rem_pio2                                 /opt/riscv32i/lib/gcc/riscv32-unknown-elf/8.2.0/../../../../riscv32-unknown-elf/lib/libm.a(lib_a-k_rem_pio2.o)
                                                  /opt/riscv32i/lib/gcc/riscv32-unknown-elf/8.2.0/../../../../riscv32-unknown-elf/lib/libm.a(lib_a-e_rem_pio2.o)
__kernel_sin                                      /opt/riscv32i/lib/gcc/riscv32-unknown-elf/8.2.0/../../../../riscv32-unknown-elf/lib/libm.a(lib_a-k_sin.o)
                                                  /opt/riscv32i/lib/gcc/riscv32-unknown-elf/8.2.0/../../../../riscv32-unknown-elf/lib/libm.a(lib_a-s_sin.o)
                                                  /opt/riscv32i/lib/gcc/riscv32-unknown-elf/8.2.0/../../../../riscv32-unknown-elf/lib/libm.a(lib_a-s_cos.o)
__ledf2                                           /opt/riscv32i/lib/gcc/riscv32-unknown-elf/8.2.0/libgcc.a(ledf2.o)
                                                  /tmp/ccJYmwrF.o
__lesf2                                           /opt/riscv32i/lib/gcc/riscv32-unknown-elf/8.2.0/libgcc.a(lesf2.o)
__ltdf2                                           /opt/riscv32i/lib/gcc/riscv32-unknown-elf/8.2.0/libgcc.a(ledf2.o)
                                                  /opt/riscv32i/lib/gcc/riscv32-unknown-elf/8.2.0/../../../../riscv32-unknown-elf/lib/libm.a(lib_a-e_exp.o)
                                                  /opt/riscv32i/lib/gcc/riscv32-unknown-elf/8.2.0/../../../../riscv32-unknown-elf/lib/libm.a(lib_a-w_sqrt.o)
                                                  /opt/riscv32i/lib/gcc/riscv32-unknown-elf/8.2.0/../../../../riscv32-unknown-elf/lib/libm.a(lib_a-w_pow.o)
                                                  /opt/riscv32i/lib/gcc/riscv32-unknown-elf/8.2.0/../../../../riscv32-unknown-elf/lib/libm.a(lib_a-w_exp.o)
                                                  /tmp/ccJYmwrF.o
__ltsf2                                           /opt/riscv32i/lib/gcc/riscv32-unknown-elf/8.2.0/libgcc.a(lesf2.o)
                                                  /tmp/ccJYmwrF.o
__modsi3                                          /opt/riscv32i/lib/gcc/riscv32-unknown-elf/8.2.0/libgcc.a(div.o)
__muldf3                                          /opt/riscv32i/lib/gcc/riscv32-unknown-elf/8.2.0/libgcc.a(muldf3.o)
                                                  /opt/riscv32i/lib/gcc/riscv32-unknown-elf/8.2.0/../../../../riscv32-unknown-elf/lib/libm.a(lib_a-s_scalbn.o)
                                                  /opt/riscv32i/lib/gcc/riscv32-unknown-elf/8.2.0/../../../../riscv32-unknown-elf/lib/libm.a(lib_a-s_atan.o)
                                                  /opt/riscv32i/lib/gcc/riscv32-unknown-elf/8.2.0/../../../../riscv32-unknown-elf/lib/libm.a(lib_a-k_sin.o)
                                                  /opt/riscv32i/lib/gcc/riscv32-unknown-elf/8.2.0/../../../../riscv32-unknown-elf/lib/libm.a(lib_a-k_rem_pio2.o)
                                                  /opt/riscv32i/lib/gcc/riscv32-unknown-elf/8.2.0/../../../../riscv32-unknown-elf/lib/libm.a(lib_a-k_cos.o)
                                                  /opt/riscv32i/lib/gcc/riscv32-unknown-elf/8.2.0/../../../../riscv32-unknown-elf/lib/libm.a(lib_a-e_sqrt.o)
                                                  /opt/riscv32i/lib/gcc/riscv32-unknown-elf/8.2.0/../../../../riscv32-unknown-elf/lib/libm.a(lib_a-e_rem_pio2.o)
                                                  /opt/riscv32i/lib/gcc/riscv32-unknown-elf/8.2.0/../../../../riscv32-unknown-elf/lib/libm.a(lib_a-e_pow.o)
                                                  /opt/riscv32i/lib/gcc/riscv32-unknown-elf/8.2.0/../../../../riscv32-unknown-elf/lib/libm.a(lib_a-e_exp.o)
                                                  /opt/riscv32i/lib/gcc/riscv32-unknown-elf/8.2.0/../../../../riscv32-unknown-elf/lib/libm.a(lib_a-w_pow.o)
                                                  /tmp/ccJYmwrF.o
__mulsf3                                          /opt/riscv32i/lib/gcc/riscv32-unknown-elf/8.2.0/libgcc.a(mulsf3.o)
                                                  /tmp/ccJYmwrF.o
__mulsi3                                          /opt/riscv32i/lib/gcc/riscv32-unknown-elf/8.2.0/libgcc.a(muldi3.o)
                                                  /opt/riscv32i/lib/gcc/riscv32-unknown-elf/8.2.0/libgcc.a(mulsf3.o)
                                                  /opt/riscv32i/lib/gcc/riscv32-unknown-elf/8.2.0/libgcc.a(divsf3.o)
                                                  /opt/riscv32i/lib/gcc/riscv32-unknown-elf/8.2.0/libgcc.a(muldf3.o)
                                                  /opt/riscv32i/lib/gcc/riscv32-unknown-elf/8.2.0/libgcc.a(divdf3.o)
__nedf2                                           /opt/riscv32i/lib/gcc/riscv32-unknown-elf/8.2.0/libgcc.a(eqdf2.o)
                                                  /opt/riscv32i/lib/gcc/riscv32-unknown-elf/8.2.0/../../../../riscv32-unknown-elf/lib/libm.a(lib_a-w_pow.o)
__nesf2                                           /opt/riscv32i/lib/gcc/riscv32-unknown-elf/8.2.0/libgcc.a(eqsf2.o)
__subdf3                                          /opt/riscv32i/lib/gcc/riscv32-unknown-elf/8.2.0/libgcc.a(subdf3.o)
                                                  /opt/riscv32i/lib/gcc/riscv32-unknown-elf/8.2.0/../../../../riscv32-unknown-elf/lib/libm.a(lib_a-s_rint.o)
                                                  /opt/riscv32i/lib/gcc/riscv32-unknown-elf/8.2.0/../../../../riscv32-unknown-elf/lib/libm.a(lib_a-s_atan.o)
                                                  /opt/riscv32i/lib/gcc/riscv32-unknown-elf/8.2.0/../../../../riscv32-unknown-elf/lib/libm.a(lib_a-k_sin.o)
                                                  /opt/riscv32i/lib/gcc/riscv32-unknown-elf/8.2.0/../../../../riscv32-unknown-elf/lib/libm.a(lib_a-k_rem_pio2.o)
                                                  /opt/riscv32i/lib/gcc/riscv32-unknown-elf/8.2.0/../../../../riscv32-unknown-elf/lib/libm.a(lib_a-k_cos.o)
                                                  /opt/riscv32i/lib/gcc/riscv32-unknown-elf/8.2.0/../../../../riscv32-unknown-elf/lib/libm.a(lib_a-e_sqrt.o)
                                                  /opt/riscv32i/lib/gcc/riscv32-unknown-elf/8.2.0/../../../../riscv32-unknown-elf/lib/libm.a(lib_a-e_rem_pio2.o)
                                                  /opt/riscv32i/lib/gcc/riscv32-unknown-elf/8.2.0/../../../../riscv32-unknown-elf/lib/libm.a(lib_a-e_pow.o)
                                                  /opt/riscv32i/lib/gcc/riscv32-unknown-elf/8.2.0/../../../../riscv32-unknown-elf/lib/libm.a(lib_a-e_exp.o)
                                                  /opt/riscv32i/lib/gcc/riscv32-unknown-elf/8.2.0/../../../../riscv32-unknown-elf/lib/libm.a(lib_a-e_atan2.o)
                                                  /opt/riscv32i/lib/gcc/riscv32-unknown-elf/8.2.0/../../../../riscv32-unknown-elf/lib/libm.a(lib_a-s_sin.o)
                                                  /opt/riscv32i/lib/gcc/riscv32-unknown-elf/8.2.0/../../../../riscv32-unknown-elf/lib/libm.a(lib_a-s_cos.o)
                                                  /tmp/ccJYmwrF.o
__subsf3                                          /opt/riscv32i/lib/gcc/riscv32-unknown-elf/8.2.0/libgcc.a(subsf3.o)
                                                  /tmp/ccJYmwrF.o
__truncdfsf2                                      /opt/riscv32i/lib/gcc/riscv32-unknown-elf/8.2.0/libgcc.a(truncdfsf2.o)
                                                  /tmp/ccJYmwrF.o
__udivsi3                                         /opt/riscv32i/lib/gcc/riscv32-unknown-elf/8.2.0/libgcc.a(div.o)
                                                  /opt/riscv32i/lib/gcc/riscv32-unknown-elf/8.2.0/libgcc.a(divsf3.o)
                                                  /opt/riscv32i/lib/gcc/riscv32-unknown-elf/8.2.0/libgcc.a(divdf3.o)
__umodsi3                                         /opt/riscv32i/lib/gcc/riscv32-unknown-elf/8.2.0/libgcc.a(div.o)
                                                  /opt/riscv32i/lib/gcc/riscv32-unknown-elf/8.2.0/libgcc.a(divsf3.o)
                                                  /opt/riscv32i/lib/gcc/riscv32-unknown-elf/8.2.0/libgcc.a(divdf3.o)
__unorddf2                                        /opt/riscv32i/lib/gcc/riscv32-unknown-elf/8.2.0/libgcc.a(unorddf2.o)
                                                  /opt/riscv32i/lib/gcc/riscv32-unknown-elf/8.2.0/../../../../riscv32-unknown-elf/lib/libm.a(lib_a-w_sqrt.o)
                                                  /opt/riscv32i/lib/gcc/riscv32-unknown-elf/8.2.0/../../../../riscv32-unknown-elf/lib/libm.a(lib_a-w_pow.o)
_ebss                                             /tmp/ccJYmwrF.o
_global_impure_ptr                                /opt/riscv32i/lib/gcc/riscv32-unknown-elf/8.2.0/../../../../riscv32-unknown-elf/lib/libc.a(lib_a-impure.o)
_impure_ptr                                       /opt/riscv32i/lib/gcc/riscv32-unknown-elf/8.2.0/../../../../riscv32-unknown-elf/lib/libc.a(lib_a-impure.o)
                                                  /opt/riscv32i/lib/gcc/riscv32-unknown-elf/8.2.0/../../../../riscv32-unknown-elf/lib/libc.a(lib_a-errno.o)
_sbss                                             /tmp/ccJYmwrF.o
alpha                                             /tmp/ccJYmwrF.o
analogWrite                                       /tmp/ccJYmwrF.o
arr                                               /tmp/ccJYmwrF.o
atan                                              /opt/riscv32i/lib/gcc/riscv32-unknown-elf/8.2.0/../../../../riscv32-unknown-elf/lib/libm.a(lib_a-s_atan.o)
                                                  /opt/riscv32i/lib/gcc/riscv32-unknown-elf/8.2.0/../../../../riscv32-unknown-elf/lib/libm.a(lib_a-e_atan2.o)
atan2                                             /opt/riscv32i/lib/gcc/riscv32-unknown-elf/8.2.0/../../../../riscv32-unknown-elf/lib/libm.a(lib_a-w_atan2.o)
                                                  /tmp/ccJYmwrF.o
beta                                              /tmp/ccJYmwrF.o
calcControlVariables                              /tmp/ccJYmwrF.o
calcDistanceToEnd                                 /tmp/ccJYmwrF.o
calcNewPoint                                      /tmp/ccJYmwrF.o
calcNewPosition                                   /tmp/ccJYmwrF.o
calcRefVelocities                                 /tmp/ccJYmwrF.o
control                                           /tmp/ccJYmwrF.o
controlOdometry                                   /tmp/ccJYmwrF.o
copysign                                          /opt/riscv32i/lib/gcc/riscv32-unknown-elf/8.2.0/../../../../riscv32-unknown-elf/lib/libm.a(lib_a-s_copysign.o)
                                                  /opt/riscv32i/lib/gcc/riscv32-unknown-elf/8.2.0/../../../../riscv32-unknown-elf/lib/libm.a(lib_a-s_scalbn.o)
cos                                               /opt/riscv32i/lib/gcc/riscv32-unknown-elf/8.2.0/../../../../riscv32-unknown-elf/lib/libm.a(lib_a-s_cos.o)
                                                  /tmp/ccJYmwrF.o
countingTimeToEnd                                 /tmp/ccJYmwrF.o
curTheta                                          /tmp/ccJYmwrF.o
curX                                              /tmp/ccJYmwrF.o
curY                                              /tmp/ccJYmwrF.o
cycles                                            /tmp/ccJYmwrF.o
dTheta                                            /tmp/ccJYmwrF.o
debug                                             /tmp/ccoqqyrD.o
ds                                                /tmp/ccJYmwrF.o
dsDer                                             /tmp/ccJYmwrF.o
dsIzq                                             /tmp/ccJYmwrF.o
errorDer                                          /tmp/ccJYmwrF.o
errorIzq                                          /tmp/ccJYmwrF.o
errorSignalDer                                    /tmp/ccJYmwrF.o
errorSignalIzq                                    /tmp/ccJYmwrF.o
errorTime                                         /tmp/ccJYmwrF.o
exp                                               /opt/riscv32i/lib/gcc/riscv32-unknown-elf/8.2.0/../../../../riscv32-unknown-elf/lib/libm.a(lib_a-w_exp.o)
                                                  /tmp/ccJYmwrF.o
fabs                                              /opt/riscv32i/lib/gcc/riscv32-unknown-elf/8.2.0/../../../../riscv32-unknown-elf/lib/libm.a(lib_a-s_fabs.o)
                                                  /opt/riscv32i/lib/gcc/riscv32-unknown-elf/8.2.0/../../../../riscv32-unknown-elf/lib/libm.a(lib_a-s_atan.o)
                                                  /opt/riscv32i/lib/gcc/riscv32-unknown-elf/8.2.0/../../../../riscv32-unknown-elf/lib/libm.a(lib_a-e_rem_pio2.o)
                                                  /opt/riscv32i/lib/gcc/riscv32-unknown-elf/8.2.0/../../../../riscv32-unknown-elf/lib/libm.a(lib_a-e_pow.o)
                                                  /opt/riscv32i/lib/gcc/riscv32-unknown-elf/8.2.0/../../../../riscv32-unknown-elf/lib/libm.a(lib_a-e_atan2.o)
finish                                            /tmp/ccJYmwrF.o
finite                                            /opt/riscv32i/lib/gcc/riscv32-unknown-elf/8.2.0/../../../../riscv32-unknown-elf/lib/libm.a(lib_a-s_finite.o)
                                                  /opt/riscv32i/lib/gcc/riscv32-unknown-elf/8.2.0/../../../../riscv32-unknown-elf/lib/libm.a(lib_a-w_pow.o)
                                                  /opt/riscv32i/lib/gcc/riscv32-unknown-elf/8.2.0/../../../../riscv32-unknown-elf/lib/libm.a(lib_a-w_exp.o)
floor                                             /opt/riscv32i/lib/gcc/riscv32-unknown-elf/8.2.0/../../../../riscv32-unknown-elf/lib/libm.a(lib_a-s_floor.o)
                                                  /opt/riscv32i/lib/gcc/riscv32-unknown-elf/8.2.0/../../../../riscv32-unknown-elf/lib/libm.a(lib_a-k_rem_pio2.o)
ftoa                                              /tmp/ccJYmwrF.o
grad                                              /tmp/ccJYmwrF.o
gradX                                             /tmp/ccJYmwrF.o
gradY                                             /tmp/ccJYmwrF.o
intToStr                                          /tmp/ccJYmwrF.o
integralErrorDer                                  /tmp/ccJYmwrF.o
integralErrorIzq                                  /tmp/ccJYmwrF.o
loop                                              /tmp/ccJYmwrF.o
main                                              /tmp/ccJYmwrF.o
                                                  /tmp/ccoqqyrD.o
matherr                                           /opt/riscv32i/lib/gcc/riscv32-unknown-elf/8.2.0/../../../../riscv32-unknown-elf/lib/libm.a(lib_a-s_matherr.o)
                                                  /opt/riscv32i/lib/gcc/riscv32-unknown-elf/8.2.0/../../../../riscv32-unknown-elf/lib/libm.a(lib_a-w_sqrt.o)
                                                  /opt/riscv32i/lib/gcc/riscv32-unknown-elf/8.2.0/../../../../riscv32-unknown-elf/lib/libm.a(lib_a-w_pow.o)
                                                  /opt/riscv32i/lib/gcc/riscv32-unknown-elf/8.2.0/../../../../riscv32-unknown-elf/lib/libm.a(lib_a-w_exp.o)
micros                                            /tmp/ccJYmwrF.o
moveCar                                           /tmp/ccJYmwrF.o
nan                                               /opt/riscv32i/lib/gcc/riscv32-unknown-elf/8.2.0/../../../../riscv32-unknown-elf/lib/libm.a(lib_a-s_nan.o)
                                                  /opt/riscv32i/lib/gcc/riscv32-unknown-elf/8.2.0/../../../../riscv32-unknown-elf/lib/libm.a(lib_a-e_pow.o)
newX                                              /tmp/ccJYmwrF.o
newY                                              /tmp/ccJYmwrF.o
odometry                                          /tmp/ccJYmwrF.o
pow                                               /opt/riscv32i/lib/gcc/riscv32-unknown-elf/8.2.0/../../../../riscv32-unknown-elf/lib/libm.a(lib_a-w_pow.o)
                                                  /tmp/ccJYmwrF.o
prevErrDer                                        /tmp/ccJYmwrF.o
prevErrIzq                                        /tmp/ccJYmwrF.o
previousCountDer                                  /tmp/ccJYmwrF.o
previousCountIzq                                  /tmp/ccJYmwrF.o
print                                             /tmp/ccJYmwrF.o
print_dec                                         /tmp/ccJYmwrF.o
print_hex                                         /tmp/ccJYmwrF.o
printf                                            /tmp/ccJYmwrF.o
putchar                                           /tmp/ccJYmwrF.o
pwmValDer                                         /tmp/ccJYmwrF.o
pwmValIzq                                         /tmp/ccJYmwrF.o
reachedNewPoint                                   /tmp/ccJYmwrF.o
readEncoders                                      /tmp/ccJYmwrF.o
reverse                                           /tmp/ccJYmwrF.o
rho                                               /tmp/ccJYmwrF.o
rint                                              /opt/riscv32i/lib/gcc/riscv32-unknown-elf/8.2.0/../../../../riscv32-unknown-elf/lib/libm.a(lib_a-s_rint.o)
                                                  /opt/riscv32i/lib/gcc/riscv32-unknown-elf/8.2.0/../../../../riscv32-unknown-elf/lib/libm.a(lib_a-w_pow.o)
scalbn                                            /opt/riscv32i/lib/gcc/riscv32-unknown-elf/8.2.0/../../../../riscv32-unknown-elf/lib/libm.a(lib_a-s_scalbn.o)
                                                  /opt/riscv32i/lib/gcc/riscv32-unknown-elf/8.2.0/../../../../riscv32-unknown-elf/lib/libm.a(lib_a-k_rem_pio2.o)
                                                  /opt/riscv32i/lib/gcc/riscv32-unknown-elf/8.2.0/../../../../riscv32-unknown-elf/lib/libm.a(lib_a-e_pow.o)
set_irq_mask                                      /tmp/ccJYmwrF.o
setup                                             /tmp/ccJYmwrF.o
sin                                               /opt/riscv32i/lib/gcc/riscv32-unknown-elf/8.2.0/../../../../riscv32-unknown-elf/lib/libm.a(lib_a-s_sin.o)
                                                  /tmp/ccJYmwrF.o
speedDer                                          /tmp/ccJYmwrF.o
speedIzq                                          /tmp/ccJYmwrF.o
sqrt                                              /opt/riscv32i/lib/gcc/riscv32-unknown-elf/8.2.0/../../../../riscv32-unknown-elf/lib/libm.a(lib_a-w_sqrt.o)
                                                  /tmp/ccJYmwrF.o
stopCar                                           /tmp/ccJYmwrF.o
timeControl                                       /tmp/ccJYmwrF.o
timeCountSpeedDer                                 /tmp/ccJYmwrF.o
timeCountSpeedIzq                                 /tmp/ccJYmwrF.o
timePassedDer                                     /tmp/ccJYmwrF.o
timePassedIzq                                     /tmp/ccJYmwrF.o
timeToEnd                                         /tmp/ccJYmwrF.o
timeToNewPoint                                    /tmp/ccJYmwrF.o
updateWheelsMovement                              /tmp/ccJYmwrF.o
v                                                 /tmp/ccJYmwrF.o
vRefDer                                           /tmp/ccJYmwrF.o
vRefIzq                                           /tmp/ccJYmwrF.o
w                                                 /tmp/ccJYmwrF.o
