Archive member included to satisfy reference by file (symbol)

/opt/riscv32i/lib/gcc/riscv32-unknown-elf/8.2.0/../../../../riscv32-unknown-elf/lib/libm.a(lib_a-s_cos.o)
                              /tmp/cc88kgBD.o (cos)
/opt/riscv32i/lib/gcc/riscv32-unknown-elf/8.2.0/../../../../riscv32-unknown-elf/lib/libm.a(lib_a-s_sin.o)
                              /tmp/cc88kgBD.o (sin)
/opt/riscv32i/lib/gcc/riscv32-unknown-elf/8.2.0/../../../../riscv32-unknown-elf/lib/libm.a(lib_a-w_atan2.o)
                              /tmp/cc88kgBD.o (atan2)
/opt/riscv32i/lib/gcc/riscv32-unknown-elf/8.2.0/../../../../riscv32-unknown-elf/lib/libm.a(lib_a-w_pow.o)
                              /tmp/cc88kgBD.o (pow)
/opt/riscv32i/lib/gcc/riscv32-unknown-elf/8.2.0/../../../../riscv32-unknown-elf/lib/libm.a(lib_a-w_sqrt.o)
                              /tmp/cc88kgBD.o (sqrt)
/opt/riscv32i/lib/gcc/riscv32-unknown-elf/8.2.0/../../../../riscv32-unknown-elf/lib/libm.a(lib_a-e_atan2.o)
                              /opt/riscv32i/lib/gcc/riscv32-unknown-elf/8.2.0/../../../../riscv32-unknown-elf/lib/libm.a(lib_a-w_atan2.o) (__ieee754_atan2)
/opt/riscv32i/lib/gcc/riscv32-unknown-elf/8.2.0/../../../../riscv32-unknown-elf/lib/libm.a(lib_a-e_pow.o)
                              /opt/riscv32i/lib/gcc/riscv32-unknown-elf/8.2.0/../../../../riscv32-unknown-elf/lib/libm.a(lib_a-w_pow.o) (__ieee754_pow)
/opt/riscv32i/lib/gcc/riscv32-unknown-elf/8.2.0/../../../../riscv32-unknown-elf/lib/libm.a(lib_a-e_rem_pio2.o)
                              /opt/riscv32i/lib/gcc/riscv32-unknown-elf/8.2.0/../../../../riscv32-unknown-elf/lib/libm.a(lib_a-s_cos.o) (__ieee754_rem_pio2)
/opt/riscv32i/lib/gcc/riscv32-unknown-elf/8.2.0/../../../../riscv32-unknown-elf/lib/libm.a(lib_a-e_sqrt.o)
                              /opt/riscv32i/lib/gcc/riscv32-unknown-elf/8.2.0/../../../../riscv32-unknown-elf/lib/libm.a(lib_a-w_sqrt.o) (__ieee754_sqrt)
/opt/riscv32i/lib/gcc/riscv32-unknown-elf/8.2.0/../../../../riscv32-unknown-elf/lib/libm.a(lib_a-k_cos.o)
                              /opt/riscv32i/lib/gcc/riscv32-unknown-elf/8.2.0/../../../../riscv32-unknown-elf/lib/libm.a(lib_a-s_cos.o) (__kernel_cos)
/opt/riscv32i/lib/gcc/riscv32-unknown-elf/8.2.0/../../../../riscv32-unknown-elf/lib/libm.a(lib_a-k_rem_pio2.o)
                              /opt/riscv32i/lib/gcc/riscv32-unknown-elf/8.2.0/../../../../riscv32-unknown-elf/lib/libm.a(lib_a-e_rem_pio2.o) (__kernel_rem_pio2)
/opt/riscv32i/lib/gcc/riscv32-unknown-elf/8.2.0/../../../../riscv32-unknown-elf/lib/libm.a(lib_a-k_sin.o)
                              /opt/riscv32i/lib/gcc/riscv32-unknown-elf/8.2.0/../../../../riscv32-unknown-elf/lib/libm.a(lib_a-s_cos.o) (__kernel_sin)
/opt/riscv32i/lib/gcc/riscv32-unknown-elf/8.2.0/../../../../riscv32-unknown-elf/lib/libm.a(lib_a-s_atan.o)
                              /opt/riscv32i/lib/gcc/riscv32-unknown-elf/8.2.0/../../../../riscv32-unknown-elf/lib/libm.a(lib_a-e_atan2.o) (atan)
/opt/riscv32i/lib/gcc/riscv32-unknown-elf/8.2.0/../../../../riscv32-unknown-elf/lib/libm.a(lib_a-s_fabs.o)
                              /opt/riscv32i/lib/gcc/riscv32-unknown-elf/8.2.0/../../../../riscv32-unknown-elf/lib/libm.a(lib_a-e_atan2.o) (fabs)
/opt/riscv32i/lib/gcc/riscv32-unknown-elf/8.2.0/../../../../riscv32-unknown-elf/lib/libm.a(lib_a-s_finite.o)
                              /opt/riscv32i/lib/gcc/riscv32-unknown-elf/8.2.0/../../../../riscv32-unknown-elf/lib/libm.a(lib_a-w_pow.o) (finite)
/opt/riscv32i/lib/gcc/riscv32-unknown-elf/8.2.0/../../../../riscv32-unknown-elf/lib/libm.a(lib_a-s_floor.o)
                              /opt/riscv32i/lib/gcc/riscv32-unknown-elf/8.2.0/../../../../riscv32-unknown-elf/lib/libm.a(lib_a-k_rem_pio2.o) (floor)
/opt/riscv32i/lib/gcc/riscv32-unknown-elf/8.2.0/../../../../riscv32-unknown-elf/lib/libm.a(lib_a-s_lib_ver.o)
                              /opt/riscv32i/lib/gcc/riscv32-unknown-elf/8.2.0/../../../../riscv32-unknown-elf/lib/libm.a(lib_a-w_pow.o) (__fdlib_version)
/opt/riscv32i/lib/gcc/riscv32-unknown-elf/8.2.0/../../../../riscv32-unknown-elf/lib/libm.a(lib_a-s_matherr.o)
                              /opt/riscv32i/lib/gcc/riscv32-unknown-elf/8.2.0/../../../../riscv32-unknown-elf/lib/libm.a(lib_a-w_pow.o) (matherr)
/opt/riscv32i/lib/gcc/riscv32-unknown-elf/8.2.0/../../../../riscv32-unknown-elf/lib/libm.a(lib_a-s_nan.o)
                              /opt/riscv32i/lib/gcc/riscv32-unknown-elf/8.2.0/../../../../riscv32-unknown-elf/lib/libm.a(lib_a-e_pow.o) (nan)
/opt/riscv32i/lib/gcc/riscv32-unknown-elf/8.2.0/../../../../riscv32-unknown-elf/lib/libm.a(lib_a-s_rint.o)
                              /opt/riscv32i/lib/gcc/riscv32-unknown-elf/8.2.0/../../../../riscv32-unknown-elf/lib/libm.a(lib_a-w_pow.o) (rint)
/opt/riscv32i/lib/gcc/riscv32-unknown-elf/8.2.0/../../../../riscv32-unknown-elf/lib/libm.a(lib_a-s_scalbn.o)
                              /opt/riscv32i/lib/gcc/riscv32-unknown-elf/8.2.0/../../../../riscv32-unknown-elf/lib/libm.a(lib_a-e_pow.o) (scalbn)
[...]
Memory Configuration

Name             Origin             Length             Attributes
FLASH            0x0000000000050000 0x0000000000100000 xr
RAM              0x0000000000000000 0x0000000000002000 xrw
*default*        0x0000000000000000 0xffffffffffffffff

Linker script and memory map


.text           0x0000000000050000     0x9270
                0x0000000000050000                . = ALIGN (0x4)
 *(.text)
 .text          0x0000000000050000      0x16c /tmp/cceLhbbB.o
 .text          0x000000000005016c     0x1786 /tmp/cc88kgBD.o
                0x000000000005016c                set_irq_mask
                0x0000000000050172                putchar
                0x00000000000501a4                print
                0x00000000000501da                print_hex
                0x000000000005025e                print_dec
                0x000000000005049a                reverse
                0x0000000000050524                intToStr
                0x00000000000505f6                ftoa
                0x0000000000050706                printf
                0x0000000000050752                readEncoders
                0x00000000000507bc                micros
                0x00000000000507d4                gradX
                0x0000000000050804                gradY
                0x0000000000050824                updateWheelsMovement
                0x0000000000050a0e                calcNewPosition
                0x0000000000050ce8                odometry
                0x0000000000050cfe                calcNewPoint
                0x0000000000050e50                calcControlVariables
                0x00000000000510d4                calcRefVelocities
                0x0000000000051292                controlOdometry
                0x00000000000512b0                control
                0x0000000000051506                analogWrite
                0x0000000000051526                moveCar
                0x000000000005164c                calcDistanceToEnd
                0x00000000000516de                stopCar
                0x0000000000051728                setup
                0x0000000000051774                loop
                0x0000000000051844                main
 *fill*         0x00000000000518f2        0x2 
 .text          0x00000000000518f4       0xac /opt/riscv32i/lib/gcc/riscv32-unknown-elf/8.2.0/../../../../riscv32-unknown-elf/lib/libm.a(lib_a-s_cos.o)
                0x00000000000518f4                cos
 .text          0x00000000000519a0       0xb4 /opt/riscv32i/lib/gcc/riscv32-unknown-elf/8.2.0/../../../../riscv32-unknown-elf/lib/libm.a(lib_a-s_sin.o)
                0x00000000000519a0                sin
 .text          0x0000000000051a54        0x4 /opt/riscv32i/lib/gcc/riscv32-unknown-elf/8.2.0/../../../../riscv32-unknown-elf/lib/libm.a(lib_a-w_atan2.o)
                0x0000000000051a54                atan2
 .text          0x0000000000051a58      0x474 /opt/riscv32i/lib/gcc/riscv32-unknown-elf/8.2.0/../../../../riscv32-unknown-elf/lib/libm.a(lib_a-w_pow.o)
                0x0000000000051a58                pow
 .text          0x0000000000051ecc      0x124 /opt/riscv32i/lib/gcc/riscv32-unknown-elf/8.2.0/../../../../riscv32-unknown-elf/lib/libm.a(lib_a-w_sqrt.o)
                0x0000000000051ecc                sqrt
 .text          0x0000000000051ff0      0x280 /opt/riscv32i/lib/gcc/riscv32-unknown-elf/8.2.0/../../../../riscv32-unknown-elf/lib/libm.a(lib_a-e_atan2.o)
                0x0000000000051ff0                __ieee754_atan2
 .text          0x0000000000052270      0xeb4 /opt/riscv32i/lib/gcc/riscv32-unknown-elf/8.2.0/../../../../riscv32-unknown-elf/lib/libm.a(lib_a-e_pow.o)
                0x0000000000052270                __ieee754_pow
 .text          0x0000000000053124      0x614 /opt/riscv32i/lib/gcc/riscv32-unknown-elf/8.2.0/../../../../riscv32-unknown-elf/lib/libm.a(lib_a-e_rem_pio2.o)
                0x0000000000053124                __ieee754_rem_pio2
 .text          0x0000000000053738      0x234 /opt/riscv32i/lib/gcc/riscv32-unknown-elf/8.2.0/../../../../riscv32-unknown-elf/lib/libm.a(lib_a-e_sqrt.o)
                0x0000000000053738                __ieee754_sqrt
 .text          0x000000000005396c      0x268 /opt/riscv32i/lib/gcc/riscv32-unknown-elf/8.2.0/../../../../riscv32-unknown-elf/lib/libm.a(lib_a-k_cos.o)
                0x000000000005396c                __kernel_cos
 .text          0x0000000000053bd4      0xaf8 /opt/riscv32i/lib/gcc/riscv32-unknown-elf/8.2.0/../../../../riscv32-unknown-elf/lib/libm.a(lib_a-k_rem_pio2.o)
                0x0000000000053bd4                __kernel_rem_pio2
 .text          0x00000000000546cc      0x264 /opt/riscv32i/lib/gcc/riscv32-unknown-elf/8.2.0/../../../../riscv32-unknown-elf/lib/libm.a(lib_a-k_sin.o)
                0x00000000000546cc                __kernel_sin
 .text          0x0000000000054930      0x44c /opt/riscv32i/lib/gcc/riscv32-unknown-elf/8.2.0/../../../../riscv32-unknown-elf/lib/libm.a(lib_a-s_atan.o)
                0x0000000000054930                atan
 .text          0x0000000000054d7c       0x18 /opt/riscv32i/lib/gcc/riscv32-unknown-elf/8.2.0/../../../../riscv32-unknown-elf/lib/libm.a(lib_a-s_fabs.o)
                0x0000000000054d7c                fabs
 .text          0x0000000000054d94       0x18 /opt/riscv32i/lib/gcc/riscv32-unknown-elf/8.2.0/../../../../riscv32-unknown-elf/lib/libm.a(lib_a-s_finite.o)
                0x0000000000054d94                finite
 .text          0x0000000000054dac      0x1b0 /opt/riscv32i/lib/gcc/riscv32-unknown-elf/8.2.0/../../../../riscv32-unknown-elf/lib/libm.a(lib_a-s_floor.o)
                0x0000000000054dac                floor
 .text          0x0000000000054f5c        0x0 /opt/riscv32i/lib/gcc/riscv32-unknown-elf/8.2.0/../../../../riscv32-unknown-elf/lib/libm.a(lib_a-s_lib_ver.o)
 .text          0x0000000000054f5c        0x8 /opt/riscv32i/lib/gcc/riscv32-unknown-elf/8.2.0/../../../../riscv32-unknown-elf/lib/libm.a(lib_a-s_matherr.o)
                0x0000000000054f5c                matherr
 .text          0x0000000000054f64       0x10 /opt/riscv32i/lib/gcc/riscv32-unknown-elf/8.2.0/../../../../riscv32-unknown-elf/lib/libm.a(lib_a-s_nan.o)
                0x0000000000054f64                nan
 .text          0x0000000000054f74      0x1fc /opt/riscv32i/lib/gcc/riscv32-unknown-elf/8.2.0/../../../../riscv32-unknown-elf/lib/libm.a(lib_a-s_rint.o)
                0x0000000000054f74                rint
 .text          0x0000000000055170      0x168 /opt/riscv32i/lib/gcc/riscv32-unknown-elf/8.2.0/../../../../riscv32-unknown-elf/lib/libm.a(lib_a-s_scalbn.o)
                0x0000000000055170                scalbn
 .text          0x00000000000552d8       0x24 /opt/riscv32i/lib/gcc/riscv32-unknown-elf/8.2.0/../../../../riscv32-unknown-elf/lib/libm.a(lib_a-s_copysign.o)
                0x00000000000552d8                copysign
 .text          0x00000000000552fc      0x7c0 /opt/riscv32i/lib/gcc/riscv32-unknown-elf/8.2.0/libgcc.a(adddf3.o)
                0x00000000000552fc                __adddf3
 .text          0x0000000000055abc      0x7d0 /opt/riscv32i/lib/gcc/riscv32-unknown-elf/8.2.0/libgcc.a(divdf3.o)
                0x0000000000055abc                __divdf3
 .text          0x000000000005628c       0x8c /opt/riscv32i/lib/gcc/riscv32-unknown-elf/8.2.0/libgcc.a(eqdf2.o)
                0x000000000005628c                __eqdf2
                0x000000000005628c                __nedf2
 .text          0x0000000000056318       0xe8 /opt/riscv32i/lib/gcc/riscv32-unknown-elf/8.2.0/libgcc.a(gedf2.o)
                0x0000000000056318                __gtdf2
                0x0000000000056318                __gedf2
 .text          0x0000000000056400       0xe8 /opt/riscv32i/lib/gcc/riscv32-unknown-elf/8.2.0/libgcc.a(ledf2.o)
                0x0000000000056400                __ltdf2
                0x0000000000056400                __ledf2
 .text          0x00000000000564e8      0x674 /opt/riscv32i/lib/gcc/riscv32-unknown-elf/8.2.0/libgcc.a(muldf3.o)
                0x00000000000564e8                __muldf3
 .text          0x0000000000056b5c      0x7c4 /opt/riscv32i/lib/gcc/riscv32-unknown-elf/8.2.0/libgcc.a(subdf3.o)
                0x0000000000056b5c                __subdf3
 .text          0x0000000000057320       0x4c /opt/riscv32i/lib/gcc/riscv32-unknown-elf/8.2.0/libgcc.a(unorddf2.o)
                0x0000000000057320                __unorddf2
 .text          0x000000000005736c       0x80 /opt/riscv32i/lib/gcc/riscv32-unknown-elf/8.2.0/libgcc.a(fixdfsi.o)
                0x000000000005736c                __fixdfsi
 .text          0x00000000000573ec       0xac /opt/riscv32i/lib/gcc/riscv32-unknown-elf/8.2.0/libgcc.a(floatsidf.o)
                0x00000000000573ec                __floatsidf
 .text          0x0000000000057498      0x42c /opt/riscv32i/lib/gcc/riscv32-unknown-elf/8.2.0/libgcc.a(addsf3.o)
                0x0000000000057498                __addsf3
 .text          0x00000000000578c4      0x384 /opt/riscv32i/lib/gcc/riscv32-unknown-elf/8.2.0/libgcc.a(divsf3.o)
                0x00000000000578c4                __divsf3
 .text          0x0000000000057c48       0x6c /opt/riscv32i/lib/gcc/riscv32-unknown-elf/8.2.0/libgcc.a(eqsf2.o)
                0x0000000000057c48                __nesf2
                0x0000000000057c48                __eqsf2
 .text          0x0000000000057cb4       0xbc /opt/riscv32i/lib/gcc/riscv32-unknown-elf/8.2.0/libgcc.a(lesf2.o)
                0x0000000000057cb4                __lesf2
                0x0000000000057cb4                __ltsf2
 .text          0x0000000000057d70      0x320 /opt/riscv32i/lib/gcc/riscv32-unknown-elf/8.2.0/libgcc.a(mulsf3.o)
                0x0000000000057d70                __mulsf3
 .text          0x0000000000058090      0x44c /opt/riscv32i/lib/gcc/riscv32-unknown-elf/8.2.0/libgcc.a(subsf3.o)
                0x0000000000058090                __subsf3
 .text          0x00000000000584dc       0x70 /opt/riscv32i/lib/gcc/riscv32-unknown-elf/8.2.0/libgcc.a(fixsfsi.o)
                0x00000000000584dc                __fixsfsi
 .text          0x000000000005854c      0x108 /opt/riscv32i/lib/gcc/riscv32-unknown-elf/8.2.0/libgcc.a(floatsisf.o)
                0x000000000005854c                __floatsisf
 .text          0x0000000000058654       0xdc /opt/riscv32i/lib/gcc/riscv32-unknown-elf/8.2.0/libgcc.a(extendsfdf2.o)
                0x0000000000058654                __extendsfdf2
 .text          0x0000000000058730      0x180 /opt/riscv32i/lib/gcc/riscv32-unknown-elf/8.2.0/libgcc.a(truncdfsf2.o)
                0x0000000000058730                __truncdfsf2
 .text          0x00000000000588b0       0x24 /opt/riscv32i/lib/gcc/riscv32-unknown-elf/8.2.0/libgcc.a(muldi3.o)
                0x00000000000588b0                __mulsi3
 .text          0x00000000000588d4       0xb4 /opt/riscv32i/lib/gcc/riscv32-unknown-elf/8.2.0/libgcc.a(div.o)
                0x00000000000588d4                __divsi3
                0x00000000000588dc                __udivsi3
                0x0000000000058924                __umodsi3
                0x0000000000058958                __modsi3
 .text          0x0000000000058988       0x4c /opt/riscv32i/lib/gcc/riscv32-unknown-elf/8.2.0/libgcc.a(_clzsi2.o)
                0x0000000000058988                __clzsi2
 .text          0x00000000000589d4        0x0 /opt/riscv32i/lib/gcc/riscv32-unknown-elf/8.2.0/libgcc.a(_clz.o)
 .text          0x00000000000589d4        0x8 /opt/riscv32i/lib/gcc/riscv32-unknown-elf/8.2.0/../../../../riscv32-unknown-elf/lib/libc.a(lib_a-errno.o)
                0x00000000000589d4                __errno
 .text          0x00000000000589dc        0x0 /opt/riscv32i/lib/gcc/riscv32-unknown-elf/8.2.0/../../../../riscv32-unknown-elf/lib/libc.a(lib_a-impure.o)
 *(.text*)
 *(.rodata)
 *fill*         0x00000000000589dc        0x4 
 .rodata        0x00000000000589e0      0x194 /tmp/cc88kgBD.o
 *fill*         0x0000000000058b74        0x4 
 .rodata        0x0000000000058b78       0x30 /opt/riscv32i/lib/gcc/riscv32-unknown-elf/8.2.0/../../../../riscv32-unknown-elf/lib/libm.a(lib_a-e_pow.o)
 .rodata        0x0000000000058ba8      0x188 /opt/riscv32i/lib/gcc/riscv32-unknown-elf/8.2.0/../../../../riscv32-unknown-elf/lib/libm.a(lib_a-e_rem_pio2.o)
 .rodata        0x0000000000058d30       0x50 /opt/riscv32i/lib/gcc/riscv32-unknown-elf/8.2.0/../../../../riscv32-unknown-elf/lib/libm.a(lib_a-k_rem_pio2.o)
 .rodata        0x0000000000058d80       0x40 /opt/riscv32i/lib/gcc/riscv32-unknown-elf/8.2.0/../../../../riscv32-unknown-elf/lib/libm.a(lib_a-s_atan.o)
 .rodata        0x0000000000058dc0       0x10 /opt/riscv32i/lib/gcc/riscv32-unknown-elf/8.2.0/../../../../riscv32-unknown-elf/lib/libm.a(lib_a-s_rint.o)
 .rodata        0x0000000000058dd0       0x3c /opt/riscv32i/lib/gcc/riscv32-unknown-elf/8.2.0/libgcc.a(divdf3.o)
 .rodata        0x0000000000058e0c       0x3c /opt/riscv32i/lib/gcc/riscv32-unknown-elf/8.2.0/libgcc.a(muldf3.o)
 .rodata        0x0000000000058e48       0x3c /opt/riscv32i/lib/gcc/riscv32-unknown-elf/8.2.0/libgcc.a(divsf3.o)
 .rodata        0x0000000000058e84       0x3c /opt/riscv32i/lib/gcc/riscv32-unknown-elf/8.2.0/libgcc.a(mulsf3.o)
 .rodata        0x0000000000058ec0      0x100 /opt/riscv32i/lib/gcc/riscv32-unknown-elf/8.2.0/libgcc.a(_clz.o)
                0x0000000000058ec0                __clz_tab
 *(.rodata*)
 .rodata.str1.4
                0x0000000000058fc0        0x4 /opt/riscv32i/lib/gcc/riscv32-unknown-elf/8.2.0/../../../../riscv32-unknown-elf/lib/libm.a(lib_a-w_pow.o)
 .rodata.str1.4
                0x0000000000058fc4        0x5 /opt/riscv32i/lib/gcc/riscv32-unknown-elf/8.2.0/../../../../riscv32-unknown-elf/lib/libm.a(lib_a-w_sqrt.o)
 .rodata.str1.4
                0x0000000000058fc9        0x8 /opt/riscv32i/lib/gcc/riscv32-unknown-elf/8.2.0/../../../../riscv32-unknown-elf/lib/libm.a(lib_a-e_pow.o)
                                          0x1 (size before relaxing)
 *(.srodata)
 *fill*         0x0000000000058fc9        0x3 
 .srodata       0x0000000000058fcc        0x4 /opt/riscv32i/lib/gcc/riscv32-unknown-elf/8.2.0/../../../../riscv32-unknown-elf/lib/libc.a(lib_a-impure.o)
                0x0000000000058fcc                _global_impure_ptr
 *(.srodata*)
 .srodata.cst8  0x0000000000058fd0       0x30 /opt/riscv32i/lib/gcc/riscv32-unknown-elf/8.2.0/../../../../riscv32-unknown-elf/lib/libm.a(lib_a-w_pow.o)
 .srodata.cst8  0x0000000000059000       0x50 /opt/riscv32i/lib/gcc/riscv32-unknown-elf/8.2.0/../../../../riscv32-unknown-elf/lib/libm.a(lib_a-e_atan2.o)
 .srodata.cst8  0x0000000000059050       0xe8 /opt/riscv32i/lib/gcc/riscv32-unknown-elf/8.2.0/../../../../riscv32-unknown-elf/lib/libm.a(lib_a-e_pow.o)
                                         0xf8 (size before relaxing)
 .srodata.cst8  0x0000000000059138       0x40 /opt/riscv32i/lib/gcc/riscv32-unknown-elf/8.2.0/../../../../riscv32-unknown-elf/lib/libm.a(lib_a-e_rem_pio2.o)
                                         0x48 (size before relaxing)
 .srodata.cst8  0x0000000000059178       0x38 /opt/riscv32i/lib/gcc/riscv32-unknown-elf/8.2.0/../../../../riscv32-unknown-elf/lib/libm.a(lib_a-k_cos.o)
                                         0x48 (size before relaxing)
 .srodata.cst8  0x00000000000591b0       0x18 /opt/riscv32i/lib/gcc/riscv32-unknown-elf/8.2.0/../../../../riscv32-unknown-elf/lib/libm.a(lib_a-k_rem_pio2.o)
                                         0x30 (size before relaxing)
 .srodata.cst8  0x00000000000591c8       0x30 /opt/riscv32i/lib/gcc/riscv32-unknown-elf/8.2.0/../../../../riscv32-unknown-elf/lib/libm.a(lib_a-k_sin.o)
                                         0x38 (size before relaxing)
 .srodata.cst8  0x00000000000591f8       0x60 /opt/riscv32i/lib/gcc/riscv32-unknown-elf/8.2.0/../../../../riscv32-unknown-elf/lib/libm.a(lib_a-s_atan.o)
                                         0x90 (size before relaxing)
 .srodata.cst8  0x0000000000059258        0x8 /opt/riscv32i/lib/gcc/riscv32-unknown-elf/8.2.0/../../../../riscv32-unknown-elf/lib/libm.a(lib_a-s_floor.o)
 .srodata.cst8  0x0000000000059258        0x8 /opt/riscv32i/lib/gcc/riscv32-unknown-elf/8.2.0/../../../../riscv32-unknown-elf/lib/libm.a(lib_a-s_nan.o)
 .srodata.cst8  0x0000000000059260       0x10 /opt/riscv32i/lib/gcc/riscv32-unknown-elf/8.2.0/../../../../riscv32-unknown-elf/lib/libm.a(lib_a-s_scalbn.o)
                                         0x20 (size before relaxing)
 *(.eh_frame)
 *(.eh_frame*)
                0x0000000000059270                . = ALIGN (0x4)
                0x0000000000059270                _etext = .
                0x0000000000059270                _sidata = _etext

.rela.dyn       0x0000000000059270        0x0
 .rela.text     0x0000000000059270        0x0 /tmp/cceLhbbB.o

.data           0x0000000000000000      0x44c load address 0x0000000000059270
                0x0000000000000000                . = ALIGN (0x4)
                0x0000000000000000                _sdata = .
                0x0000000000000000                _ram_start = .
 *(.data)
 .data          0x0000000000000000       0x14 /tmp/cceLhbbB.o
 .data          0x0000000000000014        0x0 /tmp/cc88kgBD.o
 .data          0x0000000000000014        0x0 /opt/riscv32i/lib/gcc/riscv32-unknown-elf/8.2.0/../../../../riscv32-unknown-elf/lib/libm.a(lib_a-s_cos.o)
 .data          0x0000000000000014        0x0 /opt/riscv32i/lib/gcc/riscv32-unknown-elf/8.2.0/../../../../riscv32-unknown-elf/lib/libm.a(lib_a-s_sin.o)
 .data          0x0000000000000014        0x0 /opt/riscv32i/lib/gcc/riscv32-unknown-elf/8.2.0/../../../../riscv32-unknown-elf/lib/libm.a(lib_a-w_atan2.o)
 .data          0x0000000000000014        0x0 /opt/riscv32i/lib/gcc/riscv32-unknown-elf/8.2.0/../../../../riscv32-unknown-elf/lib/libm.a(lib_a-w_pow.o)
 .data          0x0000000000000014        0x0 /opt/riscv32i/lib/gcc/riscv32-unknown-elf/8.2.0/../../../../riscv32-unknown-elf/lib/libm.a(lib_a-w_sqrt.o)
 .data          0x0000000000000014        0x0 /opt/riscv32i/lib/gcc/riscv32-unknown-elf/8.2.0/../../../../riscv32-unknown-elf/lib/libm.a(lib_a-e_atan2.o)
 .data          0x0000000000000014        0x0 /opt/riscv32i/lib/gcc/riscv32-unknown-elf/8.2.0/../../../../riscv32-unknown-elf/lib/libm.a(lib_a-e_pow.o)
 .data          0x0000000000000014        0x0 /opt/riscv32i/lib/gcc/riscv32-unknown-elf/8.2.0/../../../../riscv32-unknown-elf/lib/libm.a(lib_a-e_rem_pio2.o)
 .data          0x0000000000000014        0x0 /opt/riscv32i/lib/gcc/riscv32-unknown-elf/8.2.0/../../../../riscv32-unknown-elf/lib/libm.a(lib_a-e_sqrt.o)
 .data          0x0000000000000014        0x0 /opt/riscv32i/lib/gcc/riscv32-unknown-elf/8.2.0/../../../../riscv32-unknown-elf/lib/libm.a(lib_a-k_cos.o)
 .data          0x0000000000000014        0x0 /opt/riscv32i/lib/gcc/riscv32-unknown-elf/8.2.0/../../../../riscv32-unknown-elf/lib/libm.a(lib_a-k_rem_pio2.o)
 .data          0x0000000000000014        0x0 /opt/riscv32i/lib/gcc/riscv32-unknown-elf/8.2.0/../../../../riscv32-unknown-elf/lib/libm.a(lib_a-k_sin.o)
 .data          0x0000000000000014        0x0 /opt/riscv32i/lib/gcc/riscv32-unknown-elf/8.2.0/../../../../riscv32-unknown-elf/lib/libm.a(lib_a-s_atan.o)
 .data          0x0000000000000014        0x0 /opt/riscv32i/lib/gcc/riscv32-unknown-elf/8.2.0/../../../../riscv32-unknown-elf/lib/libm.a(lib_a-s_fabs.o)
 .data          0x0000000000000014        0x0 /opt/riscv32i/lib/gcc/riscv32-unknown-elf/8.2.0/../../../../riscv32-unknown-elf/lib/libm.a(lib_a-s_finite.o)
 .data          0x0000000000000014        0x0 /opt/riscv32i/lib/gcc/riscv32-unknown-elf/8.2.0/../../../../riscv32-unknown-elf/lib/libm.a(lib_a-s_floor.o)
 .data          0x0000000000000014        0x0 /opt/riscv32i/lib/gcc/riscv32-unknown-elf/8.2.0/../../../../riscv32-unknown-elf/lib/libm.a(lib_a-s_lib_ver.o)
 .data          0x0000000000000014        0x0 /opt/riscv32i/lib/gcc/riscv32-unknown-elf/8.2.0/../../../../riscv32-unknown-elf/lib/libm.a(lib_a-s_matherr.o)
 .data          0x0000000000000014        0x0 /opt/riscv32i/lib/gcc/riscv32-unknown-elf/8.2.0/../../../../riscv32-unknown-elf/lib/libm.a(lib_a-s_nan.o)
 .data          0x0000000000000014        0x0 /opt/riscv32i/lib/gcc/riscv32-unknown-elf/8.2.0/../../../../riscv32-unknown-elf/lib/libm.a(lib_a-s_rint.o)
 .data          0x0000000000000014        0x0 /opt/riscv32i/lib/gcc/riscv32-unknown-elf/8.2.0/../../../../riscv32-unknown-elf/lib/libm.a(lib_a-s_scalbn.o)
 .data          0x0000000000000014        0x0 /opt/riscv32i/lib/gcc/riscv32-unknown-elf/8.2.0/../../../../riscv32-unknown-elf/lib/libm.a(lib_a-s_copysign.o)
 .data          0x0000000000000014        0x0 /opt/riscv32i/lib/gcc/riscv32-unknown-elf/8.2.0/libgcc.a(adddf3.o)
 .data          0x0000000000000014        0x0 /opt/riscv32i/lib/gcc/riscv32-unknown-elf/8.2.0/libgcc.a(divdf3.o)
 .data          0x0000000000000014        0x0 /opt/riscv32i/lib/gcc/riscv32-unknown-elf/8.2.0/libgcc.a(eqdf2.o)
 .data          0x0000000000000014        0x0 /opt/riscv32i/lib/gcc/riscv32-unknown-elf/8.2.0/libgcc.a(gedf2.o)
 .data          0x0000000000000014        0x0 /opt/riscv32i/lib/gcc/riscv32-unknown-elf/8.2.0/libgcc.a(ledf2.o)
 .data          0x0000000000000014        0x0 /opt/riscv32i/lib/gcc/riscv32-unknown-elf/8.2.0/libgcc.a(muldf3.o)
 .data          0x0000000000000014        0x0 /opt/riscv32i/lib/gcc/riscv32-unknown-elf/8.2.0/libgcc.a(subdf3.o)
 .data          0x0000000000000014        0x0 /opt/riscv32i/lib/gcc/riscv32-unknown-elf/8.2.0/libgcc.a(unorddf2.o)
 .data          0x0000000000000014        0x0 /opt/riscv32i/lib/gcc/riscv32-unknown-elf/8.2.0/libgcc.a(fixdfsi.o)
 .data          0x0000000000000014        0x0 /opt/riscv32i/lib/gcc/riscv32-unknown-elf/8.2.0/libgcc.a(floatsidf.o)
 .data          0x0000000000000014        0x0 /opt/riscv32i/lib/gcc/riscv32-unknown-elf/8.2.0/libgcc.a(addsf3.o)
 .data          0x0000000000000014        0x0 /opt/riscv32i/lib/gcc/riscv32-unknown-elf/8.2.0/libgcc.a(divsf3.o)
 .data          0x0000000000000014        0x0 /opt/riscv32i/lib/gcc/riscv32-unknown-elf/8.2.0/libgcc.a(eqsf2.o)
 .data          0x0000000000000014        0x0 /opt/riscv32i/lib/gcc/riscv32-unknown-elf/8.2.0/libgcc.a(lesf2.o)
 .data          0x0000000000000014        0x0 /opt/riscv32i/lib/gcc/riscv32-unknown-elf/8.2.0/libgcc.a(mulsf3.o)
 .data          0x0000000000000014        0x0 /opt/riscv32i/lib/gcc/riscv32-unknown-elf/8.2.0/libgcc.a(subsf3.o)
 .data          0x0000000000000014        0x0 /opt/riscv32i/lib/gcc/riscv32-unknown-elf/8.2.0/libgcc.a(fixsfsi.o)
 .data          0x0000000000000014        0x0 /opt/riscv32i/lib/gcc/riscv32-unknown-elf/8.2.0/libgcc.a(floatsisf.o)
 .data          0x0000000000000014        0x0 /opt/riscv32i/lib/gcc/riscv32-unknown-elf/8.2.0/libgcc.a(extendsfdf2.o)
 .data          0x0000000000000014        0x0 /opt/riscv32i/lib/gcc/riscv32-unknown-elf/8.2.0/libgcc.a(truncdfsf2.o)
 .data          0x0000000000000014        0x0 /opt/riscv32i/lib/gcc/riscv32-unknown-elf/8.2.0/libgcc.a(muldi3.o)
 .data          0x0000000000000014        0x0 /opt/riscv32i/lib/gcc/riscv32-unknown-elf/8.2.0/libgcc.a(div.o)
 .data          0x0000000000000014        0x0 /opt/riscv32i/lib/gcc/riscv32-unknown-elf/8.2.0/libgcc.a(_clzsi2.o)
 .data          0x0000000000000014        0x0 /opt/riscv32i/lib/gcc/riscv32-unknown-elf/8.2.0/libgcc.a(_clz.o)
 .data          0x0000000000000014        0x0 /opt/riscv32i/lib/gcc/riscv32-unknown-elf/8.2.0/../../../../riscv32-unknown-elf/lib/libc.a(lib_a-errno.o)
 *fill*         0x0000000000000014        0x4 
 .data          0x0000000000000018      0x428 /opt/riscv32i/lib/gcc/riscv32-unknown-elf/8.2.0/../../../../riscv32-unknown-elf/lib/libc.a(lib_a-impure.o)
 *(.data*)
 *(.sdata)
 .sdata         0x0000000000000440        0x1 /tmp/cc88kgBD.o
                0x0000000000000440                reachedNewPoint
 *fill*         0x0000000000000441        0x3 
 .sdata         0x0000000000000444        0x4 /opt/riscv32i/lib/gcc/riscv32-unknown-elf/8.2.0/../../../../riscv32-unknown-elf/lib/libm.a(lib_a-s_lib_ver.o)
                0x0000000000000444                __fdlib_version
 .sdata         0x0000000000000448        0x4 /opt/riscv32i/lib/gcc/riscv32-unknown-elf/8.2.0/../../../../riscv32-unknown-elf/lib/libc.a(lib_a-impure.o)
                0x0000000000000448                _impure_ptr
 *(.sdata*)
 *(.init_array)
 *(.init_array*)
                0x000000000000044c                . = ALIGN (0x4)
                0x000000000000044c                _edata = .

.bss            0x000000000000044c      0x3c4 load address 0x00000000000596bc
                0x000000000000044c                . = ALIGN (0x4)
                0x000000000000044c                _sbss = .
 *(.bss)
 .bss           0x000000000000044c        0x0 /tmp/cceLhbbB.o
 .bss           0x000000000000044c        0x0 /tmp/cc88kgBD.o
 .bss           0x000000000000044c        0x0 /opt/riscv32i/lib/gcc/riscv32-unknown-elf/8.2.0/../../../../riscv32-unknown-elf/lib/libm.a(lib_a-s_cos.o)
 .bss           0x000000000000044c        0x0 /opt/riscv32i/lib/gcc/riscv32-unknown-elf/8.2.0/../../../../riscv32-unknown-elf/lib/libm.a(lib_a-s_sin.o)
 .bss           0x000000000000044c        0x0 /opt/riscv32i/lib/gcc/riscv32-unknown-elf/8.2.0/../../../../riscv32-unknown-elf/lib/libm.a(lib_a-w_atan2.o)
 .bss           0x000000000000044c        0x0 /opt/riscv32i/lib/gcc/riscv32-unknown-elf/8.2.0/../../../../riscv32-unknown-elf/lib/libm.a(lib_a-w_pow.o)
 .bss           0x000000000000044c        0x0 /opt/riscv32i/lib/gcc/riscv32-unknown-elf/8.2.0/../../../../riscv32-unknown-elf/lib/libm.a(lib_a-w_sqrt.o)
 .bss           0x000000000000044c        0x0 /opt/riscv32i/lib/gcc/riscv32-unknown-elf/8.2.0/../../../../riscv32-unknown-elf/lib/libm.a(lib_a-e_atan2.o)
 .bss           0x000000000000044c        0x0 /opt/riscv32i/lib/gcc/riscv32-unknown-elf/8.2.0/../../../../riscv32-unknown-elf/lib/libm.a(lib_a-e_pow.o)
 .bss           0x000000000000044c        0x0 /opt/riscv32i/lib/gcc/riscv32-unknown-elf/8.2.0/../../../../riscv32-unknown-elf/lib/libm.a(lib_a-e_rem_pio2.o)
 .bss           0x000000000000044c        0x0 /opt/riscv32i/lib/gcc/riscv32-unknown-elf/8.2.0/../../../../riscv32-unknown-elf/lib/libm.a(lib_a-e_sqrt.o)
 .bss           0x000000000000044c        0x0 /opt/riscv32i/lib/gcc/riscv32-unknown-elf/8.2.0/../../../../riscv32-unknown-elf/lib/libm.a(lib_a-k_cos.o)
 .bss           0x000000000000044c        0x0 /opt/riscv32i/lib/gcc/riscv32-unknown-elf/8.2.0/../../../../riscv32-unknown-elf/lib/libm.a(lib_a-k_rem_pio2.o)
 .bss           0x000000000000044c        0x0 /opt/riscv32i/lib/gcc/riscv32-unknown-elf/8.2.0/../../../../riscv32-unknown-elf/lib/libm.a(lib_a-k_sin.o)
 .bss           0x000000000000044c        0x0 /opt/riscv32i/lib/gcc/riscv32-unknown-elf/8.2.0/../../../../riscv32-unknown-elf/lib/libm.a(lib_a-s_atan.o)
 .bss           0x000000000000044c        0x0 /opt/riscv32i/lib/gcc/riscv32-unknown-elf/8.2.0/../../../../riscv32-unknown-elf/lib/libm.a(lib_a-s_fabs.o)
 .bss           0x000000000000044c        0x0 /opt/riscv32i/lib/gcc/riscv32-unknown-elf/8.2.0/../../../../riscv32-unknown-elf/lib/libm.a(lib_a-s_finite.o)
 .bss           0x000000000000044c        0x0 /opt/riscv32i/lib/gcc/riscv32-unknown-elf/8.2.0/../../../../riscv32-unknown-elf/lib/libm.a(lib_a-s_floor.o)
 .bss           0x000000000000044c        0x0 /opt/riscv32i/lib/gcc/riscv32-unknown-elf/8.2.0/../../../../riscv32-unknown-elf/lib/libm.a(lib_a-s_lib_ver.o)
 .bss           0x000000000000044c        0x0 /opt/riscv32i/lib/gcc/riscv32-unknown-elf/8.2.0/../../../../riscv32-unknown-elf/lib/libm.a(lib_a-s_matherr.o)
 .bss           0x000000000000044c        0x0 /opt/riscv32i/lib/gcc/riscv32-unknown-elf/8.2.0/../../../../riscv32-unknown-elf/lib/libm.a(lib_a-s_nan.o)
 .bss           0x000000000000044c        0x0 /opt/riscv32i/lib/gcc/riscv32-unknown-elf/8.2.0/../../../../riscv32-unknown-elf/lib/libm.a(lib_a-s_rint.o)
 .bss           0x000000000000044c        0x0 /opt/riscv32i/lib/gcc/riscv32-unknown-elf/8.2.0/../../../../riscv32-unknown-elf/lib/libm.a(lib_a-s_scalbn.o)
 .bss           0x000000000000044c        0x0 /opt/riscv32i/lib/gcc/riscv32-unknown-elf/8.2.0/../../../../riscv32-unknown-elf/lib/libm.a(lib_a-s_copysign.o)
 .bss           0x000000000000044c        0x0 /opt/riscv32i/lib/gcc/riscv32-unknown-elf/8.2.0/libgcc.a(adddf3.o)
 .bss           0x000000000000044c        0x0 /opt/riscv32i/lib/gcc/riscv32-unknown-elf/8.2.0/libgcc.a(divdf3.o)
 .bss           0x000000000000044c        0x0 /opt/riscv32i/lib/gcc/riscv32-unknown-elf/8.2.0/libgcc.a(eqdf2.o)
 .bss           0x000000000000044c        0x0 /opt/riscv32i/lib/gcc/riscv32-unknown-elf/8.2.0/libgcc.a(gedf2.o)
 .bss           0x000000000000044c        0x0 /opt/riscv32i/lib/gcc/riscv32-unknown-elf/8.2.0/libgcc.a(ledf2.o)
 .bss           0x000000000000044c        0x0 /opt/riscv32i/lib/gcc/riscv32-unknown-elf/8.2.0/libgcc.a(muldf3.o)
 .bss           0x000000000000044c        0x0 /opt/riscv32i/lib/gcc/riscv32-unknown-elf/8.2.0/libgcc.a(subdf3.o)
 .bss           0x000000000000044c        0x0 /opt/riscv32i/lib/gcc/riscv32-unknown-elf/8.2.0/libgcc.a(unorddf2.o)
 .bss           0x000000000000044c        0x0 /opt/riscv32i/lib/gcc/riscv32-unknown-elf/8.2.0/libgcc.a(fixdfsi.o)
 .bss           0x000000000000044c        0x0 /opt/riscv32i/lib/gcc/riscv32-unknown-elf/8.2.0/libgcc.a(floatsidf.o)
 .bss           0x000000000000044c        0x0 /opt/riscv32i/lib/gcc/riscv32-unknown-elf/8.2.0/libgcc.a(addsf3.o)
 .bss           0x000000000000044c        0x0 /opt/riscv32i/lib/gcc/riscv32-unknown-elf/8.2.0/libgcc.a(divsf3.o)
 .bss           0x000000000000044c        0x0 /opt/riscv32i/lib/gcc/riscv32-unknown-elf/8.2.0/libgcc.a(eqsf2.o)
 .bss           0x000000000000044c        0x0 /opt/riscv32i/lib/gcc/riscv32-unknown-elf/8.2.0/libgcc.a(lesf2.o)
 .bss           0x000000000000044c        0x0 /opt/riscv32i/lib/gcc/riscv32-unknown-elf/8.2.0/libgcc.a(mulsf3.o)
 .bss           0x000000000000044c        0x0 /opt/riscv32i/lib/gcc/riscv32-unknown-elf/8.2.0/libgcc.a(subsf3.o)
 .bss           0x000000000000044c        0x0 /opt/riscv32i/lib/gcc/riscv32-unknown-elf/8.2.0/libgcc.a(fixsfsi.o)
 .bss           0x000000000000044c        0x0 /opt/riscv32i/lib/gcc/riscv32-unknown-elf/8.2.0/libgcc.a(floatsisf.o)
 .bss           0x000000000000044c        0x0 /opt/riscv32i/lib/gcc/riscv32-unknown-elf/8.2.0/libgcc.a(extendsfdf2.o)
 .bss           0x000000000000044c        0x0 /opt/riscv32i/lib/gcc/riscv32-unknown-elf/8.2.0/libgcc.a(truncdfsf2.o)
 .bss           0x000000000000044c        0x0 /opt/riscv32i/lib/gcc/riscv32-unknown-elf/8.2.0/libgcc.a(muldi3.o)
 .bss           0x000000000000044c        0x0 /opt/riscv32i/lib/gcc/riscv32-unknown-elf/8.2.0/libgcc.a(div.o)
 .bss           0x000000000000044c        0x0 /opt/riscv32i/lib/gcc/riscv32-unknown-elf/8.2.0/libgcc.a(_clzsi2.o)
 .bss           0x000000000000044c        0x0 /opt/riscv32i/lib/gcc/riscv32-unknown-elf/8.2.0/libgcc.a(_clz.o)
 .bss           0x000000000000044c        0x0 /opt/riscv32i/lib/gcc/riscv32-unknown-elf/8.2.0/../../../../riscv32-unknown-elf/lib/libc.a(lib_a-errno.o)
 .bss           0x000000000000044c        0x0 /opt/riscv32i/lib/gcc/riscv32-unknown-elf/8.2.0/../../../../riscv32-unknown-elf/lib/libc.a(lib_a-impure.o)
 *(.bss*)
 *(.sbss)
 .sbss          0x000000000000044c       0x9c /tmp/cc88kgBD.o
                0x000000000000044c                timeToNewPoint
                0x0000000000000450                finish
                0x0000000000000451                countingTimeToEnd
                0x0000000000000454                timeToEnd
                0x0000000000000458                timeControl
                0x000000000000045c                pwmValIzq
                0x0000000000000460                pwmValDer
                0x0000000000000464                previousCountIzq
                0x0000000000000468                previousCountDer
                0x000000000000046c                timeCountSpeedIzq
                0x0000000000000470                timeCountSpeedDer
                0x0000000000000474                vRefDer
                0x0000000000000478                vRefIzq
                0x000000000000047c                errorIzq
                0x0000000000000480                prevErrIzq
                0x0000000000000484                errorSignalIzq
                0x0000000000000488                errorDer
                0x000000000000048c                prevErrDer
                0x0000000000000490                errorSignalDer
                0x0000000000000494                errorTime
                0x0000000000000498                curX
                0x000000000000049c                curY
                0x00000000000004a0                curTheta
                0x00000000000004a4                v
                0x00000000000004a8                w
                0x00000000000004ac                timePassedDer
                0x00000000000004b0                timePassedIzq
                0x00000000000004b4                speedIzq
                0x00000000000004b8                speedDer
                0x00000000000004bc                dsIzq
                0x00000000000004c0                dsDer
                0x00000000000004c4                ds
                0x00000000000004c8                dTheta
                0x00000000000004cc                rho
                0x00000000000004d0                alpha
                0x00000000000004d4                beta
                0x00000000000004d8                grad
                0x00000000000004e0                newX
                0x00000000000004e4                newY
 *(.sbss*)
 *(COMMON)
 COMMON         0x00000000000004e8      0x328 /tmp/cc88kgBD.o
                0x00000000000004e8                arr
                0x0000000000000808                integralErrorIzq
                0x000000000000080c                integralErrorDer
                0x0000000000000810                . = ALIGN (0x4)
                0x0000000000000810                _ebss = .

.heap           0x0000000000000810        0x0
                0x0000000000000810                . = ALIGN (0x4)
                0x0000000000000810                _heap_start = .
LOAD /tmp/cceLhbbB.o
LOAD /tmp/cc88kgBD.o
LOAD /opt/riscv32i/lib/gcc/riscv32-unknown-elf/8.2.0/../../../../riscv32-unknown-elf/lib/libm.a
LOAD /opt/riscv32i/lib/gcc/riscv32-unknown-elf/8.2.0/libgcc.a
START GROUP
LOAD /opt/riscv32i/lib/gcc/riscv32-unknown-elf/8.2.0/../../../../riscv32-unknown-elf/lib/libc.a
LOAD /opt/riscv32i/lib/gcc/riscv32-unknown-elf/8.2.0/../../../../riscv32-unknown-elf/lib/libgloss.a
END GROUP
LOAD /opt/riscv32i/lib/gcc/riscv32-unknown-elf/8.2.0/libgcc.a
OUTPUT(firmware.elf elf32-littleriscv)

.comment        0x0000000000000000       0x11
 .comment       0x0000000000000000       0x11 /tmp/cc88kgBD.o
                                         0x12 (size before relaxing)
 .comment       0x0000000000000011       0x12 /opt/riscv32i/lib/gcc/riscv32-unknown-elf/8.2.0/../../../../riscv32-unknown-elf/lib/libm.a(lib_a-s_cos.o)
 .comment       0x0000000000000011       0x12 /opt/riscv32i/lib/gcc/riscv32-unknown-elf/8.2.0/../../../../riscv32-unknown-elf/lib/libm.a(lib_a-s_sin.o)
 .comment       0x0000000000000011       0x12 /opt/riscv32i/lib/gcc/riscv32-unknown-elf/8.2.0/../../../../riscv32-unknown-elf/lib/libm.a(lib_a-w_atan2.o)
 .comment       0x0000000000000011       0x12 /opt/riscv32i/lib/gcc/riscv32-unknown-elf/8.2.0/../../../../riscv32-unknown-elf/lib/libm.a(lib_a-w_pow.o)
 .comment       0x0000000000000011       0x12 /opt/riscv32i/lib/gcc/riscv32-unknown-elf/8.2.0/../../../../riscv32-unknown-elf/lib/libm.a(lib_a-w_sqrt.o)
 .comment       0x0000000000000011       0x12 /opt/riscv32i/lib/gcc/riscv32-unknown-elf/8.2.0/../../../../riscv32-unknown-elf/lib/libm.a(lib_a-e_atan2.o)
 .comment       0x0000000000000011       0x12 /opt/riscv32i/lib/gcc/riscv32-unknown-elf/8.2.0/../../../../riscv32-unknown-elf/lib/libm.a(lib_a-e_pow.o)
 .comment       0x0000000000000011       0x12 /opt/riscv32i/lib/gcc/riscv32-unknown-elf/8.2.0/../../../../riscv32-unknown-elf/lib/libm.a(lib_a-e_rem_pio2.o)
 .comment       0x0000000000000011       0x12 /opt/riscv32i/lib/gcc/riscv32-unknown-elf/8.2.0/../../../../riscv32-unknown-elf/lib/libm.a(lib_a-e_sqrt.o)
 .comment       0x0000000000000011       0x12 /opt/riscv32i/lib/gcc/riscv32-unknown-elf/8.2.0/../../../../riscv32-unknown-elf/lib/libm.a(lib_a-k_cos.o)
 .comment       0x0000000000000011       0x12 /opt/riscv32i/lib/gcc/riscv32-unknown-elf/8.2.0/../../../../riscv32-unknown-elf/lib/libm.a(lib_a-k_rem_pio2.o)
 .comment       0x0000000000000011       0x12 /opt/riscv32i/lib/gcc/riscv32-unknown-elf/8.2.0/../../../../riscv32-unknown-elf/lib/libm.a(lib_a-k_sin.o)
 .comment       0x0000000000000011       0x12 /opt/riscv32i/lib/gcc/riscv32-unknown-elf/8.2.0/../../../../riscv32-unknown-elf/lib/libm.a(lib_a-s_atan.o)
 .comment       0x0000000000000011       0x12 /opt/riscv32i/lib/gcc/riscv32-unknown-elf/8.2.0/../../../../riscv32-unknown-elf/lib/libm.a(lib_a-s_fabs.o)
 .comment       0x0000000000000011       0x12 /opt/riscv32i/lib/gcc/riscv32-unknown-elf/8.2.0/../../../../riscv32-unknown-elf/lib/libm.a(lib_a-s_finite.o)
 .comment       0x0000000000000011       0x12 /opt/riscv32i/lib/gcc/riscv32-unknown-elf/8.2.0/../../../../riscv32-unknown-elf/lib/libm.a(lib_a-s_floor.o)
 .comment       0x0000000000000011       0x12 /opt/riscv32i/lib/gcc/riscv32-unknown-elf/8.2.0/../../../../riscv32-unknown-elf/lib/libm.a(lib_a-s_lib_ver.o)
 .comment       0x0000000000000011       0x12 /opt/riscv32i/lib/gcc/riscv32-unknown-elf/8.2.0/../../../../riscv32-unknown-elf/lib/libm.a(lib_a-s_matherr.o)
 .comment       0x0000000000000011       0x12 /opt/riscv32i/lib/gcc/riscv32-unknown-elf/8.2.0/../../../../riscv32-unknown-elf/lib/libm.a(lib_a-s_nan.o)
 .comment       0x0000000000000011       0x12 /opt/riscv32i/lib/gcc/riscv32-unknown-elf/8.2.0/../../../../riscv32-unknown-elf/lib/libm.a(lib_a-s_rint.o)
 .comment       0x0000000000000011       0x12 /opt/riscv32i/lib/gcc/riscv32-unknown-elf/8.2.0/../../../../riscv32-unknown-elf/lib/libm.a(lib_a-s_scalbn.o)
 .comment       0x0000000000000011       0x12 /opt/riscv32i/lib/gcc/riscv32-unknown-elf/8.2.0/../../../../riscv32-unknown-elf/lib/libm.a(lib_a-s_copysign.o)
 .comment       0x0000000000000011       0x12 /opt/riscv32i/lib/gcc/riscv32-unknown-elf/8.2.0/libgcc.a(adddf3.o)
 .comment       0x0000000000000011       0x12 /opt/riscv32i/lib/gcc/riscv32-unknown-elf/8.2.0/libgcc.a(divdf3.o)
 .comment       0x0000000000000011       0x12 /opt/riscv32i/lib/gcc/riscv32-unknown-elf/8.2.0/libgcc.a(eqdf2.o)
 .comment       0x0000000000000011       0x12 /opt/riscv32i/lib/gcc/riscv32-unknown-elf/8.2.0/libgcc.a(gedf2.o)
 .comment       0x0000000000000011       0x12 /opt/riscv32i/lib/gcc/riscv32-unknown-elf/8.2.0/libgcc.a(ledf2.o)
 .comment       0x0000000000000011       0x12 /opt/riscv32i/lib/gcc/riscv32-unknown-elf/8.2.0/libgcc.a(muldf3.o)
 .comment       0x0000000000000011       0x12 /opt/riscv32i/lib/gcc/riscv32-unknown-elf/8.2.0/libgcc.a(subdf3.o)
 .comment       0x0000000000000011       0x12 /opt/riscv32i/lib/gcc/riscv32-unknown-elf/8.2.0/libgcc.a(unorddf2.o)
 .comment       0x0000000000000011       0x12 /opt/riscv32i/lib/gcc/riscv32-unknown-elf/8.2.0/libgcc.a(fixdfsi.o)
 .comment       0x0000000000000011       0x12 /opt/riscv32i/lib/gcc/riscv32-unknown-elf/8.2.0/libgcc.a(floatsidf.o)
 .comment       0x0000000000000011       0x12 /opt/riscv32i/lib/gcc/riscv32-unknown-elf/8.2.0/libgcc.a(addsf3.o)
 .comment       0x0000000000000011       0x12 /opt/riscv32i/lib/gcc/riscv32-unknown-elf/8.2.0/libgcc.a(divsf3.o)
 .comment       0x0000000000000011       0x12 /opt/riscv32i/lib/gcc/riscv32-unknown-elf/8.2.0/libgcc.a(eqsf2.o)
 .comment       0x0000000000000011       0x12 /opt/riscv32i/lib/gcc/riscv32-unknown-elf/8.2.0/libgcc.a(lesf2.o)
 .comment       0x0000000000000011       0x12 /opt/riscv32i/lib/gcc/riscv32-unknown-elf/8.2.0/libgcc.a(mulsf3.o)
 .comment       0x0000000000000011       0x12 /opt/riscv32i/lib/gcc/riscv32-unknown-elf/8.2.0/libgcc.a(subsf3.o)
 .comment       0x0000000000000011       0x12 /opt/riscv32i/lib/gcc/riscv32-unknown-elf/8.2.0/libgcc.a(fixsfsi.o)
 .comment       0x0000000000000011       0x12 /opt/riscv32i/lib/gcc/riscv32-unknown-elf/8.2.0/libgcc.a(floatsisf.o)
 .comment       0x0000000000000011       0x12 /opt/riscv32i/lib/gcc/riscv32-unknown-elf/8.2.0/libgcc.a(extendsfdf2.o)
 .comment       0x0000000000000011       0x12 /opt/riscv32i/lib/gcc/riscv32-unknown-elf/8.2.0/libgcc.a(truncdfsf2.o)
 .comment       0x0000000000000011       0x12 /opt/riscv32i/lib/gcc/riscv32-unknown-elf/8.2.0/libgcc.a(_clzsi2.o)
 .comment       0x0000000000000011       0x12 /opt/riscv32i/lib/gcc/riscv32-unknown-elf/8.2.0/libgcc.a(_clz.o)
 .comment       0x0000000000000011       0x12 /opt/riscv32i/lib/gcc/riscv32-unknown-elf/8.2.0/../../../../riscv32-unknown-elf/lib/libc.a(lib_a-errno.o)
 .comment       0x0000000000000011       0x12 /opt/riscv32i/lib/gcc/riscv32-unknown-elf/8.2.0/../../../../riscv32-unknown-elf/lib/libc.a(lib_a-impure.o)

Cross Reference Table

Symbol                                            File
__adddf3                                          /opt/riscv32i/lib/gcc/riscv32-unknown-elf/8.2.0/libgcc.a(adddf3.o)
                                                  /opt/riscv32i/lib/gcc/riscv32-unknown-elf/8.2.0/../../../../riscv32-unknown-elf/lib/libm.a(lib_a-s_scalbn.o)
                                                  /opt/riscv32i/lib/gcc/riscv32-unknown-elf/8.2.0/../../../../riscv32-unknown-elf/lib/libm.a(lib_a-s_rint.o)
                                                  /opt/riscv32i/lib/gcc/riscv32-unknown-elf/8.2.0/../../../../riscv32-unknown-elf/lib/libm.a(lib_a-s_floor.o)
                                                  /opt/riscv32i/lib/gcc/riscv32-unknown-elf/8.2.0/../../../../riscv32-unknown-elf/lib/libm.a(lib_a-s_atan.o)
                                                  /opt/riscv32i/lib/gcc/riscv32-unknown-elf/8.2.0/../../../../riscv32-unknown-elf/lib/libm.a(lib_a-k_sin.o)
                                                  /opt/riscv32i/lib/gcc/riscv32-unknown-elf/8.2.0/../../../../riscv32-unknown-elf/lib/libm.a(lib_a-k_rem_pio2.o)
                                                  /opt/riscv32i/lib/gcc/riscv32-unknown-elf/8.2.0/../../../../riscv32-unknown-elf/lib/libm.a(lib_a-k_cos.o)
                                                  /opt/riscv32i/lib/gcc/riscv32-unknown-elf/8.2.0/../../../../riscv32-unknown-elf/lib/libm.a(lib_a-e_sqrt.o)
                                                  /opt/riscv32i/lib/gcc/riscv32-unknown-elf/8.2.0/../../../../riscv32-unknown-elf/lib/libm.a(lib_a-e_rem_pio2.o)
                                                  /opt/riscv32i/lib/gcc/riscv32-unknown-elf/8.2.0/../../../../riscv32-unknown-elf/lib/libm.a(lib_a-e_pow.o)
                                                  /opt/riscv32i/lib/gcc/riscv32-unknown-elf/8.2.0/../../../../riscv32-unknown-elf/lib/libm.a(lib_a-e_atan2.o)
                                                  /tmp/cc88kgBD.o
__addsf3                                          /opt/riscv32i/lib/gcc/riscv32-unknown-elf/8.2.0/libgcc.a(addsf3.o)
                                                  /tmp/cc88kgBD.o
__clz_tab                                         /opt/riscv32i/lib/gcc/riscv32-unknown-elf/8.2.0/libgcc.a(_clz.o)
                                                  /opt/riscv32i/lib/gcc/riscv32-unknown-elf/8.2.0/libgcc.a(_clzsi2.o)
__clzsi2                                          /opt/riscv32i/lib/gcc/riscv32-unknown-elf/8.2.0/libgcc.a(_clzsi2.o)
                                                  /opt/riscv32i/lib/gcc/riscv32-unknown-elf/8.2.0/libgcc.a(extendsfdf2.o)
                                                  /opt/riscv32i/lib/gcc/riscv32-unknown-elf/8.2.0/libgcc.a(floatsisf.o)
                                                  /opt/riscv32i/lib/gcc/riscv32-unknown-elf/8.2.0/libgcc.a(subsf3.o)
                                                  /opt/riscv32i/lib/gcc/riscv32-unknown-elf/8.2.0/libgcc.a(mulsf3.o)
                                                  /opt/riscv32i/lib/gcc/riscv32-unknown-elf/8.2.0/libgcc.a(divsf3.o)
                                                  /opt/riscv32i/lib/gcc/riscv32-unknown-elf/8.2.0/libgcc.a(addsf3.o)
                                                  /opt/riscv32i/lib/gcc/riscv32-unknown-elf/8.2.0/libgcc.a(floatsidf.o)
                                                  /opt/riscv32i/lib/gcc/riscv32-unknown-elf/8.2.0/libgcc.a(subdf3.o)
                                                  /opt/riscv32i/lib/gcc/riscv32-unknown-elf/8.2.0/libgcc.a(muldf3.o)
                                                  /opt/riscv32i/lib/gcc/riscv32-unknown-elf/8.2.0/libgcc.a(divdf3.o)
                                                  /opt/riscv32i/lib/gcc/riscv32-unknown-elf/8.2.0/libgcc.a(adddf3.o)
__divdf3                                          /opt/riscv32i/lib/gcc/riscv32-unknown-elf/8.2.0/libgcc.a(divdf3.o)
                                                  /opt/riscv32i/lib/gcc/riscv32-unknown-elf/8.2.0/../../../../riscv32-unknown-elf/lib/libm.a(lib_a-s_atan.o)
                                                  /opt/riscv32i/lib/gcc/riscv32-unknown-elf/8.2.0/../../../../riscv32-unknown-elf/lib/libm.a(lib_a-e_sqrt.o)
                                                  /opt/riscv32i/lib/gcc/riscv32-unknown-elf/8.2.0/../../../../riscv32-unknown-elf/lib/libm.a(lib_a-e_pow.o)
                                                  /opt/riscv32i/lib/gcc/riscv32-unknown-elf/8.2.0/../../../../riscv32-unknown-elf/lib/libm.a(lib_a-e_atan2.o)
                                                  /opt/riscv32i/lib/gcc/riscv32-unknown-elf/8.2.0/../../../../riscv32-unknown-elf/lib/libm.a(lib_a-w_sqrt.o)
                                                  /opt/riscv32i/lib/gcc/riscv32-unknown-elf/8.2.0/../../../../riscv32-unknown-elf/lib/libm.a(lib_a-w_pow.o)
                                                  /tmp/cc88kgBD.o
__divsf3                                          /opt/riscv32i/lib/gcc/riscv32-unknown-elf/8.2.0/libgcc.a(divsf3.o)
                                                  /tmp/cc88kgBD.o
__divsi3                                          /opt/riscv32i/lib/gcc/riscv32-unknown-elf/8.2.0/libgcc.a(div.o)
                                                  /opt/riscv32i/lib/gcc/riscv32-unknown-elf/8.2.0/../../../../riscv32-unknown-elf/lib/libm.a(lib_a-k_rem_pio2.o)
__eqdf2                                           /opt/riscv32i/lib/gcc/riscv32-unknown-elf/8.2.0/libgcc.a(eqdf2.o)
                                                  /opt/riscv32i/lib/gcc/riscv32-unknown-elf/8.2.0/../../../../riscv32-unknown-elf/lib/libm.a(lib_a-k_rem_pio2.o)
                                                  /opt/riscv32i/lib/gcc/riscv32-unknown-elf/8.2.0/../../../../riscv32-unknown-elf/lib/libm.a(lib_a-e_rem_pio2.o)
                                                  /opt/riscv32i/lib/gcc/riscv32-unknown-elf/8.2.0/../../../../riscv32-unknown-elf/lib/libm.a(lib_a-w_pow.o)
__eqsf2                                           /opt/riscv32i/lib/gcc/riscv32-unknown-elf/8.2.0/libgcc.a(eqsf2.o)
                                                  /tmp/cc88kgBD.o
__errno                                           /opt/riscv32i/lib/gcc/riscv32-unknown-elf/8.2.0/../../../../riscv32-unknown-elf/lib/libc.a(lib_a-errno.o)
                                                  /opt/riscv32i/lib/gcc/riscv32-unknown-elf/8.2.0/../../../../riscv32-unknown-elf/lib/libm.a(lib_a-w_sqrt.o)
                                                  /opt/riscv32i/lib/gcc/riscv32-unknown-elf/8.2.0/../../../../riscv32-unknown-elf/lib/libm.a(lib_a-w_pow.o)
__extendsfdf2                                     /opt/riscv32i/lib/gcc/riscv32-unknown-elf/8.2.0/libgcc.a(extendsfdf2.o)
                                                  /tmp/cc88kgBD.o
__fdlib_version                                   /opt/riscv32i/lib/gcc/riscv32-unknown-elf/8.2.0/../../../../riscv32-unknown-elf/lib/libm.a(lib_a-s_lib_ver.o)
                                                  /opt/riscv32i/lib/gcc/riscv32-unknown-elf/8.2.0/../../../../riscv32-unknown-elf/lib/libm.a(lib_a-w_sqrt.o)
                                                  /opt/riscv32i/lib/gcc/riscv32-unknown-elf/8.2.0/../../../../riscv32-unknown-elf/lib/libm.a(lib_a-w_pow.o)
__fixdfsi                                         /opt/riscv32i/lib/gcc/riscv32-unknown-elf/8.2.0/libgcc.a(fixdfsi.o)
                                                  /opt/riscv32i/lib/gcc/riscv32-unknown-elf/8.2.0/../../../../riscv32-unknown-elf/lib/libm.a(lib_a-k_sin.o)
                                                  /opt/riscv32i/lib/gcc/riscv32-unknown-elf/8.2.0/../../../../riscv32-unknown-elf/lib/libm.a(lib_a-k_rem_pio2.o)
                                                  /opt/riscv32i/lib/gcc/riscv32-unknown-elf/8.2.0/../../../../riscv32-unknown-elf/lib/libm.a(lib_a-k_cos.o)
                                                  /opt/riscv32i/lib/gcc/riscv32-unknown-elf/8.2.0/../../../../riscv32-unknown-elf/lib/libm.a(lib_a-e_rem_pio2.o)
__fixsfsi                                         /opt/riscv32i/lib/gcc/riscv32-unknown-elf/8.2.0/libgcc.a(fixsfsi.o)
                                                  /tmp/cc88kgBD.o
__floatsidf                                       /opt/riscv32i/lib/gcc/riscv32-unknown-elf/8.2.0/libgcc.a(floatsidf.o)
                                                  /opt/riscv32i/lib/gcc/riscv32-unknown-elf/8.2.0/../../../../riscv32-unknown-elf/lib/libm.a(lib_a-k_rem_pio2.o)
                                                  /opt/riscv32i/lib/gcc/riscv32-unknown-elf/8.2.0/../../../../riscv32-unknown-elf/lib/libm.a(lib_a-e_rem_pio2.o)
                                                  /opt/riscv32i/lib/gcc/riscv32-unknown-elf/8.2.0/../../../../riscv32-unknown-elf/lib/libm.a(lib_a-e_pow.o)
                                                  /tmp/cc88kgBD.o
__floatsisf                                       /opt/riscv32i/lib/gcc/riscv32-unknown-elf/8.2.0/libgcc.a(floatsisf.o)
                                                  /tmp/cc88kgBD.o
__gedf2                                           /opt/riscv32i/lib/gcc/riscv32-unknown-elf/8.2.0/libgcc.a(gedf2.o)
                                                  /opt/riscv32i/lib/gcc/riscv32-unknown-elf/8.2.0/../../../../riscv32-unknown-elf/lib/libm.a(lib_a-k_rem_pio2.o)
                                                  /opt/riscv32i/lib/gcc/riscv32-unknown-elf/8.2.0/../../../../riscv32-unknown-elf/lib/libm.a(lib_a-e_pow.o)
__gtdf2                                           /opt/riscv32i/lib/gcc/riscv32-unknown-elf/8.2.0/libgcc.a(gedf2.o)
                                                  /opt/riscv32i/lib/gcc/riscv32-unknown-elf/8.2.0/../../../../riscv32-unknown-elf/lib/libm.a(lib_a-s_floor.o)
                                                  /opt/riscv32i/lib/gcc/riscv32-unknown-elf/8.2.0/../../../../riscv32-unknown-elf/lib/libm.a(lib_a-s_atan.o)
                                                  /opt/riscv32i/lib/gcc/riscv32-unknown-elf/8.2.0/../../../../riscv32-unknown-elf/lib/libm.a(lib_a-e_pow.o)
                                                  /tmp/cc88kgBD.o
__ieee754_atan2                                   /opt/riscv32i/lib/gcc/riscv32-unknown-elf/8.2.0/../../../../riscv32-unknown-elf/lib/libm.a(lib_a-e_atan2.o)
                                                  /opt/riscv32i/lib/gcc/riscv32-unknown-elf/8.2.0/../../../../riscv32-unknown-elf/lib/libm.a(lib_a-w_atan2.o)
__ieee754_pow                                     /opt/riscv32i/lib/gcc/riscv32-unknown-elf/8.2.0/../../../../riscv32-unknown-elf/lib/libm.a(lib_a-e_pow.o)
                                                  /opt/riscv32i/lib/gcc/riscv32-unknown-elf/8.2.0/../../../../riscv32-unknown-elf/lib/libm.a(lib_a-w_pow.o)
__ieee754_rem_pio2                                /opt/riscv32i/lib/gcc/riscv32-unknown-elf/8.2.0/../../../../riscv32-unknown-elf/lib/libm.a(lib_a-e_rem_pio2.o)
                                                  /opt/riscv32i/lib/gcc/riscv32-unknown-elf/8.2.0/../../../../riscv32-unknown-elf/lib/libm.a(lib_a-s_sin.o)
                                                  /opt/riscv32i/lib/gcc/riscv32-unknown-elf/8.2.0/../../../../riscv32-unknown-elf/lib/libm.a(lib_a-s_cos.o)
__ieee754_sqrt                                    /opt/riscv32i/lib/gcc/riscv32-unknown-elf/8.2.0/../../../../riscv32-unknown-elf/lib/libm.a(lib_a-e_sqrt.o)
                                                  /opt/riscv32i/lib/gcc/riscv32-unknown-elf/8.2.0/../../../../riscv32-unknown-elf/lib/libm.a(lib_a-e_pow.o)
                                                  /opt/riscv32i/lib/gcc/riscv32-unknown-elf/8.2.0/../../../../riscv32-unknown-elf/lib/libm.a(lib_a-w_sqrt.o)
__kernel_cos                                      /opt/riscv32i/lib/gcc/riscv32-unknown-elf/8.2.0/../../../../riscv32-unknown-elf/lib/libm.a(lib_a-k_cos.o)
                                                  /opt/riscv32i/lib/gcc/riscv32-unknown-elf/8.2.0/../../../../riscv32-unknown-elf/lib/libm.a(lib_a-s_sin.o)
                                                  /opt/riscv32i/lib/gcc/riscv32-unknown-elf/8.2.0/../../../../riscv32-unknown-elf/lib/libm.a(lib_a-s_cos.o)
__kernel_rem_pio2                                 /opt/riscv32i/lib/gcc/riscv32-unknown-elf/8.2.0/../../../../riscv32-unknown-elf/lib/libm.a(lib_a-k_rem_pio2.o)
                                                  /opt/riscv32i/lib/gcc/riscv32-unknown-elf/8.2.0/../../../../riscv32-unknown-elf/lib/libm.a(lib_a-e_rem_pio2.o)
__kernel_sin                                      /opt/riscv32i/lib/gcc/riscv32-unknown-elf/8.2.0/../../../../riscv32-unknown-elf/lib/libm.a(lib_a-k_sin.o)
                                                  /opt/riscv32i/lib/gcc/riscv32-unknown-elf/8.2.0/../../../../riscv32-unknown-elf/lib/libm.a(lib_a-s_sin.o)
                                                  /opt/riscv32i/lib/gcc/riscv32-unknown-elf/8.2.0/../../../../riscv32-unknown-elf/lib/libm.a(lib_a-s_cos.o)
__ledf2                                           /opt/riscv32i/lib/gcc/riscv32-unknown-elf/8.2.0/libgcc.a(ledf2.o)
                                                  /tmp/cc88kgBD.o
__lesf2                                           /opt/riscv32i/lib/gcc/riscv32-unknown-elf/8.2.0/libgcc.a(lesf2.o)
__ltdf2                                           /opt/riscv32i/lib/gcc/riscv32-unknown-elf/8.2.0/libgcc.a(ledf2.o)
                                                  /opt/riscv32i/lib/gcc/riscv32-unknown-elf/8.2.0/../../../../riscv32-unknown-elf/lib/libm.a(lib_a-w_sqrt.o)
                                                  /opt/riscv32i/lib/gcc/riscv32-unknown-elf/8.2.0/../../../../riscv32-unknown-elf/lib/libm.a(lib_a-w_pow.o)
                                                  /tmp/cc88kgBD.o
__ltsf2                                           /opt/riscv32i/lib/gcc/riscv32-unknown-elf/8.2.0/libgcc.a(lesf2.o)
                                                  /tmp/cc88kgBD.o
__modsi3                                          /opt/riscv32i/lib/gcc/riscv32-unknown-elf/8.2.0/libgcc.a(div.o)
__muldf3                                          /opt/riscv32i/lib/gcc/riscv32-unknown-elf/8.2.0/libgcc.a(muldf3.o)
                                                  /opt/riscv32i/lib/gcc/riscv32-unknown-elf/8.2.0/../../../../riscv32-unknown-elf/lib/libm.a(lib_a-s_scalbn.o)
                                                  /opt/riscv32i/lib/gcc/riscv32-unknown-elf/8.2.0/../../../../riscv32-unknown-elf/lib/libm.a(lib_a-s_atan.o)
                                                  /opt/riscv32i/lib/gcc/riscv32-unknown-elf/8.2.0/../../../../riscv32-unknown-elf/lib/libm.a(lib_a-k_sin.o)
                                                  /opt/riscv32i/lib/gcc/riscv32-unknown-elf/8.2.0/../../../../riscv32-unknown-elf/lib/libm.a(lib_a-k_rem_pio2.o)
                                                  /opt/riscv32i/lib/gcc/riscv32-unknown-elf/8.2.0/../../../../riscv32-unknown-elf/lib/libm.a(lib_a-k_cos.o)
                                                  /opt/riscv32i/lib/gcc/riscv32-unknown-elf/8.2.0/../../../../riscv32-unknown-elf/lib/libm.a(lib_a-e_sqrt.o)
                                                  /opt/riscv32i/lib/gcc/riscv32-unknown-elf/8.2.0/../../../../riscv32-unknown-elf/lib/libm.a(lib_a-e_rem_pio2.o)
                                                  /opt/riscv32i/lib/gcc/riscv32-unknown-elf/8.2.0/../../../../riscv32-unknown-elf/lib/libm.a(lib_a-e_pow.o)
                                                  /opt/riscv32i/lib/gcc/riscv32-unknown-elf/8.2.0/../../../../riscv32-unknown-elf/lib/libm.a(lib_a-w_pow.o)
                                                  /tmp/cc88kgBD.o
__mulsf3                                          /opt/riscv32i/lib/gcc/riscv32-unknown-elf/8.2.0/libgcc.a(mulsf3.o)
                                                  /tmp/cc88kgBD.o
__mulsi3                                          /opt/riscv32i/lib/gcc/riscv32-unknown-elf/8.2.0/libgcc.a(muldi3.o)
                                                  /opt/riscv32i/lib/gcc/riscv32-unknown-elf/8.2.0/libgcc.a(mulsf3.o)
                                                  /opt/riscv32i/lib/gcc/riscv32-unknown-elf/8.2.0/libgcc.a(divsf3.o)
                                                  /opt/riscv32i/lib/gcc/riscv32-unknown-elf/8.2.0/libgcc.a(muldf3.o)
                                                  /opt/riscv32i/lib/gcc/riscv32-unknown-elf/8.2.0/libgcc.a(divdf3.o)
__nedf2                                           /opt/riscv32i/lib/gcc/riscv32-unknown-elf/8.2.0/libgcc.a(eqdf2.o)
                                                  /opt/riscv32i/lib/gcc/riscv32-unknown-elf/8.2.0/../../../../riscv32-unknown-elf/lib/libm.a(lib_a-w_pow.o)
__nesf2                                           /opt/riscv32i/lib/gcc/riscv32-unknown-elf/8.2.0/libgcc.a(eqsf2.o)
__subdf3                                          /opt/riscv32i/lib/gcc/riscv32-unknown-elf/8.2.0/libgcc.a(subdf3.o)
                                                  /opt/riscv32i/lib/gcc/riscv32-unknown-elf/8.2.0/../../../../riscv32-unknown-elf/lib/libm.a(lib_a-s_rint.o)
                                                  /opt/riscv32i/lib/gcc/riscv32-unknown-elf/8.2.0/../../../../riscv32-unknown-elf/lib/libm.a(lib_a-s_atan.o)
                                                  /opt/riscv32i/lib/gcc/riscv32-unknown-elf/8.2.0/../../../../riscv32-unknown-elf/lib/libm.a(lib_a-k_sin.o)
                                                  /opt/riscv32i/lib/gcc/riscv32-unknown-elf/8.2.0/../../../../riscv32-unknown-elf/lib/libm.a(lib_a-k_rem_pio2.o)
                                                  /opt/riscv32i/lib/gcc/riscv32-unknown-elf/8.2.0/../../../../riscv32-unknown-elf/lib/libm.a(lib_a-k_cos.o)
                                                  /opt/riscv32i/lib/gcc/riscv32-unknown-elf/8.2.0/../../../../riscv32-unknown-elf/lib/libm.a(lib_a-e_sqrt.o)
                                                  /opt/riscv32i/lib/gcc/riscv32-unknown-elf/8.2.0/../../../../riscv32-unknown-elf/lib/libm.a(lib_a-e_rem_pio2.o)
                                                  /opt/riscv32i/lib/gcc/riscv32-unknown-elf/8.2.0/../../../../riscv32-unknown-elf/lib/libm.a(lib_a-e_pow.o)
                                                  /opt/riscv32i/lib/gcc/riscv32-unknown-elf/8.2.0/../../../../riscv32-unknown-elf/lib/libm.a(lib_a-e_atan2.o)
                                                  /opt/riscv32i/lib/gcc/riscv32-unknown-elf/8.2.0/../../../../riscv32-unknown-elf/lib/libm.a(lib_a-s_sin.o)
                                                  /opt/riscv32i/lib/gcc/riscv32-unknown-elf/8.2.0/../../../../riscv32-unknown-elf/lib/libm.a(lib_a-s_cos.o)
                                                  /tmp/cc88kgBD.o
__subsf3                                          /opt/riscv32i/lib/gcc/riscv32-unknown-elf/8.2.0/libgcc.a(subsf3.o)
                                                  /tmp/cc88kgBD.o
__truncdfsf2                                      /opt/riscv32i/lib/gcc/riscv32-unknown-elf/8.2.0/libgcc.a(truncdfsf2.o)
                                                  /tmp/cc88kgBD.o
__udivsi3                                         /opt/riscv32i/lib/gcc/riscv32-unknown-elf/8.2.0/libgcc.a(div.o)
                                                  /opt/riscv32i/lib/gcc/riscv32-unknown-elf/8.2.0/libgcc.a(divsf3.o)
                                                  /opt/riscv32i/lib/gcc/riscv32-unknown-elf/8.2.0/libgcc.a(divdf3.o)
__umodsi3                                         /opt/riscv32i/lib/gcc/riscv32-unknown-elf/8.2.0/libgcc.a(div.o)
                                                  /opt/riscv32i/lib/gcc/riscv32-unknown-elf/8.2.0/libgcc.a(divsf3.o)
                                                  /opt/riscv32i/lib/gcc/riscv32-unknown-elf/8.2.0/libgcc.a(divdf3.o)
__unorddf2                                        /opt/riscv32i/lib/gcc/riscv32-unknown-elf/8.2.0/libgcc.a(unorddf2.o)
                                                  /opt/riscv32i/lib/gcc/riscv32-unknown-elf/8.2.0/../../../../riscv32-unknown-elf/lib/libm.a(lib_a-w_sqrt.o)
                                                  /opt/riscv32i/lib/gcc/riscv32-unknown-elf/8.2.0/../../../../riscv32-unknown-elf/lib/libm.a(lib_a-w_pow.o)
_ebss                                             /tmp/cc88kgBD.o
_global_impure_ptr                                /opt/riscv32i/lib/gcc/riscv32-unknown-elf/8.2.0/../../../../riscv32-unknown-elf/lib/libc.a(lib_a-impure.o)
_impure_ptr                                       /opt/riscv32i/lib/gcc/riscv32-unknown-elf/8.2.0/../../../../riscv32-unknown-elf/lib/libc.a(lib_a-impure.o)
                                                  /opt/riscv32i/lib/gcc/riscv32-unknown-elf/8.2.0/../../../../riscv32-unknown-elf/lib/libc.a(lib_a-errno.o)
_sbss                                             /tmp/cc88kgBD.o
alpha                                             /tmp/cc88kgBD.o
analogWrite                                       /tmp/cc88kgBD.o
arr                                               /tmp/cc88kgBD.o
atan                                              /opt/riscv32i/lib/gcc/riscv32-unknown-elf/8.2.0/../../../../riscv32-unknown-elf/lib/libm.a(lib_a-s_atan.o)
                                                  /opt/riscv32i/lib/gcc/riscv32-unknown-elf/8.2.0/../../../../riscv32-unknown-elf/lib/libm.a(lib_a-e_atan2.o)
atan2                                             /opt/riscv32i/lib/gcc/riscv32-unknown-elf/8.2.0/../../../../riscv32-unknown-elf/lib/libm.a(lib_a-w_atan2.o)
                                                  /tmp/cc88kgBD.o
beta                                              /tmp/cc88kgBD.o
calcControlVariables                              /tmp/cc88kgBD.o
calcDistanceToEnd                                 /tmp/cc88kgBD.o
calcNewPoint                                      /tmp/cc88kgBD.o
calcNewPosition                                   /tmp/cc88kgBD.o
calcRefVelocities                                 /tmp/cc88kgBD.o
control                                           /tmp/cc88kgBD.o
controlOdometry                                   /tmp/cc88kgBD.o
copysign                                          /opt/riscv32i/lib/gcc/riscv32-unknown-elf/8.2.0/../../../../riscv32-unknown-elf/lib/libm.a(lib_a-s_copysign.o)
                                                  /opt/riscv32i/lib/gcc/riscv32-unknown-elf/8.2.0/../../../../riscv32-unknown-elf/lib/libm.a(lib_a-s_scalbn.o)
cos                                               /opt/riscv32i/lib/gcc/riscv32-unknown-elf/8.2.0/../../../../riscv32-unknown-elf/lib/libm.a(lib_a-s_cos.o)
                                                  /tmp/cc88kgBD.o
countingTimeToEnd                                 /tmp/cc88kgBD.o
curTheta                                          /tmp/cc88kgBD.o
curX                                              /tmp/cc88kgBD.o
curY                                              /tmp/cc88kgBD.o
dTheta                                            /tmp/cc88kgBD.o
debug                                             /tmp/cceLhbbB.o
ds                                                /tmp/cc88kgBD.o
dsDer                                             /tmp/cc88kgBD.o
dsIzq                                             /tmp/cc88kgBD.o
errorDer                                          /tmp/cc88kgBD.o
errorIzq                                          /tmp/cc88kgBD.o
errorSignalDer                                    /tmp/cc88kgBD.o
errorSignalIzq                                    /tmp/cc88kgBD.o
errorTime                                         /tmp/cc88kgBD.o
fabs                                              /opt/riscv32i/lib/gcc/riscv32-unknown-elf/8.2.0/../../../../riscv32-unknown-elf/lib/libm.a(lib_a-s_fabs.o)
                                                  /opt/riscv32i/lib/gcc/riscv32-unknown-elf/8.2.0/../../../../riscv32-unknown-elf/lib/libm.a(lib_a-s_atan.o)
                                                  /opt/riscv32i/lib/gcc/riscv32-unknown-elf/8.2.0/../../../../riscv32-unknown-elf/lib/libm.a(lib_a-e_rem_pio2.o)
                                                  /opt/riscv32i/lib/gcc/riscv32-unknown-elf/8.2.0/../../../../riscv32-unknown-elf/lib/libm.a(lib_a-e_pow.o)
                                                  /opt/riscv32i/lib/gcc/riscv32-unknown-elf/8.2.0/../../../../riscv32-unknown-elf/lib/libm.a(lib_a-e_atan2.o)
finish                                            /tmp/cc88kgBD.o
finite                                            /opt/riscv32i/lib/gcc/riscv32-unknown-elf/8.2.0/../../../../riscv32-unknown-elf/lib/libm.a(lib_a-s_finite.o)
                                                  /opt/riscv32i/lib/gcc/riscv32-unknown-elf/8.2.0/../../../../riscv32-unknown-elf/lib/libm.a(lib_a-w_pow.o)
floor                                             /opt/riscv32i/lib/gcc/riscv32-unknown-elf/8.2.0/../../../../riscv32-unknown-elf/lib/libm.a(lib_a-s_floor.o)
                                                  /opt/riscv32i/lib/gcc/riscv32-unknown-elf/8.2.0/../../../../riscv32-unknown-elf/lib/libm.a(lib_a-k_rem_pio2.o)
ftoa                                              /tmp/cc88kgBD.o
grad                                              /tmp/cc88kgBD.o
gradX                                             /tmp/cc88kgBD.o
gradY                                             /tmp/cc88kgBD.o
intToStr                                          /tmp/cc88kgBD.o
integralErrorDer                                  /tmp/cc88kgBD.o
integralErrorIzq                                  /tmp/cc88kgBD.o
loop                                              /tmp/cc88kgBD.o
main                                              /tmp/cc88kgBD.o
                                                  /tmp/cceLhbbB.o
matherr                                           /opt/riscv32i/lib/gcc/riscv32-unknown-elf/8.2.0/../../../../riscv32-unknown-elf/lib/libm.a(lib_a-s_matherr.o)
                                                  /opt/riscv32i/lib/gcc/riscv32-unknown-elf/8.2.0/../../../../riscv32-unknown-elf/lib/libm.a(lib_a-w_sqrt.o)
                                                  /opt/riscv32i/lib/gcc/riscv32-unknown-elf/8.2.0/../../../../riscv32-unknown-elf/lib/libm.a(lib_a-w_pow.o)
micros                                            /tmp/cc88kgBD.o
moveCar                                           /tmp/cc88kgBD.o
nan                                               /opt/riscv32i/lib/gcc/riscv32-unknown-elf/8.2.0/../../../../riscv32-unknown-elf/lib/libm.a(lib_a-s_nan.o)
                                                  /opt/riscv32i/lib/gcc/riscv32-unknown-elf/8.2.0/../../../../riscv32-unknown-elf/lib/libm.a(lib_a-e_pow.o)
newX                                              /tmp/cc88kgBD.o
newY                                              /tmp/cc88kgBD.o
odometry                                          /tmp/cc88kgBD.o
pow                                               /opt/riscv32i/lib/gcc/riscv32-unknown-elf/8.2.0/../../../../riscv32-unknown-elf/lib/libm.a(lib_a-w_pow.o)
                                                  /tmp/cc88kgBD.o
prevErrDer                                        /tmp/cc88kgBD.o
prevErrIzq                                        /tmp/cc88kgBD.o
previousCountDer                                  /tmp/cc88kgBD.o
previousCountIzq                                  /tmp/cc88kgBD.o
print                                             /tmp/cc88kgBD.o
print_dec                                         /tmp/cc88kgBD.o
print_hex                                         /tmp/cc88kgBD.o
printf                                            /tmp/cc88kgBD.o
putchar                                           /tmp/cc88kgBD.o
pwmValDer                                         /tmp/cc88kgBD.o
pwmValIzq                                         /tmp/cc88kgBD.o
reachedNewPoint                                   /tmp/cc88kgBD.o
readEncoders                                      /tmp/cc88kgBD.o
reverse                                           /tmp/cc88kgBD.o
rho                                               /tmp/cc88kgBD.o
rint                                              /opt/riscv32i/lib/gcc/riscv32-unknown-elf/8.2.0/../../../../riscv32-unknown-elf/lib/libm.a(lib_a-s_rint.o)
                                                  /opt/riscv32i/lib/gcc/riscv32-unknown-elf/8.2.0/../../../../riscv32-unknown-elf/lib/libm.a(lib_a-w_pow.o)
scalbn                                            /opt/riscv32i/lib/gcc/riscv32-unknown-elf/8.2.0/../../../../riscv32-unknown-elf/lib/libm.a(lib_a-s_scalbn.o)
                                                  /opt/riscv32i/lib/gcc/riscv32-unknown-elf/8.2.0/../../../../riscv32-unknown-elf/lib/libm.a(lib_a-k_rem_pio2.o)
                                                  /opt/riscv32i/lib/gcc/riscv32-unknown-elf/8.2.0/../../../../riscv32-unknown-elf/lib/libm.a(lib_a-e_pow.o)
set_irq_mask                                      /tmp/cc88kgBD.o
setup                                             /tmp/cc88kgBD.o
sin                                               /opt/riscv32i/lib/gcc/riscv32-unknown-elf/8.2.0/../../../../riscv32-unknown-elf/lib/libm.a(lib_a-s_sin.o)
                                                  /tmp/cc88kgBD.o
speedDer                                          /tmp/cc88kgBD.o
speedIzq                                          /tmp/cc88kgBD.o
sqrt                                              /opt/riscv32i/lib/gcc/riscv32-unknown-elf/8.2.0/../../../../riscv32-unknown-elf/lib/libm.a(lib_a-w_sqrt.o)
                                                  /tmp/cc88kgBD.o
stopCar                                           /tmp/cc88kgBD.o
timeControl                                       /tmp/cc88kgBD.o
timeCountSpeedDer                                 /tmp/cc88kgBD.o
timeCountSpeedIzq                                 /tmp/cc88kgBD.o
timePassedDer                                     /tmp/cc88kgBD.o
timePassedIzq                                     /tmp/cc88kgBD.o
timeToEnd                                         /tmp/cc88kgBD.o
timeToNewPoint                                    /tmp/cc88kgBD.o
updateWheelsMovement                              /tmp/cc88kgBD.o
v                                                 /tmp/cc88kgBD.o
vRefDer                                           /tmp/cc88kgBD.o
vRefIzq                                           /tmp/cc88kgBD.o
w                                                 /tmp/cc88kgBD.o
